../Core/Inc/Autofox_INA226.c:86:6:AutoFox_INA226_Constructor	16	static
../Core/Inc/Autofox_INA226.c:97:8:AutoFox_INA226_Init	48	static
../Core/Inc/Autofox_INA226.c:139:8:AutoFox_INA226_setupCalibration	48	static
../Core/Inc/Autofox_INA226.c:162:8:AutoFox_INA226_CheckI2cAddress	16	static
../Core/Inc/Autofox_INA226.c:183:8:AutoFox_INA226_ReadRegister	40	static
../Core/Inc/Autofox_INA226.c:215:8:AutoFox_INA226_WriteRegister	32	static
../Core/Inc/Autofox_INA226.c:240:9:AutoFox_INA226_GetShuntVoltage_uV	24	static
../Core/Inc/Autofox_INA226.c:255:9:AutoFox_INA226_GetBusVoltage_uV	24	static
../Core/Inc/Autofox_INA226.c:263:9:AutoFox_INA226_GetCurrent_uA	24	static
../Core/Inc/Autofox_INA226.c:270:9:AutoFox_INA226_GetPower_uW	24	static
../Core/Inc/Autofox_INA226.c:279:8:AutoFox_INA226_Hibernate	24	static
../Core/Inc/Autofox_INA226.c:292:8:AutoFox_INA226_Wakeup	24	static
../Core/Inc/Autofox_INA226.c:309:8:AutoFox_INA226_SetOperatingMode	24	static
../Core/Inc/Autofox_INA226.c:321:9:AutoFox_INA226_ConfigureAlertPinTrigger	32	static
../Core/Inc/Autofox_INA226.c:384:8:AutoFox_INA226_ResetAlertPin	24	static
../Core/Inc/Autofox_INA226.c:403:8:AutoFox_INA226_ConfigureVoltageConversionTime	24	static
../Core/Inc/Autofox_INA226.c:425:8:AutoFox_INA226_ConfigureNumSampleAveraging	24	static
../Core/Inc/Autofox_INA226.c:443:8:AutoFox_INA226_Debug_GetConfigRegister	16	static
