../Core/Inc/Autofox_INA226.c:90:6:AutoFox_INA226_Constructor	16	static
../Core/Inc/Autofox_INA226.c:101:8:AutoFox_INA226_Init	48	static
../Core/Inc/Autofox_INA226.c:143:8:AutoFox_INA226_setupCalibration	48	static
../Core/Inc/Autofox_INA226.c:166:8:AutoFox_INA226_CheckI2cAddress	16	static
../Core/Inc/Autofox_INA226.c:187:8:AutoFox_INA226_ReadRegister	40	static
../Core/Inc/Autofox_INA226.c:219:8:AutoFox_INA226_WriteRegister	32	static
../Core/Inc/Autofox_INA226.c:244:9:AutoFox_INA226_GetShuntVoltage_uV	24	static
../Core/Inc/Autofox_INA226.c:259:9:AutoFox_INA226_GetBusVoltage_uV	24	static
../Core/Inc/Autofox_INA226.c:267:9:AutoFox_INA226_GetCurrent_uA	24	static
../Core/Inc/Autofox_INA226.c:275:9:AutoFox_INA226_GetPower_uW	24	static
../Core/Inc/Autofox_INA226.c:284:8:AutoFox_INA226_Hibernate	24	static
../Core/Inc/Autofox_INA226.c:297:8:AutoFox_INA226_Wakeup	24	static
../Core/Inc/Autofox_INA226.c:314:8:AutoFox_INA226_SetOperatingMode	24	static
../Core/Inc/Autofox_INA226.c:326:9:AutoFox_INA226_ConfigureAlertPinTrigger	32	static
../Core/Inc/Autofox_INA226.c:389:8:AutoFox_INA226_ResetAlertPin	24	static
../Core/Inc/Autofox_INA226.c:408:8:AutoFox_INA226_ConfigureVoltageConversionTime	24	static
../Core/Inc/Autofox_INA226.c:430:8:AutoFox_INA226_ConfigureNumSampleAveraging	24	static
../Core/Inc/Autofox_INA226.c:448:8:AutoFox_INA226_Debug_GetConfigRegister	16	static
