../Core/Inc/VL6180X.c:30:6:VL6180X_Init	16	static
../Core/Inc/VL6180X.c:54:6:VL6180X_setAddress	16	static
../Core/Inc/VL6180X.c:69:9:VL6180X_getAddress	4	static
../Core/Inc/VL6180X.c:79:6:loadSettings	8	static
../Core/Inc/VL6180X.c:136:9:VL6180X_readRange	16	static
../Core/Inc/VL6180X.c:168:6:VL6180X_startRange	8	static
../Core/Inc/VL6180X.c:186:6:VL6180X_isRangeComplete	8	static
../Core/Inc/VL6180X.c:202:6:VL6180X_waitRangeComplete	8	static
../Core/Inc/VL6180X.c:220:9:VL6180X_readRangeResult	16	static
../Core/Inc/VL6180X.c:239:6:VL6180X_startRangeContinuous	24	static
../Core/Inc/VL6180X.c:260:6:VL6180X_stopRangeContinuous	8	static
../Core/Inc/VL6180X.c:273:9:VL6180X_readRangeStatus	8	static
../Core/Inc/VL6180X.c:285:7:VL6180X_readLux	24	static
../Core/Inc/VL6180X.c:355:9:read8	32	static
../Core/Inc/VL6180X.c:368:10:read16	32	static
../Core/Inc/VL6180X.c:380:6:write8	32	static
../Core/Inc/VL6180X.c:386:6:write16	32	static
