../Core/Src/main.c:304:5:main	120	static
../Core/Src/main.c:785:6:SystemClock_Config	88	static
../Core/Src/main.c:832:13:MX_ADC1_Init	24	static
../Core/Src/main.c:884:13:MX_I2C2_Init	8	static
../Core/Src/main.c:918:13:MX_TIM1_Init	56	static
../Core/Src/main.c:968:13:MX_TIM2_Init	56	static
../Core/Src/main.c:1017:13:MX_TIM3_Init	56	static
../Core/Src/main.c:1066:13:MX_TIM4_Init	64	static
../Core/Src/main.c:1133:13:MX_TIM5_Init	32	static
../Core/Src/main.c:1178:13:MX_USART1_UART_Init	8	static
../Core/Src/main.c:1211:13:MX_USART6_UART_Init	8	static
../Core/Src/main.c:1244:13:MX_GPIO_Init	48	static
../Core/Src/main.c:1358:6:HAL_UART_RxCpltCallback	16	static
../Core/Src/main.c:1374:6:HAL_GPIO_EXTI_Callback	16	static
../Core/Src/main.c:1388:6:HAL_TIM_PeriodElapsedCallback	24	static
../Core/Src/main.c:1481:10:micros	12	static
../Core/Src/main.c:1485:6:hx711_delay_us	24	static
../Core/Src/main.c:1491:6:hx711_lock	16	static
../Core/Src/main.c:1497:6:hx711_unlock	16	static
../Core/Src/main.c:1501:6:hx711_init	48	static
../Core/Src/main.c:1526:9:hx711_value	32	static
../Core/Src/main.c:1560:9:hx711_value_ave	56	static
../Core/Src/main.c:1572:6:hx711_tare	48	static
../Core/Src/main.c:1596:6:hx711_calibration	24	static
../Core/Src/main.c:1607:7:hx711_weight	48	static
../Core/Src/main.c:1719:6:hx711_coef_set	24	static
../Core/Src/main.c:1724:7:hx711_coef_get	16	static
../Core/Src/main.c:1733:6:hx711_power_down	16	static
../Core/Src/main.c:1739:6:hx711_power_up	16	static
../Core/Src/main.c:1743:6:tcaselect	32	static
../Core/Src/main.c:1750:6:setResistance	24	static
../Core/Src/main.c:1776:7:EncoderVelocity_Update	96	static
../Core/Src/main.c:1816:6:limitswitchlowpass	8	static
../Core/Src/main.c:1854:6:distancemeasurement	8	static
../Core/Src/main.c:1876:6:velocitymeasurement	16	static
../Core/Src/main.c:1886:6:gotoposition	16	static
../Core/Src/main.c:1933:6:setzero	4	static
../Core/Src/main.c:1981:6:pwmdrive	8	static
../Core/Src/main.c:2005:6:loadcell_flushing	16	static
../Core/Src/main.c:2023:6:laser	32	static
../Core/Src/main.c:2047:6:currentcontrol	16	static
../Core/Src/main.c:2068:6:ADCPollingMethodInit	4	static
../Core/Src/main.c:2078:6:ADCPollingMethodUpdate	16	static
../Core/Src/main.c:2087:6:buttonfunction	16	static
../Core/Src/main.c:2136:6:Error_Handler	4	static,ignoring_inline_asm
