../Core/Src/main.c:262:5:main	96	static
../Core/Src/main.c:642:6:SystemClock_Config	88	static
../Core/Src/main.c:687:13:MX_I2C2_Init	8	static
../Core/Src/main.c:721:13:MX_TIM1_Init	56	static
../Core/Src/main.c:771:13:MX_TIM2_Init	56	static
../Core/Src/main.c:820:13:MX_TIM3_Init	56	static
../Core/Src/main.c:869:13:MX_TIM4_Init	64	static
../Core/Src/main.c:936:13:MX_TIM5_Init	32	static
../Core/Src/main.c:981:13:MX_USART1_UART_Init	8	static
../Core/Src/main.c:1014:13:MX_USART6_UART_Init	8	static
../Core/Src/main.c:1047:13:MX_GPIO_Init	48	static
../Core/Src/main.c:1147:6:HAL_UART_RxCpltCallback	16	static
../Core/Src/main.c:1151:6:HAL_GPIO_EXTI_Callback	16	static
../Core/Src/main.c:1161:6:HAL_TIM_PeriodElapsedCallback	24	static
../Core/Src/main.c:1254:10:micros	12	static
../Core/Src/main.c:1258:6:hx711_delay_us	24	static
../Core/Src/main.c:1264:6:hx711_lock	16	static
../Core/Src/main.c:1270:6:hx711_unlock	16	static
../Core/Src/main.c:1274:6:hx711_init	48	static
../Core/Src/main.c:1299:9:hx711_value	32	static
../Core/Src/main.c:1333:9:hx711_value_ave	56	static
../Core/Src/main.c:1345:6:hx711_tare	48	static
../Core/Src/main.c:1369:6:hx711_calibration	24	static
../Core/Src/main.c:1380:7:hx711_weight	48	static
../Core/Src/main.c:1492:6:hx711_coef_set	24	static
../Core/Src/main.c:1497:7:hx711_coef_get	16	static
../Core/Src/main.c:1506:6:hx711_power_down	16	static
../Core/Src/main.c:1512:6:hx711_power_up	16	static
../Core/Src/main.c:1516:6:tcaselect	32	static
../Core/Src/main.c:1523:6:setResistance	24	static
../Core/Src/main.c:1549:7:EncoderVelocity_Update	96	static
../Core/Src/main.c:1589:6:limitswitchlowpass	8	static
../Core/Src/main.c:1627:6:distancemeasurement	8	static
../Core/Src/main.c:1649:6:velocitymeasurement	16	static
../Core/Src/main.c:1659:6:gotoposition	16	static
../Core/Src/main.c:1706:6:setzero	4	static
../Core/Src/main.c:1754:6:pwmdrive	8	static
../Core/Src/main.c:1771:6:Error_Handler	4	static,ignoring_inline_asm
