main.c:256:5:main	56	static
main.c:593:6:SystemClock_Config	88	static
main.c:635:13:MX_I2C2_Init	8	static
main.c:667:13:MX_TIM1_Init	56	static
main.c:715:13:MX_TIM2_Init	56	static
main.c:762:13:MX_TIM3_Init	56	static
main.c:809:13:MX_TIM4_Init	64	static
main.c:872:13:MX_TIM5_Init	32	static
main.c:914:13:MX_USART1_UART_Init	8	static
main.c:945:13:MX_USART6_UART_Init	8	static
main.c:976:13:MX_GPIO_Init	48	static
main.c:1070:6:HAL_GPIO_EXTI_Callback	16	static
main.c:1080:6:HAL_TIM_PeriodElapsedCallback	24	static
main.c:1173:10:micros	12	static
main.c:1177:6:hx711_delay_us	24	static
main.c:1183:6:hx711_lock	16	static
main.c:1189:6:hx711_unlock	16	static
main.c:1193:6:hx711_init	48	static
main.c:1218:9:hx711_value	32	static
main.c:1252:9:hx711_value_ave	40	static
main.c:1264:6:hx711_tare	48	static
main.c:1288:6:hx711_calibration	24	static
main.c:1299:7:hx711_weight	48	static
main.c:1411:6:hx711_coef_set	24	static
main.c:1416:7:hx711_coef_get	16	static
main.c:1425:6:hx711_power_down	16	static
main.c:1431:6:hx711_power_up	16	static
main.c:1435:6:tcaselect	32	static
main.c:1442:6:setResistance	24	static
main.c:1468:7:EncoderVelocity_Update	96	static
main.c:1508:6:limitswitchlowpass	8	static
main.c:1546:6:distancemeasurement	8	static
main.c:1568:6:velocitymeasurement	16	static
main.c:1578:6:gotoposition	16	static
main.c:1625:6:setzero	4	static
main.c:1673:6:pwmdrive	8	static
main.c:1690:6:Error_Handler	4	static,ignoring_inline_asm
