Archive member included to satisfy reference by file (symbol)

c:/stm32cubeide_1.6.1/stm32cubeide/plugins/com.st.stm32cube.ide.mcu.externaltools.gnu-tools-for-stm32.9-2020-q2-update.win32_2.0.0.202105311346/tools/bin/../lib/gcc/arm-none-eabi/9.3.1/../../../../arm-none-eabi/lib/thumb/v7e-m+fp/hard\libc_nano.a(lib_a-errno.o)
                              ./Core/Src/syscalls.o (__errno)
c:/stm32cubeide_1.6.1/stm32cubeide/plugins/com.st.stm32cube.ide.mcu.externaltools.gnu-tools-for-stm32.9-2020-q2-update.win32_2.0.0.202105311346/tools/bin/../lib/gcc/arm-none-eabi/9.3.1/../../../../arm-none-eabi/lib/thumb/v7e-m+fp/hard\libc_nano.a(lib_a-exit.o)
                              c:/stm32cubeide_1.6.1/stm32cubeide/plugins/com.st.stm32cube.ide.mcu.externaltools.gnu-tools-for-stm32.9-2020-q2-update.win32_2.0.0.202105311346/tools/bin/../lib/gcc/arm-none-eabi/9.3.1/../../../../arm-none-eabi/lib/thumb/v7e-m+fp/hard/crt0.o (exit)
c:/stm32cubeide_1.6.1/stm32cubeide/plugins/com.st.stm32cube.ide.mcu.externaltools.gnu-tools-for-stm32.9-2020-q2-update.win32_2.0.0.202105311346/tools/bin/../lib/gcc/arm-none-eabi/9.3.1/../../../../arm-none-eabi/lib/thumb/v7e-m+fp/hard\libc_nano.a(lib_a-impure.o)
                              c:/stm32cubeide_1.6.1/stm32cubeide/plugins/com.st.stm32cube.ide.mcu.externaltools.gnu-tools-for-stm32.9-2020-q2-update.win32_2.0.0.202105311346/tools/bin/../lib/gcc/arm-none-eabi/9.3.1/../../../../arm-none-eabi/lib/thumb/v7e-m+fp/hard\libc_nano.a(lib_a-exit.o) (_global_impure_ptr)
c:/stm32cubeide_1.6.1/stm32cubeide/plugins/com.st.stm32cube.ide.mcu.externaltools.gnu-tools-for-stm32.9-2020-q2-update.win32_2.0.0.202105311346/tools/bin/../lib/gcc/arm-none-eabi/9.3.1/../../../../arm-none-eabi/lib/thumb/v7e-m+fp/hard\libc_nano.a(lib_a-init.o)
                              c:/stm32cubeide_1.6.1/stm32cubeide/plugins/com.st.stm32cube.ide.mcu.externaltools.gnu-tools-for-stm32.9-2020-q2-update.win32_2.0.0.202105311346/tools/bin/../lib/gcc/arm-none-eabi/9.3.1/../../../../arm-none-eabi/lib/thumb/v7e-m+fp/hard/crt0.o (__libc_init_array)
c:/stm32cubeide_1.6.1/stm32cubeide/plugins/com.st.stm32cube.ide.mcu.externaltools.gnu-tools-for-stm32.9-2020-q2-update.win32_2.0.0.202105311346/tools/bin/../lib/gcc/arm-none-eabi/9.3.1/../../../../arm-none-eabi/lib/thumb/v7e-m+fp/hard\libc_nano.a(lib_a-memset.o)
                              c:/stm32cubeide_1.6.1/stm32cubeide/plugins/com.st.stm32cube.ide.mcu.externaltools.gnu-tools-for-stm32.9-2020-q2-update.win32_2.0.0.202105311346/tools/bin/../lib/gcc/arm-none-eabi/9.3.1/../../../../arm-none-eabi/lib/thumb/v7e-m+fp/hard/crt0.o (memset)
c:/stm32cubeide_1.6.1/stm32cubeide/plugins/com.st.stm32cube.ide.mcu.externaltools.gnu-tools-for-stm32.9-2020-q2-update.win32_2.0.0.202105311346/tools/bin/../lib/gcc/arm-none-eabi/9.3.1/../../../../arm-none-eabi/lib/thumb/v7e-m+fp/hard\libm.a(lib_a-s_ceil.o)
                              ./Core/Inc/Autofox_INA226.o (ceil)
c:/stm32cubeide_1.6.1/stm32cubeide/plugins/com.st.stm32cube.ide.mcu.externaltools.gnu-tools-for-stm32.9-2020-q2-update.win32_2.0.0.202105311346/tools/bin/../lib/gcc/arm-none-eabi/9.3.1/thumb/v7e-m+fp/hard\libgcc.a(_arm_muldf3.o)
                              ./Core/Inc/Autofox_INA226.o (__aeabi_dmul)
c:/stm32cubeide_1.6.1/stm32cubeide/plugins/com.st.stm32cube.ide.mcu.externaltools.gnu-tools-for-stm32.9-2020-q2-update.win32_2.0.0.202105311346/tools/bin/../lib/gcc/arm-none-eabi/9.3.1/thumb/v7e-m+fp/hard\libgcc.a(_arm_addsubdf3.o)
                              ./Core/Src/main.o (__aeabi_dsub)
c:/stm32cubeide_1.6.1/stm32cubeide/plugins/com.st.stm32cube.ide.mcu.externaltools.gnu-tools-for-stm32.9-2020-q2-update.win32_2.0.0.202105311346/tools/bin/../lib/gcc/arm-none-eabi/9.3.1/thumb/v7e-m+fp/hard\libgcc.a(_arm_muldivdf3.o)
                              ./Core/Inc/Autofox_INA226.o (__aeabi_ddiv)
c:/stm32cubeide_1.6.1/stm32cubeide/plugins/com.st.stm32cube.ide.mcu.externaltools.gnu-tools-for-stm32.9-2020-q2-update.win32_2.0.0.202105311346/tools/bin/../lib/gcc/arm-none-eabi/9.3.1/thumb/v7e-m+fp/hard\libgcc.a(_arm_cmpdf2.o)
                              ./Core/Src/main.o (__aeabi_dcmple)
c:/stm32cubeide_1.6.1/stm32cubeide/plugins/com.st.stm32cube.ide.mcu.externaltools.gnu-tools-for-stm32.9-2020-q2-update.win32_2.0.0.202105311346/tools/bin/../lib/gcc/arm-none-eabi/9.3.1/thumb/v7e-m+fp/hard\libgcc.a(_arm_fixdfsi.o)
                              ./Core/Inc/Autofox_INA226.o (__aeabi_d2iz)
c:/stm32cubeide_1.6.1/stm32cubeide/plugins/com.st.stm32cube.ide.mcu.externaltools.gnu-tools-for-stm32.9-2020-q2-update.win32_2.0.0.202105311346/tools/bin/../lib/gcc/arm-none-eabi/9.3.1/thumb/v7e-m+fp/hard\libgcc.a(_arm_fixunsdfsi.o)
                              ./Core/Inc/Autofox_INA226.o (__aeabi_d2uiz)
c:/stm32cubeide_1.6.1/stm32cubeide/plugins/com.st.stm32cube.ide.mcu.externaltools.gnu-tools-for-stm32.9-2020-q2-update.win32_2.0.0.202105311346/tools/bin/../lib/gcc/arm-none-eabi/9.3.1/thumb/v7e-m+fp/hard\libgcc.a(_arm_truncdfsf2.o)
[...]
Memory Configuration

Name             Origin             Length             Attributes
RAM              0x0000000020000000 0x0000000000020000 xrw
FLASH            0x0000000008000000 0x0000000000080000 xr
*default*        0x0000000000000000 0xffffffffffffffff

Linker script and memory map

LOAD c:/stm32cubeide_1.6.1/stm32cubeide/plugins/com.st.stm32cube.ide.mcu.externaltools.gnu-tools-for-stm32.9-2020-q2-update.win32_2.0.0.202105311346/tools/bin/../lib/gcc/arm-none-eabi/9.3.1/thumb/v7e-m+fp/hard/crti.o
LOAD c:/stm32cubeide_1.6.1/stm32cubeide/plugins/com.st.stm32cube.ide.mcu.externaltools.gnu-tools-for-stm32.9-2020-q2-update.win32_2.0.0.202105311346/tools/bin/../lib/gcc/arm-none-eabi/9.3.1/thumb/v7e-m+fp/hard/crtbegin.o
LOAD c:/stm32cubeide_1.6.1/stm32cubeide/plugins/com.st.stm32cube.ide.mcu.externaltools.gnu-tools-for-stm32.9-2020-q2-update.win32_2.0.0.202105311346/tools/bin/../lib/gcc/arm-none-eabi/9.3.1/../../../../arm-none-eabi/lib/thumb/v7e-m+fp/hard/crt0.o
LOAD ./Core/Inc/Autofox_INA226.o
LOAD ./Core/Inc/VL6180X.o
LOAD ./Core/Inc/hx711.o
LOAD ./Core/Src/main.o
LOAD ./Core/Src/stm32f4xx_hal_msp.o
LOAD ./Core/Src/stm32f4xx_it.o
LOAD ./Core/Src/syscalls.o
LOAD ./Core/Src/sysmem.o
LOAD ./Core/Src/system_stm32f4xx.o
LOAD ./Core/Startup/startup_stm32f411retx.o
LOAD ./Drivers/STM32F4xx_HAL_Driver/Src/stm32f4xx_hal.o
LOAD ./Drivers/STM32F4xx_HAL_Driver/Src/stm32f4xx_hal_cortex.o
LOAD ./Drivers/STM32F4xx_HAL_Driver/Src/stm32f4xx_hal_dma.o
LOAD ./Drivers/STM32F4xx_HAL_Driver/Src/stm32f4xx_hal_dma_ex.o
LOAD ./Drivers/STM32F4xx_HAL_Driver/Src/stm32f4xx_hal_exti.o
LOAD ./Drivers/STM32F4xx_HAL_Driver/Src/stm32f4xx_hal_flash.o
LOAD ./Drivers/STM32F4xx_HAL_Driver/Src/stm32f4xx_hal_flash_ex.o
LOAD ./Drivers/STM32F4xx_HAL_Driver/Src/stm32f4xx_hal_flash_ramfunc.o
LOAD ./Drivers/STM32F4xx_HAL_Driver/Src/stm32f4xx_hal_gpio.o
LOAD ./Drivers/STM32F4xx_HAL_Driver/Src/stm32f4xx_hal_i2c.o
LOAD ./Drivers/STM32F4xx_HAL_Driver/Src/stm32f4xx_hal_i2c_ex.o
LOAD ./Drivers/STM32F4xx_HAL_Driver/Src/stm32f4xx_hal_pwr.o
LOAD ./Drivers/STM32F4xx_HAL_Driver/Src/stm32f4xx_hal_pwr_ex.o
LOAD ./Drivers/STM32F4xx_HAL_Driver/Src/stm32f4xx_hal_rcc.o
LOAD ./Drivers/STM32F4xx_HAL_Driver/Src/stm32f4xx_hal_rcc_ex.o
LOAD ./Drivers/STM32F4xx_HAL_Driver/Src/stm32f4xx_hal_tim.o
LOAD ./Drivers/STM32F4xx_HAL_Driver/Src/stm32f4xx_hal_tim_ex.o
LOAD ./Drivers/STM32F4xx_HAL_Driver/Src/stm32f4xx_hal_uart.o
START GROUP
LOAD c:/stm32cubeide_1.6.1/stm32cubeide/plugins/com.st.stm32cube.ide.mcu.externaltools.gnu-tools-for-stm32.9-2020-q2-update.win32_2.0.0.202105311346/tools/bin/../lib/gcc/arm-none-eabi/9.3.1/../../../../arm-none-eabi/lib/thumb/v7e-m+fp/hard\libc_nano.a
LOAD c:/stm32cubeide_1.6.1/stm32cubeide/plugins/com.st.stm32cube.ide.mcu.externaltools.gnu-tools-for-stm32.9-2020-q2-update.win32_2.0.0.202105311346/tools/bin/../lib/gcc/arm-none-eabi/9.3.1/../../../../arm-none-eabi/lib/thumb/v7e-m+fp/hard\libm.a
END GROUP
START GROUP
LOAD c:/stm32cubeide_1.6.1/stm32cubeide/plugins/com.st.stm32cube.ide.mcu.externaltools.gnu-tools-for-stm32.9-2020-q2-update.win32_2.0.0.202105311346/tools/bin/../lib/gcc/arm-none-eabi/9.3.1/thumb/v7e-m+fp/hard\libgcc.a
LOAD c:/stm32cubeide_1.6.1/stm32cubeide/plugins/com.st.stm32cube.ide.mcu.externaltools.gnu-tools-for-stm32.9-2020-q2-update.win32_2.0.0.202105311346/tools/bin/../lib/gcc/arm-none-eabi/9.3.1/../../../../arm-none-eabi/lib/thumb/v7e-m+fp/hard\libc_nano.a
END GROUP
START GROUP
LOAD c:/stm32cubeide_1.6.1/stm32cubeide/plugins/com.st.stm32cube.ide.mcu.externaltools.gnu-tools-for-stm32.9-2020-q2-update.win32_2.0.0.202105311346/tools/bin/../lib/gcc/arm-none-eabi/9.3.1/thumb/v7e-m+fp/hard\libgcc.a
LOAD c:/stm32cubeide_1.6.1/stm32cubeide/plugins/com.st.stm32cube.ide.mcu.externaltools.gnu-tools-for-stm32.9-2020-q2-update.win32_2.0.0.202105311346/tools/bin/../lib/gcc/arm-none-eabi/9.3.1/../../../../arm-none-eabi/lib/thumb/v7e-m+fp/hard\libc_nano.a
LOAD c:/stm32cubeide_1.6.1/stm32cubeide/plugins/com.st.stm32cube.ide.mcu.externaltools.gnu-tools-for-stm32.9-2020-q2-update.win32_2.0.0.202105311346/tools/bin/../lib/gcc/arm-none-eabi/9.3.1/../../../../arm-none-eabi/lib/thumb/v7e-m+fp/hard\libnosys.a
END GROUP
START GROUP
LOAD c:/stm32cubeide_1.6.1/stm32cubeide/plugins/com.st.stm32cube.ide.mcu.externaltools.gnu-tools-for-stm32.9-2020-q2-update.win32_2.0.0.202105311346/tools/bin/../lib/gcc/arm-none-eabi/9.3.1/thumb/v7e-m+fp/hard\libgcc.a
LOAD c:/stm32cubeide_1.6.1/stm32cubeide/plugins/com.st.stm32cube.ide.mcu.externaltools.gnu-tools-for-stm32.9-2020-q2-update.win32_2.0.0.202105311346/tools/bin/../lib/gcc/arm-none-eabi/9.3.1/../../../../arm-none-eabi/lib/thumb/v7e-m+fp/hard\libc_nano.a
LOAD c:/stm32cubeide_1.6.1/stm32cubeide/plugins/com.st.stm32cube.ide.mcu.externaltools.gnu-tools-for-stm32.9-2020-q2-update.win32_2.0.0.202105311346/tools/bin/../lib/gcc/arm-none-eabi/9.3.1/../../../../arm-none-eabi/lib/thumb/v7e-m+fp/hard\libnosys.a
END GROUP
LOAD c:/stm32cubeide_1.6.1/stm32cubeide/plugins/com.st.stm32cube.ide.mcu.externaltools.gnu-tools-for-stm32.9-2020-q2-update.win32_2.0.0.202105311346/tools/bin/../lib/gcc/arm-none-eabi/9.3.1/thumb/v7e-m+fp/hard/crtend.o
LOAD c:/stm32cubeide_1.6.1/stm32cubeide/plugins/com.st.stm32cube.ide.mcu.externaltools.gnu-tools-for-stm32.9-2020-q2-update.win32_2.0.0.202105311346/tools/bin/../lib/gcc/arm-none-eabi/9.3.1/thumb/v7e-m+fp/hard/crtn.o
                0x0000000020020000                _estack = (ORIGIN (RAM) + LENGTH (RAM))
                0x0000000000000200                _Min_Heap_Size = 0x200
                0x0000000000000400                _Min_Stack_Size = 0x400

.isr_vector     0x0000000008000000      0x198
                0x0000000008000000                . = ALIGN (0x4)
 *(.isr_vector)
 .isr_vector    0x0000000008000000      0x198 ./Core/Startup/startup_stm32f411retx.o
                0x0000000008000000                g_pfnVectors
                0x0000000008000198                . = ALIGN (0x4)

.text           0x0000000008000198     0x8da4
                0x0000000008000198                . = ALIGN (0x4)
 *(.text)
 .text          0x0000000008000198       0x40 c:/stm32cubeide_1.6.1/stm32cubeide/plugins/com.st.stm32cube.ide.mcu.externaltools.gnu-tools-for-stm32.9-2020-q2-update.win32_2.0.0.202105311346/tools/bin/../lib/gcc/arm-none-eabi/9.3.1/thumb/v7e-m+fp/hard/crtbegin.o
 .text          0x00000000080001d8      0x378 c:/stm32cubeide_1.6.1/stm32cubeide/plugins/com.st.stm32cube.ide.mcu.externaltools.gnu-tools-for-stm32.9-2020-q2-update.win32_2.0.0.202105311346/tools/bin/../lib/gcc/arm-none-eabi/9.3.1/thumb/v7e-m+fp/hard\libgcc.a(_arm_addsubdf3.o)
                0x00000000080001d8                __aeabi_drsub
                0x00000000080001e0                __aeabi_dsub
                0x00000000080001e0                __subdf3
                0x00000000080001e4                __aeabi_dadd
                0x00000000080001e4                __adddf3
                0x000000000800045c                __floatunsidf
                0x000000000800045c                __aeabi_ui2d
                0x000000000800047c                __floatsidf
                0x000000000800047c                __aeabi_i2d
                0x00000000080004a0                __aeabi_f2d
                0x00000000080004a0                __extendsfdf2
                0x00000000080004e4                __floatundidf
                0x00000000080004e4                __aeabi_ul2d
                0x00000000080004f4                __floatdidf
                0x00000000080004f4                __aeabi_l2d
 .text          0x0000000008000550      0x424 c:/stm32cubeide_1.6.1/stm32cubeide/plugins/com.st.stm32cube.ide.mcu.externaltools.gnu-tools-for-stm32.9-2020-q2-update.win32_2.0.0.202105311346/tools/bin/../lib/gcc/arm-none-eabi/9.3.1/thumb/v7e-m+fp/hard\libgcc.a(_arm_muldivdf3.o)
                0x0000000008000550                __aeabi_dmul
                0x0000000008000550                __muldf3
                0x00000000080007a4                __divdf3
                0x00000000080007a4                __aeabi_ddiv
 .text          0x0000000008000974      0x110 c:/stm32cubeide_1.6.1/stm32cubeide/plugins/com.st.stm32cube.ide.mcu.externaltools.gnu-tools-for-stm32.9-2020-q2-update.win32_2.0.0.202105311346/tools/bin/../lib/gcc/arm-none-eabi/9.3.1/thumb/v7e-m+fp/hard\libgcc.a(_arm_cmpdf2.o)
                0x0000000008000974                __gtdf2
                0x0000000008000974                __gedf2
                0x000000000800097c                __ltdf2
                0x000000000800097c                __ledf2
                0x0000000008000984                __nedf2
                0x0000000008000984                __eqdf2
                0x0000000008000984                __cmpdf2
                0x0000000008000a00                __aeabi_cdrcmple
                0x0000000008000a10                __aeabi_cdcmpeq
                0x0000000008000a10                __aeabi_cdcmple
                0x0000000008000a20                __aeabi_dcmpeq
                0x0000000008000a34                __aeabi_dcmplt
                0x0000000008000a48                __aeabi_dcmple
                0x0000000008000a5c                __aeabi_dcmpge
                0x0000000008000a70                __aeabi_dcmpgt
 .text          0x0000000008000a84       0xa0 c:/stm32cubeide_1.6.1/stm32cubeide/plugins/com.st.stm32cube.ide.mcu.externaltools.gnu-tools-for-stm32.9-2020-q2-update.win32_2.0.0.202105311346/tools/bin/../lib/gcc/arm-none-eabi/9.3.1/thumb/v7e-m+fp/hard\libgcc.a(_arm_truncdfsf2.o)
                0x0000000008000a84                __truncdfsf2
                0x0000000008000a84                __aeabi_d2f
 .text          0x0000000008000b24      0x21c c:/stm32cubeide_1.6.1/stm32cubeide/plugins/com.st.stm32cube.ide.mcu.externaltools.gnu-tools-for-stm32.9-2020-q2-update.win32_2.0.0.202105311346/tools/bin/../lib/gcc/arm-none-eabi/9.3.1/thumb/v7e-m+fp/hard\libgcc.a(_arm_addsubsf3.o)
                0x0000000008000b24                __aeabi_frsub
                0x0000000008000b2c                __subsf3
                0x0000000008000b2c                __aeabi_fsub
                0x0000000008000b30                __aeabi_fadd
                0x0000000008000b30                __addsf3
                0x0000000008000c90                __aeabi_ui2f
                0x0000000008000c90                __floatunsisf
                0x0000000008000c98                __aeabi_i2f
                0x0000000008000c98                __floatsisf
                0x0000000008000cb4                __aeabi_ul2f
                0x0000000008000cb4                __floatundisf
                0x0000000008000cc4                __aeabi_l2f
                0x0000000008000cc4                __floatdisf
 .text          0x0000000008000d40       0x30 c:/stm32cubeide_1.6.1/stm32cubeide/plugins/com.st.stm32cube.ide.mcu.externaltools.gnu-tools-for-stm32.9-2020-q2-update.win32_2.0.0.202105311346/tools/bin/../lib/gcc/arm-none-eabi/9.3.1/thumb/v7e-m+fp/hard\libgcc.a(_aeabi_uldivmod.o)
                0x0000000008000d40                __aeabi_uldivmod
 .text          0x0000000008000d70      0x2c4 c:/stm32cubeide_1.6.1/stm32cubeide/plugins/com.st.stm32cube.ide.mcu.externaltools.gnu-tools-for-stm32.9-2020-q2-update.win32_2.0.0.202105311346/tools/bin/../lib/gcc/arm-none-eabi/9.3.1/thumb/v7e-m+fp/hard\libgcc.a(_udivmoddi4.o)
                0x0000000008000d70                __udivmoddi4
 .text          0x0000000008001034        0x4 c:/stm32cubeide_1.6.1/stm32cubeide/plugins/com.st.stm32cube.ide.mcu.externaltools.gnu-tools-for-stm32.9-2020-q2-update.win32_2.0.0.202105311346/tools/bin/../lib/gcc/arm-none-eabi/9.3.1/thumb/v7e-m+fp/hard\libgcc.a(_dvmd_tls.o)
                0x0000000008001034                __aeabi_idiv0
                0x0000000008001034                __aeabi_ldiv0
 *(.text*)
 .text.VL6180X_Init
                0x0000000008001038       0x40 ./Core/Inc/VL6180X.o
                0x0000000008001038                VL6180X_Init
 .text.loadSettings
                0x0000000008001078      0x156 ./Core/Inc/VL6180X.o
                0x0000000008001078                loadSettings
 .text.VL6180X_readRange
                0x00000000080011ce       0x4e ./Core/Inc/VL6180X.o
                0x00000000080011ce                VL6180X_readRange
 .text.read8    0x000000000800121c       0x60 ./Core/Inc/VL6180X.o
                0x000000000800121c                read8
 .text.write8   0x000000000800127c       0x4c ./Core/Inc/VL6180X.o
                0x000000000800127c                write8
 .text.main     0x00000000080012c8      0xd14 ./Core/Src/main.o
                0x00000000080012c8                main
 .text.SystemClock_Config
                0x0000000008001fdc       0xd0 ./Core/Src/main.o
                0x0000000008001fdc                SystemClock_Config
 .text.MX_I2C2_Init
                0x00000000080020ac       0x5c ./Core/Src/main.o
 .text.MX_TIM1_Init
                0x0000000008002108       0xb0 ./Core/Src/main.o
 .text.MX_TIM2_Init
                0x00000000080021b8       0xa8 ./Core/Src/main.o
 .text.MX_TIM3_Init
                0x0000000008002260       0xa8 ./Core/Src/main.o
 .text.MX_TIM4_Init
                0x0000000008002308      0x118 ./Core/Src/main.o
 .text.MX_TIM5_Init
                0x0000000008002420       0x9c ./Core/Src/main.o
 .text.MX_USART1_UART_Init
                0x00000000080024bc       0x54 ./Core/Src/main.o
 .text.MX_USART6_UART_Init
                0x0000000008002510       0x54 ./Core/Src/main.o
 .text.MX_GPIO_Init
                0x0000000008002564      0x1c0 ./Core/Src/main.o
 .text.HAL_GPIO_EXTI_Callback
                0x0000000008002724       0x3c ./Core/Src/main.o
                0x0000000008002724                HAL_GPIO_EXTI_Callback
 .text.HAL_TIM_PeriodElapsedCallback
                0x0000000008002760      0x90c ./Core/Src/main.o
                0x0000000008002760                HAL_TIM_PeriodElapsedCallback
 .text.micros   0x000000000800306c       0x34 ./Core/Src/main.o
                0x000000000800306c                micros
 .text.hx711_delay_us
                0x00000000080030a0       0x30 ./Core/Src/main.o
                0x00000000080030a0                hx711_delay_us
 .text.hx711_lock
                0x00000000080030d0       0x24 ./Core/Src/main.o
                0x00000000080030d0                hx711_lock
 .text.hx711_init
                0x00000000080030f4       0xaa ./Core/Src/main.o
                0x00000000080030f4                hx711_init
 *fill*         0x000000000800319e        0x2 
 .text.hx711_value
                0x00000000080031a0      0x12c ./Core/Src/main.o
                0x00000000080031a0                hx711_value
 .text.hx711_tare
                0x00000000080032cc      0x19c ./Core/Src/main.o
                0x00000000080032cc                hx711_tare
 .text.hx711_calibration
                0x0000000008003468       0x32 ./Core/Src/main.o
                0x0000000008003468                hx711_calibration
 *fill*         0x000000000800349a        0x2 
 .text.hx711_weight
                0x000000000800349c      0x598 ./Core/Src/main.o
                0x000000000800349c                hx711_weight
 .text.hx711_coef_set
                0x0000000008003a34       0x28 ./Core/Src/main.o
                0x0000000008003a34                hx711_coef_set
 .text.tcaselect
                0x0000000008003a5c       0x3c ./Core/Src/main.o
                0x0000000008003a5c                tcaselect
 .text.EncoderVelocity_Update
                0x0000000008003a98      0x1e8 ./Core/Src/main.o
                0x0000000008003a98                EncoderVelocity_Update
 .text.limitswitchlowpass
                0x0000000008003c80      0x164 ./Core/Src/main.o
                0x0000000008003c80                limitswitchlowpass
 *fill*         0x0000000008003de4        0x4 
 .text.distancemeasurement
                0x0000000008003de8      0x3dc ./Core/Src/main.o
                0x0000000008003de8                distancemeasurement
 *fill*         0x00000000080041c4        0x4 
 .text.velocitymeasurement
                0x00000000080041c8      0x278 ./Core/Src/main.o
                0x00000000080041c8                velocitymeasurement
 .text.gotoposition
                0x0000000008004440      0x2b8 ./Core/Src/main.o
                0x0000000008004440                gotoposition
 .text.setzero  0x00000000080046f8      0x228 ./Core/Src/main.o
                0x00000000080046f8                setzero
 .text.pwmdrive
                0x0000000008004920       0xbc ./Core/Src/main.o
                0x0000000008004920                pwmdrive
 .text.Error_Handler
                0x00000000080049dc        0xa ./Core/Src/main.o
                0x00000000080049dc                Error_Handler
 *fill*         0x00000000080049e6        0x2 
 .text.HAL_MspInit
                0x00000000080049e8       0x50 ./Core/Src/stm32f4xx_hal_msp.o
                0x00000000080049e8                HAL_MspInit
 .text.HAL_I2C_MspInit
                0x0000000008004a38       0xb4 ./Core/Src/stm32f4xx_hal_msp.o
                0x0000000008004a38                HAL_I2C_MspInit
 .text.HAL_TIM_Encoder_MspInit
                0x0000000008004aec      0x18c ./Core/Src/stm32f4xx_hal_msp.o
                0x0000000008004aec                HAL_TIM_Encoder_MspInit
 .text.HAL_TIM_Base_MspInit
                0x0000000008004c78       0x8c ./Core/Src/stm32f4xx_hal_msp.o
                0x0000000008004c78                HAL_TIM_Base_MspInit
 .text.HAL_TIM_MspPostInit
                0x0000000008004d04       0x74 ./Core/Src/stm32f4xx_hal_msp.o
                0x0000000008004d04                HAL_TIM_MspPostInit
 .text.HAL_UART_MspInit
                0x0000000008004d78      0x10c ./Core/Src/stm32f4xx_hal_msp.o
                0x0000000008004d78                HAL_UART_MspInit
 .text.NMI_Handler
                0x0000000008004e84        0x6 ./Core/Src/stm32f4xx_it.o
                0x0000000008004e84                NMI_Handler
 .text.HardFault_Handler
                0x0000000008004e8a        0x6 ./Core/Src/stm32f4xx_it.o
                0x0000000008004e8a                HardFault_Handler
 .text.MemManage_Handler
                0x0000000008004e90        0x6 ./Core/Src/stm32f4xx_it.o
                0x0000000008004e90                MemManage_Handler
 .text.BusFault_Handler
                0x0000000008004e96        0x6 ./Core/Src/stm32f4xx_it.o
                0x0000000008004e96                BusFault_Handler
 .text.UsageFault_Handler
                0x0000000008004e9c        0x6 ./Core/Src/stm32f4xx_it.o
                0x0000000008004e9c                UsageFault_Handler
 .text.SVC_Handler
                0x0000000008004ea2        0xe ./Core/Src/stm32f4xx_it.o
                0x0000000008004ea2                SVC_Handler
 .text.DebugMon_Handler
                0x0000000008004eb0        0xe ./Core/Src/stm32f4xx_it.o
                0x0000000008004eb0                DebugMon_Handler
 .text.PendSV_Handler
                0x0000000008004ebe        0xe ./Core/Src/stm32f4xx_it.o
                0x0000000008004ebe                PendSV_Handler
 .text.SysTick_Handler
                0x0000000008004ecc        0xc ./Core/Src/stm32f4xx_it.o
                0x0000000008004ecc                SysTick_Handler
 .text.EXTI9_5_IRQHandler
                0x0000000008004ed8        0xe ./Core/Src/stm32f4xx_it.o
                0x0000000008004ed8                EXTI9_5_IRQHandler
 *fill*         0x0000000008004ee6        0x2 
 .text.TIM1_CC_IRQHandler
                0x0000000008004ee8       0x14 ./Core/Src/stm32f4xx_it.o
                0x0000000008004ee8                TIM1_CC_IRQHandler
 .text.TIM2_IRQHandler
                0x0000000008004efc       0x14 ./Core/Src/stm32f4xx_it.o
                0x0000000008004efc                TIM2_IRQHandler
 .text.TIM3_IRQHandler
                0x0000000008004f10       0x14 ./Core/Src/stm32f4xx_it.o
                0x0000000008004f10                TIM3_IRQHandler
 .text.TIM4_IRQHandler
                0x0000000008004f24       0x14 ./Core/Src/stm32f4xx_it.o
                0x0000000008004f24                TIM4_IRQHandler
 .text.USART1_IRQHandler
                0x0000000008004f38       0x14 ./Core/Src/stm32f4xx_it.o
                0x0000000008004f38                USART1_IRQHandler
 .text.EXTI15_10_IRQHandler
                0x0000000008004f4c       0x10 ./Core/Src/stm32f4xx_it.o
                0x0000000008004f4c                EXTI15_10_IRQHandler
 .text.TIM5_IRQHandler
                0x0000000008004f5c       0x14 ./Core/Src/stm32f4xx_it.o
                0x0000000008004f5c                TIM5_IRQHandler
 .text.SystemInit
                0x0000000008004f70       0x24 ./Core/Src/system_stm32f4xx.o
                0x0000000008004f70                SystemInit
 .text.Reset_Handler
                0x0000000008004f94       0x50 ./Core/Startup/startup_stm32f411retx.o
                0x0000000008004f94                Reset_Handler
 .text.Default_Handler
                0x0000000008004fe4        0x2 ./Core/Startup/startup_stm32f411retx.o
                0x0000000008004fe4                RTC_Alarm_IRQHandler
                0x0000000008004fe4                EXTI2_IRQHandler
                0x0000000008004fe4                SPI4_IRQHandler
                0x0000000008004fe4                DMA2_Stream5_IRQHandler
                0x0000000008004fe4                DMA1_Stream5_IRQHandler
                0x0000000008004fe4                PVD_IRQHandler
                0x0000000008004fe4                SDIO_IRQHandler
                0x0000000008004fe4                TAMP_STAMP_IRQHandler
                0x0000000008004fe4                EXTI3_IRQHandler
                0x0000000008004fe4                TIM1_UP_TIM10_IRQHandler
                0x0000000008004fe4                I2C3_ER_IRQHandler
                0x0000000008004fe4                EXTI0_IRQHandler
                0x0000000008004fe4                I2C2_EV_IRQHandler
                0x0000000008004fe4                DMA1_Stream2_IRQHandler
                0x0000000008004fe4                FPU_IRQHandler
                0x0000000008004fe4                DMA2_Stream2_IRQHandler
                0x0000000008004fe4                SPI1_IRQHandler
                0x0000000008004fe4                TIM1_BRK_TIM9_IRQHandler
                0x0000000008004fe4                DMA2_Stream3_IRQHandler
                0x0000000008004fe4                USART6_IRQHandler
                0x0000000008004fe4                DMA2_Stream0_IRQHandler
                0x0000000008004fe4                I2C1_EV_IRQHandler
                0x0000000008004fe4                DMA1_Stream6_IRQHandler
                0x0000000008004fe4                DMA1_Stream1_IRQHandler
                0x0000000008004fe4                RCC_IRQHandler
                0x0000000008004fe4                Default_Handler
                0x0000000008004fe4                ADC_IRQHandler
                0x0000000008004fe4                DMA1_Stream7_IRQHandler
                0x0000000008004fe4                SPI5_IRQHandler
                0x0000000008004fe4                DMA2_Stream7_IRQHandler
                0x0000000008004fe4                I2C3_EV_IRQHandler
                0x0000000008004fe4                RTC_WKUP_IRQHandler
                0x0000000008004fe4                SPI2_IRQHandler
                0x0000000008004fe4                DMA1_Stream0_IRQHandler
                0x0000000008004fe4                EXTI4_IRQHandler
                0x0000000008004fe4                WWDG_IRQHandler
                0x0000000008004fe4                OTG_FS_WKUP_IRQHandler
                0x0000000008004fe4                TIM1_TRG_COM_TIM11_IRQHandler
                0x0000000008004fe4                EXTI1_IRQHandler
                0x0000000008004fe4                USART2_IRQHandler
                0x0000000008004fe4                I2C2_ER_IRQHandler
                0x0000000008004fe4                DMA2_Stream1_IRQHandler
                0x0000000008004fe4                FLASH_IRQHandler
                0x0000000008004fe4                DMA2_Stream4_IRQHandler
                0x0000000008004fe4                OTG_FS_IRQHandler
                0x0000000008004fe4                SPI3_IRQHandler
                0x0000000008004fe4                DMA1_Stream4_IRQHandler
                0x0000000008004fe4                I2C1_ER_IRQHandler
                0x0000000008004fe4                DMA2_Stream6_IRQHandler
                0x0000000008004fe4                DMA1_Stream3_IRQHandler
 *fill*         0x0000000008004fe6        0x2 
 .text.HAL_Init
                0x0000000008004fe8       0x44 ./Drivers/STM32F4xx_HAL_Driver/Src/stm32f4xx_hal.o
                0x0000000008004fe8                HAL_Init
 .text.HAL_InitTick
                0x000000000800502c       0x60 ./Drivers/STM32F4xx_HAL_Driver/Src/stm32f4xx_hal.o
                0x000000000800502c                HAL_InitTick
 .text.HAL_IncTick
                0x000000000800508c       0x28 ./Drivers/STM32F4xx_HAL_Driver/Src/stm32f4xx_hal.o
                0x000000000800508c                HAL_IncTick
 .text.HAL_GetTick
                0x00000000080050b4       0x18 ./Drivers/STM32F4xx_HAL_Driver/Src/stm32f4xx_hal.o
                0x00000000080050b4                HAL_GetTick
 .text.HAL_Delay
                0x00000000080050cc       0x48 ./Drivers/STM32F4xx_HAL_Driver/Src/stm32f4xx_hal.o
                0x00000000080050cc                HAL_Delay
 .text.__NVIC_SetPriorityGrouping
                0x0000000008005114       0x48 ./Drivers/STM32F4xx_HAL_Driver/Src/stm32f4xx_hal_cortex.o
 .text.__NVIC_GetPriorityGrouping
                0x000000000800515c       0x1c ./Drivers/STM32F4xx_HAL_Driver/Src/stm32f4xx_hal_cortex.o
 .text.__NVIC_EnableIRQ
                0x0000000008005178       0x3c ./Drivers/STM32F4xx_HAL_Driver/Src/stm32f4xx_hal_cortex.o
 .text.__NVIC_SetPriority
                0x00000000080051b4       0x54 ./Drivers/STM32F4xx_HAL_Driver/Src/stm32f4xx_hal_cortex.o
 .text.NVIC_EncodePriority
                0x0000000008005208       0x66 ./Drivers/STM32F4xx_HAL_Driver/Src/stm32f4xx_hal_cortex.o
 *fill*         0x000000000800526e        0x2 
 .text.SysTick_Config
                0x0000000008005270       0x44 ./Drivers/STM32F4xx_HAL_Driver/Src/stm32f4xx_hal_cortex.o
 .text.HAL_NVIC_SetPriorityGrouping
                0x00000000080052b4       0x16 ./Drivers/STM32F4xx_HAL_Driver/Src/stm32f4xx_hal_cortex.o
                0x00000000080052b4                HAL_NVIC_SetPriorityGrouping
 .text.HAL_NVIC_SetPriority
                0x00000000080052ca       0x38 ./Drivers/STM32F4xx_HAL_Driver/Src/stm32f4xx_hal_cortex.o
                0x00000000080052ca                HAL_NVIC_SetPriority
 .text.HAL_NVIC_EnableIRQ
                0x0000000008005302       0x1c ./Drivers/STM32F4xx_HAL_Driver/Src/stm32f4xx_hal_cortex.o
                0x0000000008005302                HAL_NVIC_EnableIRQ
 .text.HAL_SYSTICK_Config
                0x000000000800531e       0x18 ./Drivers/STM32F4xx_HAL_Driver/Src/stm32f4xx_hal_cortex.o
                0x000000000800531e                HAL_SYSTICK_Config
 .text.HAL_DMA_Abort
                0x0000000008005336       0xe0 ./Drivers/STM32F4xx_HAL_Driver/Src/stm32f4xx_hal_dma.o
                0x0000000008005336                HAL_DMA_Abort
 .text.HAL_DMA_Abort_IT
                0x0000000008005416       0x44 ./Drivers/STM32F4xx_HAL_Driver/Src/stm32f4xx_hal_dma.o
                0x0000000008005416                HAL_DMA_Abort_IT
 *fill*         0x000000000800545a        0x2 
 .text.HAL_GPIO_Init
                0x000000000800545c      0x308 ./Drivers/STM32F4xx_HAL_Driver/Src/stm32f4xx_hal_gpio.o
                0x000000000800545c                HAL_GPIO_Init
 .text.HAL_GPIO_ReadPin
                0x0000000008005764       0x30 ./Drivers/STM32F4xx_HAL_Driver/Src/stm32f4xx_hal_gpio.o
                0x0000000008005764                HAL_GPIO_ReadPin
 .text.HAL_GPIO_WritePin
                0x0000000008005794       0x32 ./Drivers/STM32F4xx_HAL_Driver/Src/stm32f4xx_hal_gpio.o
                0x0000000008005794                HAL_GPIO_WritePin
 *fill*         0x00000000080057c6        0x2 
 .text.HAL_GPIO_EXTI_IRQHandler
                0x00000000080057c8       0x30 ./Drivers/STM32F4xx_HAL_Driver/Src/stm32f4xx_hal_gpio.o
                0x00000000080057c8                HAL_GPIO_EXTI_IRQHandler
 .text.HAL_I2C_Init
                0x00000000080057f8      0x288 ./Drivers/STM32F4xx_HAL_Driver/Src/stm32f4xx_hal_i2c.o
                0x00000000080057f8                HAL_I2C_Init
 .text.HAL_I2C_Master_Transmit
                0x0000000008005a80      0x1fc ./Drivers/STM32F4xx_HAL_Driver/Src/stm32f4xx_hal_i2c.o
                0x0000000008005a80                HAL_I2C_Master_Transmit
 .text.HAL_I2C_Master_Receive
                0x0000000008005c7c      0x44c ./Drivers/STM32F4xx_HAL_Driver/Src/stm32f4xx_hal_i2c.o
                0x0000000008005c7c                HAL_I2C_Master_Receive
 .text.I2C_MasterRequestWrite
                0x00000000080060c8      0x104 ./Drivers/STM32F4xx_HAL_Driver/Src/stm32f4xx_hal_i2c.o
 .text.I2C_MasterRequestRead
                0x00000000080061cc      0x19c ./Drivers/STM32F4xx_HAL_Driver/Src/stm32f4xx_hal_i2c.o
 .text.I2C_WaitOnFlagUntilTimeout
                0x0000000008006368       0xae ./Drivers/STM32F4xx_HAL_Driver/Src/stm32f4xx_hal_i2c.o
 .text.I2C_WaitOnMasterAddressFlagUntilTimeout
                0x0000000008006416       0xfe ./Drivers/STM32F4xx_HAL_Driver/Src/stm32f4xx_hal_i2c.o
 .text.I2C_WaitOnTXEFlagUntilTimeout
                0x0000000008006514       0x82 ./Drivers/STM32F4xx_HAL_Driver/Src/stm32f4xx_hal_i2c.o
 .text.I2C_WaitOnBTFFlagUntilTimeout
                0x0000000008006596       0x82 ./Drivers/STM32F4xx_HAL_Driver/Src/stm32f4xx_hal_i2c.o
 .text.I2C_WaitOnRXNEFlagUntilTimeout
                0x0000000008006618       0xac ./Drivers/STM32F4xx_HAL_Driver/Src/stm32f4xx_hal_i2c.o
 .text.I2C_IsAcknowledgeFailed
                0x00000000080066c4       0x5e ./Drivers/STM32F4xx_HAL_Driver/Src/stm32f4xx_hal_i2c.o
 *fill*         0x0000000008006722        0x2 
 .text.HAL_RCC_OscConfig
                0x0000000008006724      0x4f0 ./Drivers/STM32F4xx_HAL_Driver/Src/stm32f4xx_hal_rcc.o
                0x0000000008006724                HAL_RCC_OscConfig
 .text.HAL_RCC_ClockConfig
                0x0000000008006c14      0x1cc ./Drivers/STM32F4xx_HAL_Driver/Src/stm32f4xx_hal_rcc.o
                0x0000000008006c14                HAL_RCC_ClockConfig
 .text.HAL_RCC_GetSysClockFreq
                0x0000000008006de0      0x1c4 ./Drivers/STM32F4xx_HAL_Driver/Src/stm32f4xx_hal_rcc.o
                0x0000000008006de0                HAL_RCC_GetSysClockFreq
 .text.HAL_RCC_GetHCLKFreq
                0x0000000008006fa4       0x18 ./Drivers/STM32F4xx_HAL_Driver/Src/stm32f4xx_hal_rcc.o
                0x0000000008006fa4                HAL_RCC_GetHCLKFreq
 .text.HAL_RCC_GetPCLK1Freq
                0x0000000008006fbc       0x28 ./Drivers/STM32F4xx_HAL_Driver/Src/stm32f4xx_hal_rcc.o
                0x0000000008006fbc                HAL_RCC_GetPCLK1Freq
 .text.HAL_RCC_GetPCLK2Freq
                0x0000000008006fe4       0x28 ./Drivers/STM32F4xx_HAL_Driver/Src/stm32f4xx_hal_rcc.o
                0x0000000008006fe4                HAL_RCC_GetPCLK2Freq
 .text.HAL_TIM_Base_Init
                0x000000000800700c       0x9e ./Drivers/STM32F4xx_HAL_Driver/Src/stm32f4xx_hal_tim.o
                0x000000000800700c                HAL_TIM_Base_Init
 *fill*         0x00000000080070aa        0x2 
 .text.HAL_TIM_Base_Start_IT
                0x00000000080070ac       0xc4 ./Drivers/STM32F4xx_HAL_Driver/Src/stm32f4xx_hal_tim.o
                0x00000000080070ac                HAL_TIM_Base_Start_IT
 .text.HAL_TIM_PWM_Init
                0x0000000008007170       0x9e ./Drivers/STM32F4xx_HAL_Driver/Src/stm32f4xx_hal_tim.o
                0x0000000008007170                HAL_TIM_PWM_Init
 .text.HAL_TIM_PWM_MspInit
                0x000000000800720e       0x14 ./Drivers/STM32F4xx_HAL_Driver/Src/stm32f4xx_hal_tim.o
                0x000000000800720e                HAL_TIM_PWM_MspInit
 *fill*         0x0000000008007222        0x2 
 .text.HAL_TIM_PWM_Start
                0x0000000008007224      0x160 ./Drivers/STM32F4xx_HAL_Driver/Src/stm32f4xx_hal_tim.o
                0x0000000008007224                HAL_TIM_PWM_Start
 .text.HAL_TIM_Encoder_Init
                0x0000000008007384      0x14c ./Drivers/STM32F4xx_HAL_Driver/Src/stm32f4xx_hal_tim.o
                0x0000000008007384                HAL_TIM_Encoder_Init
 .text.HAL_TIM_Encoder_Start
                0x00000000080074d0      0x11c ./Drivers/STM32F4xx_HAL_Driver/Src/stm32f4xx_hal_tim.o
                0x00000000080074d0                HAL_TIM_Encoder_Start
 .text.HAL_TIM_IRQHandler
                0x00000000080075ec      0x210 ./Drivers/STM32F4xx_HAL_Driver/Src/stm32f4xx_hal_tim.o
                0x00000000080075ec                HAL_TIM_IRQHandler
 .text.HAL_TIM_PWM_ConfigChannel
                0x00000000080077fc      0x184 ./Drivers/STM32F4xx_HAL_Driver/Src/stm32f4xx_hal_tim.o
                0x00000000080077fc                HAL_TIM_PWM_ConfigChannel
 .text.HAL_TIM_ConfigClockSource
                0x0000000008007980      0x18e ./Drivers/STM32F4xx_HAL_Driver/Src/stm32f4xx_hal_tim.o
                0x0000000008007980                HAL_TIM_ConfigClockSource
 .text.HAL_TIM_OC_DelayElapsedCallback
                0x0000000008007b0e       0x14 ./Drivers/STM32F4xx_HAL_Driver/Src/stm32f4xx_hal_tim.o
                0x0000000008007b0e                HAL_TIM_OC_DelayElapsedCallback
 .text.HAL_TIM_IC_CaptureCallback
                0x0000000008007b22       0x14 ./Drivers/STM32F4xx_HAL_Driver/Src/stm32f4xx_hal_tim.o
                0x0000000008007b22                HAL_TIM_IC_CaptureCallback
 .text.HAL_TIM_PWM_PulseFinishedCallback
                0x0000000008007b36       0x14 ./Drivers/STM32F4xx_HAL_Driver/Src/stm32f4xx_hal_tim.o
                0x0000000008007b36                HAL_TIM_PWM_PulseFinishedCallback
 .text.HAL_TIM_TriggerCallback
                0x0000000008007b4a       0x14 ./Drivers/STM32F4xx_HAL_Driver/Src/stm32f4xx_hal_tim.o
                0x0000000008007b4a                HAL_TIM_TriggerCallback
 *fill*         0x0000000008007b5e        0x2 
 .text.TIM_Base_SetConfig
                0x0000000008007b60      0x100 ./Drivers/STM32F4xx_HAL_Driver/Src/stm32f4xx_hal_tim.o
                0x0000000008007b60                TIM_Base_SetConfig
 .text.TIM_OC1_SetConfig
                0x0000000008007c60       0xcc ./Drivers/STM32F4xx_HAL_Driver/Src/stm32f4xx_hal_tim.o
 .text.TIM_OC2_SetConfig
                0x0000000008007d2c       0xd8 ./Drivers/STM32F4xx_HAL_Driver/Src/stm32f4xx_hal_tim.o
                0x0000000008007d2c                TIM_OC2_SetConfig
 .text.TIM_OC3_SetConfig
                0x0000000008007e04       0xd4 ./Drivers/STM32F4xx_HAL_Driver/Src/stm32f4xx_hal_tim.o
 .text.TIM_OC4_SetConfig
                0x0000000008007ed8       0xa0 ./Drivers/STM32F4xx_HAL_Driver/Src/stm32f4xx_hal_tim.o
 .text.TIM_TI1_ConfigInputStage
                0x0000000008007f78       0x5e ./Drivers/STM32F4xx_HAL_Driver/Src/stm32f4xx_hal_tim.o
 .text.TIM_TI2_ConfigInputStage
                0x0000000008007fd6       0x60 ./Drivers/STM32F4xx_HAL_Driver/Src/stm32f4xx_hal_tim.o
 .text.TIM_ITRx_SetConfig
                0x0000000008008036       0x36 ./Drivers/STM32F4xx_HAL_Driver/Src/stm32f4xx_hal_tim.o
 .text.TIM_ETR_SetConfig
                0x000000000800806c       0x40 ./Drivers/STM32F4xx_HAL_Driver/Src/stm32f4xx_hal_tim.o
                0x000000000800806c                TIM_ETR_SetConfig
 .text.TIM_CCxChannelCmd
                0x00000000080080ac       0x4a ./Drivers/STM32F4xx_HAL_Driver/Src/stm32f4xx_hal_tim.o
                0x00000000080080ac                TIM_CCxChannelCmd
 *fill*         0x00000000080080f6        0x2 
 .text.HAL_TIMEx_MasterConfigSynchronization
                0x00000000080080f8       0xdc ./Drivers/STM32F4xx_HAL_Driver/Src/stm32f4xx_hal_tim_ex.o
                0x00000000080080f8                HAL_TIMEx_MasterConfigSynchronization
 .text.HAL_TIMEx_CommutCallback
                0x00000000080081d4       0x14 ./Drivers/STM32F4xx_HAL_Driver/Src/stm32f4xx_hal_tim_ex.o
                0x00000000080081d4                HAL_TIMEx_CommutCallback
 .text.HAL_TIMEx_BreakCallback
                0x00000000080081e8       0x14 ./Drivers/STM32F4xx_HAL_Driver/Src/stm32f4xx_hal_tim_ex.o
                0x00000000080081e8                HAL_TIMEx_BreakCallback
 .text.HAL_UART_Init
                0x00000000080081fc       0x9a ./Drivers/STM32F4xx_HAL_Driver/Src/stm32f4xx_hal_uart.o
                0x00000000080081fc                HAL_UART_Init
 *fill*         0x0000000008008296        0x2 
 .text.HAL_UART_IRQHandler
                0x0000000008008298      0x51c ./Drivers/STM32F4xx_HAL_Driver/Src/stm32f4xx_hal_uart.o
                0x0000000008008298                HAL_UART_IRQHandler
 .text.HAL_UART_TxCpltCallback
                0x00000000080087b4       0x14 ./Drivers/STM32F4xx_HAL_Driver/Src/stm32f4xx_hal_uart.o
                0x00000000080087b4                HAL_UART_TxCpltCallback
 .text.HAL_UART_RxCpltCallback
                0x00000000080087c8       0x14 ./Drivers/STM32F4xx_HAL_Driver/Src/stm32f4xx_hal_uart.o
                0x00000000080087c8                HAL_UART_RxCpltCallback
 .text.HAL_UART_ErrorCallback
                0x00000000080087dc       0x14 ./Drivers/STM32F4xx_HAL_Driver/Src/stm32f4xx_hal_uart.o
                0x00000000080087dc                HAL_UART_ErrorCallback
 .text.HAL_UARTEx_RxEventCallback
                0x00000000080087f0       0x18 ./Drivers/STM32F4xx_HAL_Driver/Src/stm32f4xx_hal_uart.o
                0x00000000080087f0                HAL_UARTEx_RxEventCallback
 .text.UART_EndRxTransfer
                0x0000000008008808       0xc6 ./Drivers/STM32F4xx_HAL_Driver/Src/stm32f4xx_hal_uart.o
 .text.UART_DMAAbortOnError
                0x00000000080088ce       0x28 ./Drivers/STM32F4xx_HAL_Driver/Src/stm32f4xx_hal_uart.o
 .text.UART_Transmit_IT
                0x00000000080088f6       0xa0 ./Drivers/STM32F4xx_HAL_Driver/Src/stm32f4xx_hal_uart.o
 .text.UART_EndTransmit_IT
                0x0000000008008996       0x30 ./Drivers/STM32F4xx_HAL_Driver/Src/stm32f4xx_hal_uart.o
 .text.UART_Receive_IT
                0x00000000080089c6      0x176 ./Drivers/STM32F4xx_HAL_Driver/Src/stm32f4xx_hal_uart.o
 .text.UART_SetConfig
                0x0000000008008b3c      0x390 ./Drivers/STM32F4xx_HAL_Driver/Src/stm32f4xx_hal_uart.o
 .text.__libc_init_array
                0x0000000008008ecc       0x48 c:/stm32cubeide_1.6.1/stm32cubeide/plugins/com.st.stm32cube.ide.mcu.externaltools.gnu-tools-for-stm32.9-2020-q2-update.win32_2.0.0.202105311346/tools/bin/../lib/gcc/arm-none-eabi/9.3.1/../../../../arm-none-eabi/lib/thumb/v7e-m+fp/hard\libc_nano.a(lib_a-init.o)
                0x0000000008008ecc                __libc_init_array
 .text.memset   0x0000000008008f14       0x10 c:/stm32cubeide_1.6.1/stm32cubeide/plugins/com.st.stm32cube.ide.mcu.externaltools.gnu-tools-for-stm32.9-2020-q2-update.win32_2.0.0.202105311346/tools/bin/../lib/gcc/arm-none-eabi/9.3.1/../../../../arm-none-eabi/lib/thumb/v7e-m+fp/hard\libc_nano.a(lib_a-memset.o)
                0x0000000008008f14                memset
 *(.glue_7)
 .glue_7        0x0000000008008f24        0x0 linker stubs
 *(.glue_7t)
 .glue_7t       0x0000000008008f24        0x0 linker stubs
 *(.eh_frame)
 .eh_frame      0x0000000008008f24        0x0 c:/stm32cubeide_1.6.1/stm32cubeide/plugins/com.st.stm32cube.ide.mcu.externaltools.gnu-tools-for-stm32.9-2020-q2-update.win32_2.0.0.202105311346/tools/bin/../lib/gcc/arm-none-eabi/9.3.1/thumb/v7e-m+fp/hard/crtbegin.o
 *(.init)
 .init          0x0000000008008f24        0x4 c:/stm32cubeide_1.6.1/stm32cubeide/plugins/com.st.stm32cube.ide.mcu.externaltools.gnu-tools-for-stm32.9-2020-q2-update.win32_2.0.0.202105311346/tools/bin/../lib/gcc/arm-none-eabi/9.3.1/thumb/v7e-m+fp/hard/crti.o
                0x0000000008008f24                _init
 .init          0x0000000008008f28        0x8 c:/stm32cubeide_1.6.1/stm32cubeide/plugins/com.st.stm32cube.ide.mcu.externaltools.gnu-tools-for-stm32.9-2020-q2-update.win32_2.0.0.202105311346/tools/bin/../lib/gcc/arm-none-eabi/9.3.1/thumb/v7e-m+fp/hard/crtn.o
 *(.fini)
 .fini          0x0000000008008f30        0x4 c:/stm32cubeide_1.6.1/stm32cubeide/plugins/com.st.stm32cube.ide.mcu.externaltools.gnu-tools-for-stm32.9-2020-q2-update.win32_2.0.0.202105311346/tools/bin/../lib/gcc/arm-none-eabi/9.3.1/thumb/v7e-m+fp/hard/crti.o
                0x0000000008008f30                _fini
 .fini          0x0000000008008f34        0x8 c:/stm32cubeide_1.6.1/stm32cubeide/plugins/com.st.stm32cube.ide.mcu.externaltools.gnu-tools-for-stm32.9-2020-q2-update.win32_2.0.0.202105311346/tools/bin/../lib/gcc/arm-none-eabi/9.3.1/thumb/v7e-m+fp/hard/crtn.o
                0x0000000008008f3c                . = ALIGN (0x4)
                0x0000000008008f3c                _etext = .

.vfp11_veneer   0x0000000008008f3c        0x0
 .vfp11_veneer  0x0000000008008f3c        0x0 linker stubs

.v4_bx          0x0000000008008f3c        0x0
 .v4_bx         0x0000000008008f3c        0x0 linker stubs

.iplt           0x0000000008008f3c        0x0
 .iplt          0x0000000008008f3c        0x0 c:/stm32cubeide_1.6.1/stm32cubeide/plugins/com.st.stm32cube.ide.mcu.externaltools.gnu-tools-for-stm32.9-2020-q2-update.win32_2.0.0.202105311346/tools/bin/../lib/gcc/arm-none-eabi/9.3.1/thumb/v7e-m+fp/hard/crtbegin.o

.rodata         0x0000000008008f3c       0x18
                0x0000000008008f3c                . = ALIGN (0x4)
 *(.rodata)
 *(.rodata*)
 .rodata.AHBPrescTable
                0x0000000008008f3c       0x10 ./Core/Src/system_stm32f4xx.o
                0x0000000008008f3c                AHBPrescTable
 .rodata.APBPrescTable
                0x0000000008008f4c        0x8 ./Core/Src/system_stm32f4xx.o
                0x0000000008008f4c                APBPrescTable
                0x0000000008008f54                . = ALIGN (0x4)

.ARM.extab      0x0000000008008f54        0x0
                0x0000000008008f54                . = ALIGN (0x4)
 *(.ARM.extab* .gnu.linkonce.armextab.*)
                0x0000000008008f54                . = ALIGN (0x4)

.ARM            0x0000000008008f54        0x8
                0x0000000008008f54                . = ALIGN (0x4)
                0x0000000008008f54                __exidx_start = .
 *(.ARM.exidx*)
 .ARM.exidx     0x0000000008008f54        0x8 c:/stm32cubeide_1.6.1/stm32cubeide/plugins/com.st.stm32cube.ide.mcu.externaltools.gnu-tools-for-stm32.9-2020-q2-update.win32_2.0.0.202105311346/tools/bin/../lib/gcc/arm-none-eabi/9.3.1/thumb/v7e-m+fp/hard\libgcc.a(_udivmoddi4.o)
                0x0000000008008f5c                __exidx_end = .
                0x0000000008008f5c                . = ALIGN (0x4)

.rel.dyn        0x0000000008008f5c        0x0
 .rel.iplt      0x0000000008008f5c        0x0 c:/stm32cubeide_1.6.1/stm32cubeide/plugins/com.st.stm32cube.ide.mcu.externaltools.gnu-tools-for-stm32.9-2020-q2-update.win32_2.0.0.202105311346/tools/bin/../lib/gcc/arm-none-eabi/9.3.1/thumb/v7e-m+fp/hard/crtbegin.o

.preinit_array  0x0000000008008f5c        0x0
                0x0000000008008f5c                . = ALIGN (0x4)
                0x0000000008008f5c                PROVIDE (__preinit_array_start = .)
 *(.preinit_array*)
                0x0000000008008f5c                PROVIDE (__preinit_array_end = .)
                0x0000000008008f5c                . = ALIGN (0x4)

.init_array     0x0000000008008f5c        0x4
                0x0000000008008f5c                . = ALIGN (0x4)
                0x0000000008008f5c                PROVIDE (__init_array_start = .)
 *(SORT_BY_NAME(.init_array.*))
 *(.init_array*)
 .init_array    0x0000000008008f5c        0x4 c:/stm32cubeide_1.6.1/stm32cubeide/plugins/com.st.stm32cube.ide.mcu.externaltools.gnu-tools-for-stm32.9-2020-q2-update.win32_2.0.0.202105311346/tools/bin/../lib/gcc/arm-none-eabi/9.3.1/thumb/v7e-m+fp/hard/crtbegin.o
                0x0000000008008f60                PROVIDE (__init_array_end = .)
                0x0000000008008f60                . = ALIGN (0x4)

.fini_array     0x0000000008008f60        0x4
                0x0000000008008f60                . = ALIGN (0x4)
                [!provide]                        PROVIDE (__fini_array_start = .)
 *(SORT_BY_NAME(.fini_array.*))
 *(.fini_array*)
 .fini_array    0x0000000008008f60        0x4 c:/stm32cubeide_1.6.1/stm32cubeide/plugins/com.st.stm32cube.ide.mcu.externaltools.gnu-tools-for-stm32.9-2020-q2-update.win32_2.0.0.202105311346/tools/bin/../lib/gcc/arm-none-eabi/9.3.1/thumb/v7e-m+fp/hard/crtbegin.o
                [!provide]                        PROVIDE (__fini_array_end = .)
                0x0000000008008f64                . = ALIGN (0x4)
                0x0000000008008f64                _sidata = LOADADDR (.data)

.data           0x0000000020000000       0x58 load address 0x0000000008008f64
                0x0000000020000000                . = ALIGN (0x4)
                0x0000000020000000                _sdata = .
 *(.data)
 *(.data*)
 .data._micros  0x0000000020000000        0x8 ./Core/Src/main.o
                0x0000000020000000                _micros
 .data.hx711_channel
                0x0000000020000008        0x4 ./Core/Src/main.o
                0x0000000020000008                hx711_channel
 *fill*         0x000000002000000c        0x4 
 .data.hx_711readtimestamp
                0x0000000020000010       0x10 ./Core/Src/main.o
                0x0000000020000010                hx_711readtimestamp
 .data.hx_711readtimestamp2
                0x0000000020000020       0x10 ./Core/Src/main.o
                0x0000000020000020                hx_711readtimestamp2
 .data.start    0x0000000020000030        0x4 ./Core/Src/main.o
                0x0000000020000030                start
 .data.start2   0x0000000020000034        0x4 ./Core/Src/main.o
                0x0000000020000034                start2
 .data.Kp1      0x0000000020000038        0x4 ./Core/Src/main.o
                0x0000000020000038                Kp1
 .data.Kp2      0x000000002000003c        0x4 ./Core/Src/main.o
                0x000000002000003c                Kp2
 .data.Kp3      0x0000000020000040        0x4 ./Core/Src/main.o
                0x0000000020000040                Kp3
 .data.distancestamp2
                0x0000000020000044        0x4 ./Core/Src/main.o
                0x0000000020000044                distancestamp2
 .data.distancestamp3
                0x0000000020000048        0x4 ./Core/Src/main.o
                0x0000000020000048                distancestamp3
 .data.SystemCoreClock
                0x000000002000004c        0x4 ./Core/Src/system_stm32f4xx.o
                0x000000002000004c                SystemCoreClock
 .data.uwTickPrio
                0x0000000020000050        0x4 ./Drivers/STM32F4xx_HAL_Driver/Src/stm32f4xx_hal.o
                0x0000000020000050                uwTickPrio
 .data.uwTickFreq
                0x0000000020000054        0x1 ./Drivers/STM32F4xx_HAL_Driver/Src/stm32f4xx_hal.o
                0x0000000020000054                uwTickFreq
 *(.RamFunc)
 *(.RamFunc*)
                0x0000000020000058                . = ALIGN (0x4)
 *fill*         0x0000000020000055        0x3 
                0x0000000020000058                _edata = .

.igot.plt       0x0000000020000058        0x0 load address 0x0000000008008fbc
 .igot.plt      0x0000000020000058        0x0 c:/stm32cubeide_1.6.1/stm32cubeide/plugins/com.st.stm32cube.ide.mcu.externaltools.gnu-tools-for-stm32.9-2020-q2-update.win32_2.0.0.202105311346/tools/bin/../lib/gcc/arm-none-eabi/9.3.1/thumb/v7e-m+fp/hard/crtbegin.o
                0x0000000020000058                . = ALIGN (0x4)

.bss            0x0000000020000058      0x5a0 load address 0x0000000008008fbc
                0x0000000020000058                _sbss = .
                0x0000000020000058                __bss_start__ = _sbss
 *(.bss)
 .bss           0x0000000020000058       0x1c c:/stm32cubeide_1.6.1/stm32cubeide/plugins/com.st.stm32cube.ide.mcu.externaltools.gnu-tools-for-stm32.9-2020-q2-update.win32_2.0.0.202105311346/tools/bin/../lib/gcc/arm-none-eabi/9.3.1/thumb/v7e-m+fp/hard/crtbegin.o
 *(.bss*)
 .bss._i2caddr  0x0000000020000074        0x1 ./Core/Inc/VL6180X.o
 *fill*         0x0000000020000075        0x3 
 .bss.VL6180X_i2c
                0x0000000020000078        0x4 ./Core/Inc/VL6180X.o
 .bss.sclk      0x000000002000007c        0x8 ./Core/Src/main.o
                0x000000002000007c                sclk
 .bss.in1       0x0000000020000084        0x4 ./Core/Src/main.o
                0x0000000020000084                in1
 .bss.in2       0x0000000020000088        0x4 ./Core/Src/main.o
                0x0000000020000088                in2
 .bss.pwm1      0x000000002000008c        0x4 ./Core/Src/main.o
                0x000000002000008c                pwm1
 .bss.in3       0x0000000020000090        0x4 ./Core/Src/main.o
                0x0000000020000090                in3
 .bss.in4       0x0000000020000094        0x4 ./Core/Src/main.o
                0x0000000020000094                in4
 .bss.pwm2      0x0000000020000098        0x4 ./Core/Src/main.o
                0x0000000020000098                pwm2
 .bss.in5       0x000000002000009c        0x4 ./Core/Src/main.o
                0x000000002000009c                in5
 .bss.in6       0x00000000200000a0        0x4 ./Core/Src/main.o
                0x00000000200000a0                in6
 .bss.pwm3      0x00000000200000a4        0x4 ./Core/Src/main.o
                0x00000000200000a4                pwm3
 .bss.hx_711timestamp
                0x00000000200000a8        0x8 ./Core/Src/main.o
                0x00000000200000a8                hx_711timestamp
 .bss.timecheck
                0x00000000200000b0        0x8 ./Core/Src/main.o
                0x00000000200000b0                timecheck
 .bss.loadcellc1
                0x00000000200000b8        0x1 ./Core/Src/main.o
                0x00000000200000b8                loadcellc1
 .bss.loadcellc2
                0x00000000200000b9        0x1 ./Core/Src/main.o
                0x00000000200000b9                loadcellc2
 .bss.loadcellc3
                0x00000000200000ba        0x1 ./Core/Src/main.o
                0x00000000200000ba                loadcellc3
 .bss.loadcellc4
                0x00000000200000bb        0x1 ./Core/Src/main.o
                0x00000000200000bb                loadcellc4
 .bss.tareweight1
                0x00000000200000bc       0x14 ./Core/Src/main.o
                0x00000000200000bc                tareweight1
 .bss.tareweight2
                0x00000000200000d0       0x14 ./Core/Src/main.o
                0x00000000200000d0                tareweight2
 .bss.tareweight3
                0x00000000200000e4       0x14 ./Core/Src/main.o
                0x00000000200000e4                tareweight3
 .bss.tareweight4
                0x00000000200000f8       0x14 ./Core/Src/main.o
                0x00000000200000f8                tareweight4
 .bss.ave1      0x000000002000010c        0x4 ./Core/Src/main.o
                0x000000002000010c                ave1
 .bss.ave2      0x0000000020000110        0x4 ./Core/Src/main.o
                0x0000000020000110                ave2
 .bss.ave3      0x0000000020000114        0x4 ./Core/Src/main.o
                0x0000000020000114                ave3
 .bss.ave4      0x0000000020000118        0x4 ./Core/Src/main.o
                0x0000000020000118                ave4
 .bss.tare      0x000000002000011c        0x4 ./Core/Src/main.o
                0x000000002000011c                tare
 .bss.cal       0x0000000020000120        0x4 ./Core/Src/main.o
                0x0000000020000120                cal
 .bss.Kd1       0x0000000020000124        0x4 ./Core/Src/main.o
                0x0000000020000124                Kd1
 .bss.Ki1       0x0000000020000128        0x4 ./Core/Src/main.o
                0x0000000020000128                Ki1
 .bss.sumpid1   0x000000002000012c        0x4 ./Core/Src/main.o
                0x000000002000012c                sumpid1
 .bss.errorpid1
                0x0000000020000130        0x8 ./Core/Src/main.o
                0x0000000020000130                errorpid1
 .bss.require1  0x0000000020000138        0x4 ./Core/Src/main.o
                0x0000000020000138                require1
 .bss.Kd2       0x000000002000013c        0x4 ./Core/Src/main.o
                0x000000002000013c                Kd2
 .bss.Ki2       0x0000000020000140        0x4 ./Core/Src/main.o
                0x0000000020000140                Ki2
 .bss.sumpid2   0x0000000020000144        0x4 ./Core/Src/main.o
                0x0000000020000144                sumpid2
 .bss.errorpid2
                0x0000000020000148        0x8 ./Core/Src/main.o
                0x0000000020000148                errorpid2
 .bss.require2  0x0000000020000150        0x4 ./Core/Src/main.o
                0x0000000020000150                require2
 .bss.Kd3       0x0000000020000154        0x4 ./Core/Src/main.o
                0x0000000020000154                Kd3
 .bss.Ki3       0x0000000020000158        0x4 ./Core/Src/main.o
                0x0000000020000158                Ki3
 .bss.sumpid3   0x000000002000015c        0x4 ./Core/Src/main.o
                0x000000002000015c                sumpid3
 .bss.errorpid3
                0x0000000020000160        0x8 ./Core/Src/main.o
                0x0000000020000160                errorpid3
 .bss.require3  0x0000000020000168        0x4 ./Core/Src/main.o
                0x0000000020000168                require3
 .bss.limitswitch1
                0x000000002000016c        0x4 ./Core/Src/main.o
                0x000000002000016c                limitswitch1
 .bss.limitswitch2
                0x0000000020000170        0x4 ./Core/Src/main.o
                0x0000000020000170                limitswitch2
 .bss.limitswitch3
                0x0000000020000174        0x4 ./Core/Src/main.o
                0x0000000020000174                limitswitch3
 .bss.limitswitchc1
                0x0000000020000178        0x4 ./Core/Src/main.o
                0x0000000020000178                limitswitchc1
 .bss.limitswitchc2
                0x000000002000017c        0x4 ./Core/Src/main.o
                0x000000002000017c                limitswitchc2
 .bss.limitswitchc3
                0x0000000020000180        0x4 ./Core/Src/main.o
                0x0000000020000180                limitswitchc3
 .bss.distancemetre1
                0x0000000020000184        0x4 ./Core/Src/main.o
                0x0000000020000184                distancemetre1
 .bss.distancemetre2
                0x0000000020000188        0x4 ./Core/Src/main.o
                0x0000000020000188                distancemetre2
 .bss.distancemetre3
                0x000000002000018c        0x4 ./Core/Src/main.o
                0x000000002000018c                distancemetre3
 .bss.velocitymetre1
                0x0000000020000190        0x4 ./Core/Src/main.o
                0x0000000020000190                velocitymetre1
 .bss.velocitymetre2
                0x0000000020000194        0x4 ./Core/Src/main.o
                0x0000000020000194                velocitymetre2
 .bss.velocitymetre3
                0x0000000020000198        0x4 ./Core/Src/main.o
                0x0000000020000198                velocitymetre3
 .bss.distancepulse1
                0x000000002000019c        0x4 ./Core/Src/main.o
                0x000000002000019c                distancepulse1
 .bss.distancepulse2
                0x00000000200001a0        0x4 ./Core/Src/main.o
                0x00000000200001a0                distancepulse2
 .bss.distancepulse3
                0x00000000200001a4        0x4 ./Core/Src/main.o
                0x00000000200001a4                distancepulse3
 .bss.velocitypulse1
                0x00000000200001a8        0x4 ./Core/Src/main.o
                0x00000000200001a8                velocitypulse1
 .bss.velocitypulse2
                0x00000000200001ac        0x4 ./Core/Src/main.o
                0x00000000200001ac                velocitypulse2
 .bss.velocitypulse3
                0x00000000200001b0        0x4 ./Core/Src/main.o
                0x00000000200001b0                velocitypulse3
 .bss.distancestamp1
                0x00000000200001b4        0x4 ./Core/Src/main.o
                0x00000000200001b4                distancestamp1
 .bss.olddistance1
                0x00000000200001b8        0x4 ./Core/Src/main.o
                0x00000000200001b8                olddistance1
 .bss.distance1tozero
                0x00000000200001bc        0x4 ./Core/Src/main.o
                0x00000000200001bc                distance1tozero
 .bss.distance3tozero
                0x00000000200001c0        0x4 ./Core/Src/main.o
                0x00000000200001c0                distance3tozero
 .bss.error1    0x00000000200001c4        0x4 ./Core/Src/main.o
                0x00000000200001c4                error1
 .bss.error2    0x00000000200001c8        0x4 ./Core/Src/main.o
                0x00000000200001c8                error2
 .bss.error3    0x00000000200001cc        0x4 ./Core/Src/main.o
                0x00000000200001cc                error3
 .bss.zerostate
                0x00000000200001d0        0x4 ./Core/Src/main.o
                0x00000000200001d0                zerostate
 .bss.oldzerostate
                0x00000000200001d4        0x4 ./Core/Src/main.o
                0x00000000200001d4                oldzerostate
 .bss.activate1
                0x00000000200001d8        0x4 ./Core/Src/main.o
                0x00000000200001d8                activate1
 .bss.activate2
                0x00000000200001dc        0x4 ./Core/Src/main.o
                0x00000000200001dc                activate2
 .bss.activate3
                0x00000000200001e0        0x4 ./Core/Src/main.o
                0x00000000200001e0                activate3
 .bss.ptg1      0x00000000200001e4        0x4 ./Core/Src/main.o
                0x00000000200001e4                ptg1
 .bss.ptg2      0x00000000200001e8        0x4 ./Core/Src/main.o
                0x00000000200001e8                ptg2
 .bss.ptg3      0x00000000200001ec        0x4 ./Core/Src/main.o
                0x00000000200001ec                ptg3
 .bss.Timestamp_Encoder
                0x00000000200001f0        0x8 ./Core/Src/main.o
                0x00000000200001f0                Timestamp_Encoder
 .bss.state     0x00000000200001f8        0x4 ./Core/Src/main.o
                0x00000000200001f8                state
 .bss.emergency
                0x00000000200001fc        0x4 ./Core/Src/main.o
                0x00000000200001fc                emergency
 .bss.chance    0x0000000020000200        0x8 ./Core/Src/main.o
                0x0000000020000200                chance
 .bss.initial_time
                0x0000000020000208        0x8 ./Core/Src/main.o
                0x0000000020000208                initial_time
 .bss.EncoderLastTimestamp1.9622
                0x0000000020000210        0x8 ./Core/Src/main.o
 .bss.EncoderLastPosition1.9621
                0x0000000020000218        0x4 ./Core/Src/main.o
 *fill*         0x000000002000021c        0x4 
 .bss.EncoderLastTimestamp2.9624
                0x0000000020000220        0x8 ./Core/Src/main.o
 .bss.EncoderLastPosition2.9623
                0x0000000020000228        0x4 ./Core/Src/main.o
 *fill*         0x000000002000022c        0x4 
 .bss.EncoderLastTimestamp3.9626
                0x0000000020000230        0x8 ./Core/Src/main.o
 .bss.EncoderLastPosition3.9625
                0x0000000020000238        0x4 ./Core/Src/main.o
 *(COMMON)
 *fill*         0x000000002000023c        0x4 
 COMMON         0x0000000020000240      0x3b4 ./Core/Src/main.o
                0x0000000020000240                rc
                0x0000000020000250                xc
                0x0000000020000260                ina226
                0x0000000020000270                htim4
                0x00000000200002b8                inputchar
                0x00000000200002bc                hi2c2
                0x0000000020000310                loadcell
                0x0000000020000338                EncoderTimeDiff3
                0x0000000020000340                lux1
                0x0000000020000348                theCurrent_mA
                0x0000000020000350                htim5
                0x0000000020000398                htim3
                0x00000000200003e0                yc
                0x00000000200003f0                zr
                0x0000000020000408                theVoltage_V
                0x0000000020000410                EncoderTimeDiff1
                0x0000000020000418                pr
                0x0000000020000430                huart1
                0x0000000020000474                yr
                0x000000002000048c                range2
                0x0000000020000490                xr
                0x00000000200004a8                EncoderPositionDiff3
                0x00000000200004ac                zc
                0x00000000200004bc                htim1
                0x0000000020000508                thePower_mA
                0x0000000020000510                weight2
                0x0000000020000514                range1
                0x0000000020000518                huart6
                0x000000002000055c                htim2
                0x00000000200005a4                pc
                0x00000000200005b4                weight1
                0x00000000200005b8                EncoderTimeDiff2
                0x00000000200005c0                loadcell2
                0x00000000200005e8                EncoderPositionDiff2
                0x00000000200005ec                EncoderPositionDiff1
                0x00000000200005f0                lux2
 COMMON         0x00000000200005f4        0x4 ./Drivers/STM32F4xx_HAL_Driver/Src/stm32f4xx_hal.o
                0x00000000200005f4                uwTick
                0x00000000200005f8                . = ALIGN (0x4)
                0x00000000200005f8                _ebss = .
                0x00000000200005f8                __bss_end__ = _ebss

._user_heap_stack
                0x00000000200005f8      0x600 load address 0x0000000008008fbc
                0x00000000200005f8                . = ALIGN (0x8)
                [!provide]                        PROVIDE (end = .)
                0x00000000200005f8                PROVIDE (_end = .)
                0x00000000200007f8                . = (. + _Min_Heap_Size)
 *fill*         0x00000000200005f8      0x200 
                0x0000000020000bf8                . = (. + _Min_Stack_Size)
 *fill*         0x00000000200007f8      0x400 
                0x0000000020000bf8                . = ALIGN (0x8)

/DISCARD/
 libc.a(*)
 libm.a(*)
 libgcc.a(*)

.ARM.attributes
                0x0000000000000000       0x30
 *(.ARM.attributes)
 .ARM.attributes
                0x0000000000000000       0x1e c:/stm32cubeide_1.6.1/stm32cubeide/plugins/com.st.stm32cube.ide.mcu.externaltools.gnu-tools-for-stm32.9-2020-q2-update.win32_2.0.0.202105311346/tools/bin/../lib/gcc/arm-none-eabi/9.3.1/thumb/v7e-m+fp/hard/crti.o
 .ARM.attributes
                0x000000000000001e       0x34 c:/stm32cubeide_1.6.1/stm32cubeide/plugins/com.st.stm32cube.ide.mcu.externaltools.gnu-tools-for-stm32.9-2020-q2-update.win32_2.0.0.202105311346/tools/bin/../lib/gcc/arm-none-eabi/9.3.1/thumb/v7e-m+fp/hard/crtbegin.o
 .ARM.attributes
                0x0000000000000052       0x34 ./Core/Inc/VL6180X.o
 .ARM.attributes
                0x0000000000000086       0x34 ./Core/Src/main.o
 .ARM.attributes
                0x00000000000000ba       0x34 ./Core/Src/stm32f4xx_hal_msp.o
 .ARM.attributes
                0x00000000000000ee       0x34 ./Core/Src/stm32f4xx_it.o
 .ARM.attributes
                0x0000000000000122       0x34 ./Core/Src/system_stm32f4xx.o
 .ARM.attributes
                0x0000000000000156       0x21 ./Core/Startup/startup_stm32f411retx.o
 .ARM.attributes
                0x0000000000000177       0x34 ./Drivers/STM32F4xx_HAL_Driver/Src/stm32f4xx_hal.o
 .ARM.attributes
                0x00000000000001ab       0x34 ./Drivers/STM32F4xx_HAL_Driver/Src/stm32f4xx_hal_cortex.o
 .ARM.attributes
                0x00000000000001df       0x34 ./Drivers/STM32F4xx_HAL_Driver/Src/stm32f4xx_hal_dma.o
 .ARM.attributes
                0x0000000000000213       0x34 ./Drivers/STM32F4xx_HAL_Driver/Src/stm32f4xx_hal_gpio.o
 .ARM.attributes
                0x0000000000000247       0x34 ./Drivers/STM32F4xx_HAL_Driver/Src/stm32f4xx_hal_i2c.o
 .ARM.attributes
                0x000000000000027b       0x34 ./Drivers/STM32F4xx_HAL_Driver/Src/stm32f4xx_hal_rcc.o
 .ARM.attributes
                0x00000000000002af       0x34 ./Drivers/STM32F4xx_HAL_Driver/Src/stm32f4xx_hal_tim.o
 .ARM.attributes
                0x00000000000002e3       0x34 ./Drivers/STM32F4xx_HAL_Driver/Src/stm32f4xx_hal_tim_ex.o
 .ARM.attributes
                0x0000000000000317       0x34 ./Drivers/STM32F4xx_HAL_Driver/Src/stm32f4xx_hal_uart.o
 .ARM.attributes
                0x000000000000034b       0x34 c:/stm32cubeide_1.6.1/stm32cubeide/plugins/com.st.stm32cube.ide.mcu.externaltools.gnu-tools-for-stm32.9-2020-q2-update.win32_2.0.0.202105311346/tools/bin/../lib/gcc/arm-none-eabi/9.3.1/../../../../arm-none-eabi/lib/thumb/v7e-m+fp/hard\libc_nano.a(lib_a-init.o)
 .ARM.attributes
                0x000000000000037f       0x34 c:/stm32cubeide_1.6.1/stm32cubeide/plugins/com.st.stm32cube.ide.mcu.externaltools.gnu-tools-for-stm32.9-2020-q2-update.win32_2.0.0.202105311346/tools/bin/../lib/gcc/arm-none-eabi/9.3.1/../../../../arm-none-eabi/lib/thumb/v7e-m+fp/hard\libc_nano.a(lib_a-memset.o)
 .ARM.attributes
                0x00000000000003b3       0x1e c:/stm32cubeide_1.6.1/stm32cubeide/plugins/com.st.stm32cube.ide.mcu.externaltools.gnu-tools-for-stm32.9-2020-q2-update.win32_2.0.0.202105311346/tools/bin/../lib/gcc/arm-none-eabi/9.3.1/thumb/v7e-m+fp/hard\libgcc.a(_arm_addsubdf3.o)
 .ARM.attributes
                0x00000000000003d1       0x1e c:/stm32cubeide_1.6.1/stm32cubeide/plugins/com.st.stm32cube.ide.mcu.externaltools.gnu-tools-for-stm32.9-2020-q2-update.win32_2.0.0.202105311346/tools/bin/../lib/gcc/arm-none-eabi/9.3.1/thumb/v7e-m+fp/hard\libgcc.a(_arm_muldivdf3.o)
 .ARM.attributes
                0x00000000000003ef       0x1e c:/stm32cubeide_1.6.1/stm32cubeide/plugins/com.st.stm32cube.ide.mcu.externaltools.gnu-tools-for-stm32.9-2020-q2-update.win32_2.0.0.202105311346/tools/bin/../lib/gcc/arm-none-eabi/9.3.1/thumb/v7e-m+fp/hard\libgcc.a(_arm_cmpdf2.o)
 .ARM.attributes
                0x000000000000040d       0x1e c:/stm32cubeide_1.6.1/stm32cubeide/plugins/com.st.stm32cube.ide.mcu.externaltools.gnu-tools-for-stm32.9-2020-q2-update.win32_2.0.0.202105311346/tools/bin/../lib/gcc/arm-none-eabi/9.3.1/thumb/v7e-m+fp/hard\libgcc.a(_arm_truncdfsf2.o)
 .ARM.attributes
                0x000000000000042b       0x1e c:/stm32cubeide_1.6.1/stm32cubeide/plugins/com.st.stm32cube.ide.mcu.externaltools.gnu-tools-for-stm32.9-2020-q2-update.win32_2.0.0.202105311346/tools/bin/../lib/gcc/arm-none-eabi/9.3.1/thumb/v7e-m+fp/hard\libgcc.a(_arm_addsubsf3.o)
 .ARM.attributes
                0x0000000000000449       0x1e c:/stm32cubeide_1.6.1/stm32cubeide/plugins/com.st.stm32cube.ide.mcu.externaltools.gnu-tools-for-stm32.9-2020-q2-update.win32_2.0.0.202105311346/tools/bin/../lib/gcc/arm-none-eabi/9.3.1/thumb/v7e-m+fp/hard\libgcc.a(_aeabi_uldivmod.o)
 .ARM.attributes
                0x0000000000000467       0x34 c:/stm32cubeide_1.6.1/stm32cubeide/plugins/com.st.stm32cube.ide.mcu.externaltools.gnu-tools-for-stm32.9-2020-q2-update.win32_2.0.0.202105311346/tools/bin/../lib/gcc/arm-none-eabi/9.3.1/thumb/v7e-m+fp/hard\libgcc.a(_udivmoddi4.o)
 .ARM.attributes
                0x000000000000049b       0x1e c:/stm32cubeide_1.6.1/stm32cubeide/plugins/com.st.stm32cube.ide.mcu.externaltools.gnu-tools-for-stm32.9-2020-q2-update.win32_2.0.0.202105311346/tools/bin/../lib/gcc/arm-none-eabi/9.3.1/thumb/v7e-m+fp/hard\libgcc.a(_dvmd_tls.o)
 .ARM.attributes
                0x00000000000004b9       0x1e c:/stm32cubeide_1.6.1/stm32cubeide/plugins/com.st.stm32cube.ide.mcu.externaltools.gnu-tools-for-stm32.9-2020-q2-update.win32_2.0.0.202105311346/tools/bin/../lib/gcc/arm-none-eabi/9.3.1/thumb/v7e-m+fp/hard/crtn.o
OUTPUT(ThesisStation.elf elf32-littlearm)
LOAD linker stubs
LOAD c:/stm32cubeide_1.6.1/stm32cubeide/plugins/com.st.stm32cube.ide.mcu.externaltools.gnu-tools-for-stm32.9-2020-q2-update.win32_2.0.0.202105311346/tools/bin/../lib/gcc/arm-none-eabi/9.3.1/../../../../arm-none-eabi/lib/thumb/v7e-m+fp/hard\libc.a
LOAD c:/stm32cubeide_1.6.1/stm32cubeide/plugins/com.st.stm32cube.ide.mcu.externaltools.gnu-tools-for-stm32.9-2020-q2-update.win32_2.0.0.202105311346/tools/bin/../lib/gcc/arm-none-eabi/9.3.1/../../../../arm-none-eabi/lib/thumb/v7e-m+fp/hard\libm.a
LOAD c:/stm32cubeide_1.6.1/stm32cubeide/plugins/com.st.stm32cube.ide.mcu.externaltools.gnu-tools-for-stm32.9-2020-q2-update.win32_2.0.0.202105311346/tools/bin/../lib/gcc/arm-none-eabi/9.3.1/thumb/v7e-m+fp/hard\libgcc.a

.debug_info     0x0000000000000000    0x130ea
 .debug_info    0x0000000000000000      0xa15 ./Core/Inc/VL6180X.o
 .debug_info    0x0000000000000a15     0x33ff ./Core/Src/main.o
 .debug_info    0x0000000000003e14     0x146c ./Core/Src/stm32f4xx_hal_msp.o
 .debug_info    0x0000000000005280      0xb07 ./Core/Src/stm32f4xx_it.o
 .debug_info    0x0000000000005d87      0x5d0 ./Core/Src/system_stm32f4xx.o
 .debug_info    0x0000000000006357       0x22 ./Core/Startup/startup_stm32f411retx.o
 .debug_info    0x0000000000006379      0x944 ./Drivers/STM32F4xx_HAL_Driver/Src/stm32f4xx_hal.o
 .debug_info    0x0000000000006cbd      0xe47 ./Drivers/STM32F4xx_HAL_Driver/Src/stm32f4xx_hal_cortex.o
 .debug_info    0x0000000000007b04      0x9e9 ./Drivers/STM32F4xx_HAL_Driver/Src/stm32f4xx_hal_dma.o
 .debug_info    0x00000000000084ed      0x862 ./Drivers/STM32F4xx_HAL_Driver/Src/stm32f4xx_hal_gpio.o
 .debug_info    0x0000000000008d4f     0x2653 ./Drivers/STM32F4xx_HAL_Driver/Src/stm32f4xx_hal_i2c.o
 .debug_info    0x000000000000b3a2      0x9be ./Drivers/STM32F4xx_HAL_Driver/Src/stm32f4xx_hal_rcc.o
 .debug_info    0x000000000000bd60     0x2c1a ./Drivers/STM32F4xx_HAL_Driver/Src/stm32f4xx_hal_tim.o
 .debug_info    0x000000000000e97a     0x159a ./Drivers/STM32F4xx_HAL_Driver/Src/stm32f4xx_hal_tim_ex.o
 .debug_info    0x000000000000ff14     0x31d6 ./Drivers/STM32F4xx_HAL_Driver/Src/stm32f4xx_hal_uart.o

.debug_abbrev   0x0000000000000000     0x21a2
 .debug_abbrev  0x0000000000000000      0x2ad ./Core/Inc/VL6180X.o
 .debug_abbrev  0x00000000000002ad      0x3a9 ./Core/Src/main.o
 .debug_abbrev  0x0000000000000656      0x206 ./Core/Src/stm32f4xx_hal_msp.o
 .debug_abbrev  0x000000000000085c      0x1a1 ./Core/Src/stm32f4xx_it.o
 .debug_abbrev  0x00000000000009fd      0x145 ./Core/Src/system_stm32f4xx.o
 .debug_abbrev  0x0000000000000b42       0x12 ./Core/Startup/startup_stm32f411retx.o
 .debug_abbrev  0x0000000000000b54      0x21e ./Drivers/STM32F4xx_HAL_Driver/Src/stm32f4xx_hal.o
 .debug_abbrev  0x0000000000000d72      0x33c ./Drivers/STM32F4xx_HAL_Driver/Src/stm32f4xx_hal_cortex.o
 .debug_abbrev  0x00000000000010ae      0x219 ./Drivers/STM32F4xx_HAL_Driver/Src/stm32f4xx_hal_dma.o
 .debug_abbrev  0x00000000000012c7      0x1f1 ./Drivers/STM32F4xx_HAL_Driver/Src/stm32f4xx_hal_gpio.o
 .debug_abbrev  0x00000000000014b8      0x293 ./Drivers/STM32F4xx_HAL_Driver/Src/stm32f4xx_hal_i2c.o
 .debug_abbrev  0x000000000000174b      0x275 ./Drivers/STM32F4xx_HAL_Driver/Src/stm32f4xx_hal_rcc.o
 .debug_abbrev  0x00000000000019c0      0x26f ./Drivers/STM32F4xx_HAL_Driver/Src/stm32f4xx_hal_tim.o
 .debug_abbrev  0x0000000000001c2f      0x277 ./Drivers/STM32F4xx_HAL_Driver/Src/stm32f4xx_hal_tim_ex.o
 .debug_abbrev  0x0000000000001ea6      0x2fc ./Drivers/STM32F4xx_HAL_Driver/Src/stm32f4xx_hal_uart.o

.debug_aranges  0x0000000000000000     0x1088
 .debug_aranges
                0x0000000000000000       0xa0 ./Core/Inc/VL6180X.o
 .debug_aranges
                0x00000000000000a0      0x140 ./Core/Src/main.o
 .debug_aranges
                0x00000000000001e0       0x68 ./Core/Src/stm32f4xx_hal_msp.o
 .debug_aranges
                0x0000000000000248       0xa0 ./Core/Src/stm32f4xx_it.o
 .debug_aranges
                0x00000000000002e8       0x28 ./Core/Src/system_stm32f4xx.o
 .debug_aranges
                0x0000000000000310       0x28 ./Core/Startup/startup_stm32f411retx.o
 .debug_aranges
                0x0000000000000338       0xf0 ./Drivers/STM32F4xx_HAL_Driver/Src/stm32f4xx_hal.o
 .debug_aranges
                0x0000000000000428      0x118 ./Drivers/STM32F4xx_HAL_Driver/Src/stm32f4xx_hal_cortex.o
 .debug_aranges
                0x0000000000000540       0x90 ./Drivers/STM32F4xx_HAL_Driver/Src/stm32f4xx_hal_dma.o
 .debug_aranges
                0x00000000000005d0       0x58 ./Drivers/STM32F4xx_HAL_Driver/Src/stm32f4xx_hal_gpio.o
 .debug_aranges
                0x0000000000000628      0x2a0 ./Drivers/STM32F4xx_HAL_Driver/Src/stm32f4xx_hal_i2c.o
 .debug_aranges
                0x00000000000008c8       0x88 ./Drivers/STM32F4xx_HAL_Driver/Src/stm32f4xx_hal_rcc.o
 .debug_aranges
                0x0000000000000950      0x3d0 ./Drivers/STM32F4xx_HAL_Driver/Src/stm32f4xx_hal_tim.o
 .debug_aranges
                0x0000000000000d20      0x168 ./Drivers/STM32F4xx_HAL_Driver/Src/stm32f4xx_hal_tim_ex.o
 .debug_aranges
                0x0000000000000e88      0x200 ./Drivers/STM32F4xx_HAL_Driver/Src/stm32f4xx_hal_uart.o

.debug_ranges   0x0000000000000000      0xff8
 .debug_ranges  0x0000000000000000       0x90 ./Core/Inc/VL6180X.o
 .debug_ranges  0x0000000000000090      0x130 ./Core/Src/main.o
 .debug_ranges  0x00000000000001c0       0x58 ./Core/Src/stm32f4xx_hal_msp.o
 .debug_ranges  0x0000000000000218       0x90 ./Core/Src/stm32f4xx_it.o
 .debug_ranges  0x00000000000002a8       0x18 ./Core/Src/system_stm32f4xx.o
 .debug_ranges  0x00000000000002c0       0x20 ./Core/Startup/startup_stm32f411retx.o
 .debug_ranges  0x00000000000002e0       0xe0 ./Drivers/STM32F4xx_HAL_Driver/Src/stm32f4xx_hal.o
 .debug_ranges  0x00000000000003c0      0x108 ./Drivers/STM32F4xx_HAL_Driver/Src/stm32f4xx_hal_cortex.o
 .debug_ranges  0x00000000000004c8       0x80 ./Drivers/STM32F4xx_HAL_Driver/Src/stm32f4xx_hal_dma.o
 .debug_ranges  0x0000000000000548       0x48 ./Drivers/STM32F4xx_HAL_Driver/Src/stm32f4xx_hal_gpio.o
 .debug_ranges  0x0000000000000590      0x2b8 ./Drivers/STM32F4xx_HAL_Driver/Src/stm32f4xx_hal_i2c.o
 .debug_ranges  0x0000000000000848       0x78 ./Drivers/STM32F4xx_HAL_Driver/Src/stm32f4xx_hal_rcc.o
 .debug_ranges  0x00000000000008c0      0x3c0 ./Drivers/STM32F4xx_HAL_Driver/Src/stm32f4xx_hal_tim.o
 .debug_ranges  0x0000000000000c80      0x158 ./Drivers/STM32F4xx_HAL_Driver/Src/stm32f4xx_hal_tim_ex.o
 .debug_ranges  0x0000000000000dd8      0x220 ./Drivers/STM32F4xx_HAL_Driver/Src/stm32f4xx_hal_uart.o

.debug_macro    0x0000000000000000     0x211e
 .debug_macro   0x0000000000000000      0x20e ./Core/Inc/VL6180X.o
 .debug_macro   0x000000000000020e       0x8e ./Core/Inc/VL6180X.o
 .debug_macro   0x000000000000029c       0x51 ./Core/Inc/VL6180X.o
 .debug_macro   0x00000000000002ed      0x174 ./Core/Inc/VL6180X.o
 .debug_macro   0x0000000000000461       0x3a ./Core/Inc/VL6180X.o
 .debug_macro   0x000000000000049b       0xd6 ./Core/Inc/VL6180X.o
 .debug_macro   0x0000000000000571      0x30d ./Core/Src/main.o
 .debug_macro   0x000000000000087e       0x52 ./Core/Src/main.o
 .debug_macro   0x00000000000008d0       0x34 ./Core/Src/main.o
 .debug_macro   0x0000000000000904       0x10 ./Core/Src/main.o
 .debug_macro   0x0000000000000914       0x35 ./Core/Src/main.o
 .debug_macro   0x0000000000000949      0x1f6 ./Core/Src/stm32f4xx_hal_msp.o
 .debug_macro   0x0000000000000b3f      0x200 ./Core/Src/stm32f4xx_it.o
 .debug_macro   0x0000000000000d3f      0x1e7 ./Core/Src/system_stm32f4xx.o
 .debug_macro   0x0000000000000f26      0x247 ./Drivers/STM32F4xx_HAL_Driver/Src/stm32f4xx_hal.o
 .debug_macro   0x000000000000116d      0x1e7 ./Drivers/STM32F4xx_HAL_Driver/Src/stm32f4xx_hal_cortex.o
 .debug_macro   0x0000000000001354      0x1ed ./Drivers/STM32F4xx_HAL_Driver/Src/stm32f4xx_hal_dma.o
 .debug_macro   0x0000000000001541      0x1ed ./Drivers/STM32F4xx_HAL_Driver/Src/stm32f4xx_hal_gpio.o
 .debug_macro   0x000000000000172e      0x22e ./Drivers/STM32F4xx_HAL_Driver/Src/stm32f4xx_hal_i2c.o
 .debug_macro   0x000000000000195c      0x20b ./Drivers/STM32F4xx_HAL_Driver/Src/stm32f4xx_hal_rcc.o
 .debug_macro   0x0000000000001b67      0x1e8 ./Drivers/STM32F4xx_HAL_Driver/Src/stm32f4xx_hal_tim.o
 .debug_macro   0x0000000000001d4f      0x1e7 ./Drivers/STM32F4xx_HAL_Driver/Src/stm32f4xx_hal_tim_ex.o
 .debug_macro   0x0000000000001f36      0x1e8 ./Drivers/STM32F4xx_HAL_Driver/Src/stm32f4xx_hal_uart.o

.debug_line     0x0000000000000000    0x1324d
 .debug_line    0x0000000000000000      0x9cb ./Core/Inc/VL6180X.o
 .debug_line    0x00000000000009cb     0x1f3d ./Core/Src/main.o
 .debug_line    0x0000000000002908      0x914 ./Core/Src/stm32f4xx_hal_msp.o
 .debug_line    0x000000000000321c      0x86e ./Core/Src/stm32f4xx_it.o
 .debug_line    0x0000000000003a8a      0x76d ./Core/Src/system_stm32f4xx.o
 .debug_line    0x00000000000041f7       0x88 ./Core/Startup/startup_stm32f411retx.o
 .debug_line    0x000000000000427f      0x9d3 ./Drivers/STM32F4xx_HAL_Driver/Src/stm32f4xx_hal.o
 .debug_line    0x0000000000004c52      0xc82 ./Drivers/STM32F4xx_HAL_Driver/Src/stm32f4xx_hal_cortex.o
 .debug_line    0x00000000000058d4      0xf38 ./Drivers/STM32F4xx_HAL_Driver/Src/stm32f4xx_hal_dma.o
 .debug_line    0x000000000000680c      0xb0d ./Drivers/STM32F4xx_HAL_Driver/Src/stm32f4xx_hal_gpio.o
 .debug_line    0x0000000000007319     0x397f ./Drivers/STM32F4xx_HAL_Driver/Src/stm32f4xx_hal_i2c.o
 .debug_line    0x000000000000ac98      0xd4f ./Drivers/STM32F4xx_HAL_Driver/Src/stm32f4xx_hal_rcc.o
 .debug_line    0x000000000000b9e7     0x34a1 ./Drivers/STM32F4xx_HAL_Driver/Src/stm32f4xx_hal_tim.o
 .debug_line    0x000000000000ee88     0x196b ./Drivers/STM32F4xx_HAL_Driver/Src/stm32f4xx_hal_tim_ex.o
 .debug_line    0x00000000000107f3     0x2a5a ./Drivers/STM32F4xx_HAL_Driver/Src/stm32f4xx_hal_uart.o

.debug_str      0x0000000000000000    0x92042
 .debug_str     0x0000000000000000    0x88bd3 ./Core/Inc/VL6180X.o
                                      0x88ed7 (size before relaxing)
 .debug_str     0x0000000000088bd3     0x5f40 ./Core/Src/main.o
                                      0x8ee68 (size before relaxing)
 .debug_str     0x000000000008eb13      0x101 ./Core/Src/stm32f4xx_hal_msp.o
                                      0x8933a (size before relaxing)
 .debug_str     0x000000000008ec14      0x14a ./Core/Src/stm32f4xx_it.o
                                      0x88c15 (size before relaxing)
 .debug_str     0x000000000008ed5e       0xaf ./Core/Src/system_stm32f4xx.o
                                      0x88496 (size before relaxing)
 .debug_str     0x000000000008ee0d       0x36 ./Core/Startup/startup_stm32f411retx.o
                                         0x76 (size before relaxing)
 .debug_str     0x000000000008ee43      0x58d ./Drivers/STM32F4xx_HAL_Driver/Src/stm32f4xx_hal.o
                                      0x88e20 (size before relaxing)
 .debug_str     0x000000000008f3d0      0x399 ./Drivers/STM32F4xx_HAL_Driver/Src/stm32f4xx_hal_cortex.o
                                      0x88bfd (size before relaxing)
 .debug_str     0x000000000008f769      0x31d ./Drivers/STM32F4xx_HAL_Driver/Src/stm32f4xx_hal_dma.o
                                      0x888ae (size before relaxing)
 .debug_str     0x000000000008fa86      0x13f ./Drivers/STM32F4xx_HAL_Driver/Src/stm32f4xx_hal_gpio.o
                                      0x8863d (size before relaxing)
 .debug_str     0x000000000008fbc5      0xab8 ./Drivers/STM32F4xx_HAL_Driver/Src/stm32f4xx_hal_i2c.o
                                      0x8940b (size before relaxing)
 .debug_str     0x000000000009067d      0x243 ./Drivers/STM32F4xx_HAL_Driver/Src/stm32f4xx_hal_rcc.o
                                      0x88898 (size before relaxing)
 .debug_str     0x00000000000908c0      0xca4 ./Drivers/STM32F4xx_HAL_Driver/Src/stm32f4xx_hal_tim.o
                                      0x897b3 (size before relaxing)
 .debug_str     0x0000000000091564      0x4ee ./Drivers/STM32F4xx_HAL_Driver/Src/stm32f4xx_hal_tim_ex.o
                                      0x88f64 (size before relaxing)
 .debug_str     0x0000000000091a52      0x5f0 ./Drivers/STM32F4xx_HAL_Driver/Src/stm32f4xx_hal_uart.o
                                      0x88e0c (size before relaxing)

.comment        0x0000000000000000       0x53
 .comment       0x0000000000000000       0x53 ./Core/Inc/VL6180X.o
                                         0x54 (size before relaxing)
 .comment       0x0000000000000053       0x54 ./Core/Src/main.o
 .comment       0x0000000000000053       0x54 ./Core/Src/stm32f4xx_hal_msp.o
 .comment       0x0000000000000053       0x54 ./Core/Src/stm32f4xx_it.o
 .comment       0x0000000000000053       0x54 ./Core/Src/system_stm32f4xx.o
 .comment       0x0000000000000053       0x54 ./Drivers/STM32F4xx_HAL_Driver/Src/stm32f4xx_hal.o
 .comment       0x0000000000000053       0x54 ./Drivers/STM32F4xx_HAL_Driver/Src/stm32f4xx_hal_cortex.o
 .comment       0x0000000000000053       0x54 ./Drivers/STM32F4xx_HAL_Driver/Src/stm32f4xx_hal_dma.o
 .comment       0x0000000000000053       0x54 ./Drivers/STM32F4xx_HAL_Driver/Src/stm32f4xx_hal_gpio.o
 .comment       0x0000000000000053       0x54 ./Drivers/STM32F4xx_HAL_Driver/Src/stm32f4xx_hal_i2c.o
 .comment       0x0000000000000053       0x54 ./Drivers/STM32F4xx_HAL_Driver/Src/stm32f4xx_hal_rcc.o
 .comment       0x0000000000000053       0x54 ./Drivers/STM32F4xx_HAL_Driver/Src/stm32f4xx_hal_tim.o
 .comment       0x0000000000000053       0x54 ./Drivers/STM32F4xx_HAL_Driver/Src/stm32f4xx_hal_tim_ex.o
 .comment       0x0000000000000053       0x54 ./Drivers/STM32F4xx_HAL_Driver/Src/stm32f4xx_hal_uart.o

.debug_frame    0x0000000000000000     0x494c
 .debug_frame   0x0000000000000000      0x240 ./Core/Inc/VL6180X.o
 .debug_frame   0x0000000000000240      0x568 ./Core/Src/main.o
 .debug_frame   0x00000000000007a8      0x178 ./Core/Src/stm32f4xx_hal_msp.o
 .debug_frame   0x0000000000000920      0x1e4 ./Core/Src/stm32f4xx_it.o
 .debug_frame   0x0000000000000b04       0x58 ./Core/Src/system_stm32f4xx.o
 .debug_frame   0x0000000000000b5c      0x374 ./Drivers/STM32F4xx_HAL_Driver/Src/stm32f4xx_hal.o
 .debug_frame   0x0000000000000ed0      0x498 ./Drivers/STM32F4xx_HAL_Driver/Src/stm32f4xx_hal_cortex.o
 .debug_frame   0x0000000000001368      0x250 ./Drivers/STM32F4xx_HAL_Driver/Src/stm32f4xx_hal_dma.o
 .debug_frame   0x00000000000015b8      0x14c ./Drivers/STM32F4xx_HAL_Driver/Src/stm32f4xx_hal_gpio.o
 .debug_frame   0x0000000000001704      0xc5c ./Drivers/STM32F4xx_HAL_Driver/Src/stm32f4xx_hal_i2c.o
 .debug_frame   0x0000000000002360      0x1f0 ./Drivers/STM32F4xx_HAL_Driver/Src/stm32f4xx_hal_rcc.o
 .debug_frame   0x0000000000002550     0x11bc ./Drivers/STM32F4xx_HAL_Driver/Src/stm32f4xx_hal_tim.o
 .debug_frame   0x000000000000370c      0x638 ./Drivers/STM32F4xx_HAL_Driver/Src/stm32f4xx_hal_tim_ex.o
 .debug_frame   0x0000000000003d44      0x92c ./Drivers/STM32F4xx_HAL_Driver/Src/stm32f4xx_hal_uart.o
 .debug_frame   0x0000000000004670       0x2c c:/stm32cubeide_1.6.1/stm32cubeide/plugins/com.st.stm32cube.ide.mcu.externaltools.gnu-tools-for-stm32.9-2020-q2-update.win32_2.0.0.202105311346/tools/bin/../lib/gcc/arm-none-eabi/9.3.1/../../../../arm-none-eabi/lib/thumb/v7e-m+fp/hard\libc_nano.a(lib_a-init.o)
 .debug_frame   0x000000000000469c       0x20 c:/stm32cubeide_1.6.1/stm32cubeide/plugins/com.st.stm32cube.ide.mcu.externaltools.gnu-tools-for-stm32.9-2020-q2-update.win32_2.0.0.202105311346/tools/bin/../lib/gcc/arm-none-eabi/9.3.1/../../../../arm-none-eabi/lib/thumb/v7e-m+fp/hard\libc_nano.a(lib_a-memset.o)
 .debug_frame   0x00000000000046bc       0xac c:/stm32cubeide_1.6.1/stm32cubeide/plugins/com.st.stm32cube.ide.mcu.externaltools.gnu-tools-for-stm32.9-2020-q2-update.win32_2.0.0.202105311346/tools/bin/../lib/gcc/arm-none-eabi/9.3.1/thumb/v7e-m+fp/hard\libgcc.a(_arm_addsubdf3.o)
 .debug_frame   0x0000000000004768       0x50 c:/stm32cubeide_1.6.1/stm32cubeide/plugins/com.st.stm32cube.ide.mcu.externaltools.gnu-tools-for-stm32.9-2020-q2-update.win32_2.0.0.202105311346/tools/bin/../lib/gcc/arm-none-eabi/9.3.1/thumb/v7e-m+fp/hard\libgcc.a(_arm_muldivdf3.o)
 .debug_frame   0x00000000000047b8       0xc4 c:/stm32cubeide_1.6.1/stm32cubeide/plugins/com.st.stm32cube.ide.mcu.externaltools.gnu-tools-for-stm32.9-2020-q2-update.win32_2.0.0.202105311346/tools/bin/../lib/gcc/arm-none-eabi/9.3.1/thumb/v7e-m+fp/hard\libgcc.a(_arm_cmpdf2.o)
 .debug_frame   0x000000000000487c       0x24 c:/stm32cubeide_1.6.1/stm32cubeide/plugins/com.st.stm32cube.ide.mcu.externaltools.gnu-tools-for-stm32.9-2020-q2-update.win32_2.0.0.202105311346/tools/bin/../lib/gcc/arm-none-eabi/9.3.1/thumb/v7e-m+fp/hard\libgcc.a(_arm_truncdfsf2.o)
 .debug_frame   0x00000000000048a0       0x4c c:/stm32cubeide_1.6.1/stm32cubeide/plugins/com.st.stm32cube.ide.mcu.externaltools.gnu-tools-for-stm32.9-2020-q2-update.win32_2.0.0.202105311346/tools/bin/../lib/gcc/arm-none-eabi/9.3.1/thumb/v7e-m+fp/hard\libgcc.a(_arm_addsubsf3.o)
 .debug_frame   0x00000000000048ec       0x2c c:/stm32cubeide_1.6.1/stm32cubeide/plugins/com.st.stm32cube.ide.mcu.externaltools.gnu-tools-for-stm32.9-2020-q2-update.win32_2.0.0.202105311346/tools/bin/../lib/gcc/arm-none-eabi/9.3.1/thumb/v7e-m+fp/hard\libgcc.a(_aeabi_uldivmod.o)
 .debug_frame   0x0000000000004918       0x34 c:/stm32cubeide_1.6.1/stm32cubeide/plugins/com.st.stm32cube.ide.mcu.externaltools.gnu-tools-for-stm32.9-2020-q2-update.win32_2.0.0.202105311346/tools/bin/../lib/gcc/arm-none-eabi/9.3.1/thumb/v7e-m+fp/hard\libgcc.a(_udivmoddi4.o)
