Archive member included to satisfy reference by file (symbol)

c:/stm32cubeide_1.6.1/stm32cubeide/plugins/com.st.stm32cube.ide.mcu.externaltools.gnu-tools-for-stm32.10.3-2021.10.win32_1.0.0.202111181127/tools/bin/../lib/gcc/arm-none-eabi/10.3.1/../../../../arm-none-eabi/lib/thumb/v7e-m+fp/hard\libc_nano.a(lib_a-errno.o)
                              ./Core/Src/syscalls.o (__errno)
c:/stm32cubeide_1.6.1/stm32cubeide/plugins/com.st.stm32cube.ide.mcu.externaltools.gnu-tools-for-stm32.10.3-2021.10.win32_1.0.0.202111181127/tools/bin/../lib/gcc/arm-none-eabi/10.3.1/../../../../arm-none-eabi/lib/thumb/v7e-m+fp/hard\libc_nano.a(lib_a-exit.o)
                              c:/stm32cubeide_1.6.1/stm32cubeide/plugins/com.st.stm32cube.ide.mcu.externaltools.gnu-tools-for-stm32.10.3-2021.10.win32_1.0.0.202111181127/tools/bin/../lib/gcc/arm-none-eabi/10.3.1/../../../../arm-none-eabi/lib/thumb/v7e-m+fp/hard/crt0.o (exit)
c:/stm32cubeide_1.6.1/stm32cubeide/plugins/com.st.stm32cube.ide.mcu.externaltools.gnu-tools-for-stm32.10.3-2021.10.win32_1.0.0.202111181127/tools/bin/../lib/gcc/arm-none-eabi/10.3.1/../../../../arm-none-eabi/lib/thumb/v7e-m+fp/hard\libc_nano.a(lib_a-impure.o)
                              c:/stm32cubeide_1.6.1/stm32cubeide/plugins/com.st.stm32cube.ide.mcu.externaltools.gnu-tools-for-stm32.10.3-2021.10.win32_1.0.0.202111181127/tools/bin/../lib/gcc/arm-none-eabi/10.3.1/../../../../arm-none-eabi/lib/thumb/v7e-m+fp/hard\libc_nano.a(lib_a-exit.o) (_global_impure_ptr)
c:/stm32cubeide_1.6.1/stm32cubeide/plugins/com.st.stm32cube.ide.mcu.externaltools.gnu-tools-for-stm32.10.3-2021.10.win32_1.0.0.202111181127/tools/bin/../lib/gcc/arm-none-eabi/10.3.1/../../../../arm-none-eabi/lib/thumb/v7e-m+fp/hard\libc_nano.a(lib_a-init.o)
                              c:/stm32cubeide_1.6.1/stm32cubeide/plugins/com.st.stm32cube.ide.mcu.externaltools.gnu-tools-for-stm32.10.3-2021.10.win32_1.0.0.202111181127/tools/bin/../lib/gcc/arm-none-eabi/10.3.1/../../../../arm-none-eabi/lib/thumb/v7e-m+fp/hard/crt0.o (__libc_init_array)
c:/stm32cubeide_1.6.1/stm32cubeide/plugins/com.st.stm32cube.ide.mcu.externaltools.gnu-tools-for-stm32.10.3-2021.10.win32_1.0.0.202111181127/tools/bin/../lib/gcc/arm-none-eabi/10.3.1/../../../../arm-none-eabi/lib/thumb/v7e-m+fp/hard\libc_nano.a(lib_a-memset.o)
                              c:/stm32cubeide_1.6.1/stm32cubeide/plugins/com.st.stm32cube.ide.mcu.externaltools.gnu-tools-for-stm32.10.3-2021.10.win32_1.0.0.202111181127/tools/bin/../lib/gcc/arm-none-eabi/10.3.1/../../../../arm-none-eabi/lib/thumb/v7e-m+fp/hard/crt0.o (memset)
c:/stm32cubeide_1.6.1/stm32cubeide/plugins/com.st.stm32cube.ide.mcu.externaltools.gnu-tools-for-stm32.10.3-2021.10.win32_1.0.0.202111181127/tools/bin/../lib/gcc/arm-none-eabi/10.3.1/../../../../arm-none-eabi/lib/thumb/v7e-m+fp/hard\libc_nano.a(lib_a-sprintf.o)
                              ./Core/Src/main.o (sprintf)
c:/stm32cubeide_1.6.1/stm32cubeide/plugins/com.st.stm32cube.ide.mcu.externaltools.gnu-tools-for-stm32.10.3-2021.10.win32_1.0.0.202111181127/tools/bin/../lib/gcc/arm-none-eabi/10.3.1/../../../../arm-none-eabi/lib/thumb/v7e-m+fp/hard\libc_nano.a(lib_a-nano-svfprintf.o)
                              c:/stm32cubeide_1.6.1/stm32cubeide/plugins/com.st.stm32cube.ide.mcu.externaltools.gnu-tools-for-stm32.10.3-2021.10.win32_1.0.0.202111181127/tools/bin/../lib/gcc/arm-none-eabi/10.3.1/../../../../arm-none-eabi/lib/thumb/v7e-m+fp/hard\libc_nano.a(lib_a-sprintf.o) (_svfprintf_r)
c:/stm32cubeide_1.6.1/stm32cubeide/plugins/com.st.stm32cube.ide.mcu.externaltools.gnu-tools-for-stm32.10.3-2021.10.win32_1.0.0.202111181127/tools/bin/../lib/gcc/arm-none-eabi/10.3.1/../../../../arm-none-eabi/lib/thumb/v7e-m+fp/hard\libc_nano.a(lib_a-nano-vfprintf_i.o)
                              c:/stm32cubeide_1.6.1/stm32cubeide/plugins/com.st.stm32cube.ide.mcu.externaltools.gnu-tools-for-stm32.10.3-2021.10.win32_1.0.0.202111181127/tools/bin/../lib/gcc/arm-none-eabi/10.3.1/../../../../arm-none-eabi/lib/thumb/v7e-m+fp/hard\libc_nano.a(lib_a-nano-svfprintf.o) (_printf_i)
c:/stm32cubeide_1.6.1/stm32cubeide/plugins/com.st.stm32cube.ide.mcu.externaltools.gnu-tools-for-stm32.10.3-2021.10.win32_1.0.0.202111181127/tools/bin/../lib/gcc/arm-none-eabi/10.3.1/../../../../arm-none-eabi/lib/thumb/v7e-m+fp/hard\libc_nano.a(lib_a-memchr.o)
                              c:/stm32cubeide_1.6.1/stm32cubeide/plugins/com.st.stm32cube.ide.mcu.externaltools.gnu-tools-for-stm32.10.3-2021.10.win32_1.0.0.202111181127/tools/bin/../lib/gcc/arm-none-eabi/10.3.1/../../../../arm-none-eabi/lib/thumb/v7e-m+fp/hard\libc_nano.a(lib_a-nano-svfprintf.o) (memchr)
c:/stm32cubeide_1.6.1/stm32cubeide/plugins/com.st.stm32cube.ide.mcu.externaltools.gnu-tools-for-stm32.10.3-2021.10.win32_1.0.0.202111181127/tools/bin/../lib/gcc/arm-none-eabi/10.3.1/../../../../arm-none-eabi/lib/thumb/v7e-m+fp/hard\libc_nano.a(lib_a-memcpy-stub.o)
[...]
Memory Configuration

Name             Origin             Length             Attributes
RAM              0x0000000020000000 0x0000000000020000 xrw
FLASH            0x0000000008000000 0x0000000000080000 xr
*default*        0x0000000000000000 0xffffffffffffffff

Linker script and memory map

LOAD c:/stm32cubeide_1.6.1/stm32cubeide/plugins/com.st.stm32cube.ide.mcu.externaltools.gnu-tools-for-stm32.10.3-2021.10.win32_1.0.0.202111181127/tools/bin/../lib/gcc/arm-none-eabi/10.3.1/thumb/v7e-m+fp/hard/crti.o
LOAD c:/stm32cubeide_1.6.1/stm32cubeide/plugins/com.st.stm32cube.ide.mcu.externaltools.gnu-tools-for-stm32.10.3-2021.10.win32_1.0.0.202111181127/tools/bin/../lib/gcc/arm-none-eabi/10.3.1/thumb/v7e-m+fp/hard/crtbegin.o
LOAD c:/stm32cubeide_1.6.1/stm32cubeide/plugins/com.st.stm32cube.ide.mcu.externaltools.gnu-tools-for-stm32.10.3-2021.10.win32_1.0.0.202111181127/tools/bin/../lib/gcc/arm-none-eabi/10.3.1/../../../../arm-none-eabi/lib/thumb/v7e-m+fp/hard/crt0.o
LOAD ./Core/Inc/Autofox_INA226.o
LOAD ./Core/Inc/VL6180X.o
LOAD ./Core/Inc/hx711.o
LOAD ./Core/Inc/lcd.o
LOAD ./Core/Src/main.o
LOAD ./Core/Src/stm32f4xx_hal_msp.o
LOAD ./Core/Src/stm32f4xx_it.o
LOAD ./Core/Src/syscalls.o
LOAD ./Core/Src/sysmem.o
LOAD ./Core/Src/system_stm32f4xx.o
LOAD ./Core/Startup/startup_stm32f411retx.o
LOAD ./Drivers/STM32F4xx_HAL_Driver/Src/stm32f4xx_hal.o
LOAD ./Drivers/STM32F4xx_HAL_Driver/Src/stm32f4xx_hal_adc.o
LOAD ./Drivers/STM32F4xx_HAL_Driver/Src/stm32f4xx_hal_adc_ex.o
LOAD ./Drivers/STM32F4xx_HAL_Driver/Src/stm32f4xx_hal_cortex.o
LOAD ./Drivers/STM32F4xx_HAL_Driver/Src/stm32f4xx_hal_dma.o
LOAD ./Drivers/STM32F4xx_HAL_Driver/Src/stm32f4xx_hal_dma_ex.o
LOAD ./Drivers/STM32F4xx_HAL_Driver/Src/stm32f4xx_hal_exti.o
LOAD ./Drivers/STM32F4xx_HAL_Driver/Src/stm32f4xx_hal_flash.o
LOAD ./Drivers/STM32F4xx_HAL_Driver/Src/stm32f4xx_hal_flash_ex.o
LOAD ./Drivers/STM32F4xx_HAL_Driver/Src/stm32f4xx_hal_flash_ramfunc.o
LOAD ./Drivers/STM32F4xx_HAL_Driver/Src/stm32f4xx_hal_gpio.o
LOAD ./Drivers/STM32F4xx_HAL_Driver/Src/stm32f4xx_hal_i2c.o
LOAD ./Drivers/STM32F4xx_HAL_Driver/Src/stm32f4xx_hal_i2c_ex.o
LOAD ./Drivers/STM32F4xx_HAL_Driver/Src/stm32f4xx_hal_pwr.o
LOAD ./Drivers/STM32F4xx_HAL_Driver/Src/stm32f4xx_hal_pwr_ex.o
LOAD ./Drivers/STM32F4xx_HAL_Driver/Src/stm32f4xx_hal_rcc.o
LOAD ./Drivers/STM32F4xx_HAL_Driver/Src/stm32f4xx_hal_rcc_ex.o
LOAD ./Drivers/STM32F4xx_HAL_Driver/Src/stm32f4xx_hal_tim.o
LOAD ./Drivers/STM32F4xx_HAL_Driver/Src/stm32f4xx_hal_tim_ex.o
LOAD ./Drivers/STM32F4xx_HAL_Driver/Src/stm32f4xx_hal_uart.o
LOAD ./Drivers/STM32F4xx_HAL_Driver/Src/stm32f4xx_ll_adc.o
START GROUP
LOAD c:/stm32cubeide_1.6.1/stm32cubeide/plugins/com.st.stm32cube.ide.mcu.externaltools.gnu-tools-for-stm32.10.3-2021.10.win32_1.0.0.202111181127/tools/bin/../lib/gcc/arm-none-eabi/10.3.1/../../../../arm-none-eabi/lib/thumb/v7e-m+fp/hard\libc_nano.a
LOAD c:/stm32cubeide_1.6.1/stm32cubeide/plugins/com.st.stm32cube.ide.mcu.externaltools.gnu-tools-for-stm32.10.3-2021.10.win32_1.0.0.202111181127/tools/bin/../lib/gcc/arm-none-eabi/10.3.1/../../../../arm-none-eabi/lib/thumb/v7e-m+fp/hard\libm.a
END GROUP
START GROUP
LOAD c:/stm32cubeide_1.6.1/stm32cubeide/plugins/com.st.stm32cube.ide.mcu.externaltools.gnu-tools-for-stm32.10.3-2021.10.win32_1.0.0.202111181127/tools/bin/../lib/gcc/arm-none-eabi/10.3.1/thumb/v7e-m+fp/hard\libgcc.a
LOAD c:/stm32cubeide_1.6.1/stm32cubeide/plugins/com.st.stm32cube.ide.mcu.externaltools.gnu-tools-for-stm32.10.3-2021.10.win32_1.0.0.202111181127/tools/bin/../lib/gcc/arm-none-eabi/10.3.1/../../../../arm-none-eabi/lib/thumb/v7e-m+fp/hard\libc_nano.a
END GROUP
START GROUP
LOAD c:/stm32cubeide_1.6.1/stm32cubeide/plugins/com.st.stm32cube.ide.mcu.externaltools.gnu-tools-for-stm32.10.3-2021.10.win32_1.0.0.202111181127/tools/bin/../lib/gcc/arm-none-eabi/10.3.1/thumb/v7e-m+fp/hard\libgcc.a
LOAD c:/stm32cubeide_1.6.1/stm32cubeide/plugins/com.st.stm32cube.ide.mcu.externaltools.gnu-tools-for-stm32.10.3-2021.10.win32_1.0.0.202111181127/tools/bin/../lib/gcc/arm-none-eabi/10.3.1/../../../../arm-none-eabi/lib/thumb/v7e-m+fp/hard\libc_nano.a
LOAD c:/stm32cubeide_1.6.1/stm32cubeide/plugins/com.st.stm32cube.ide.mcu.externaltools.gnu-tools-for-stm32.10.3-2021.10.win32_1.0.0.202111181127/tools/bin/../lib/gcc/arm-none-eabi/10.3.1/../../../../arm-none-eabi/lib/thumb/v7e-m+fp/hard\libnosys.a
END GROUP
START GROUP
LOAD c:/stm32cubeide_1.6.1/stm32cubeide/plugins/com.st.stm32cube.ide.mcu.externaltools.gnu-tools-for-stm32.10.3-2021.10.win32_1.0.0.202111181127/tools/bin/../lib/gcc/arm-none-eabi/10.3.1/thumb/v7e-m+fp/hard\libgcc.a
LOAD c:/stm32cubeide_1.6.1/stm32cubeide/plugins/com.st.stm32cube.ide.mcu.externaltools.gnu-tools-for-stm32.10.3-2021.10.win32_1.0.0.202111181127/tools/bin/../lib/gcc/arm-none-eabi/10.3.1/../../../../arm-none-eabi/lib/thumb/v7e-m+fp/hard\libc_nano.a
LOAD c:/stm32cubeide_1.6.1/stm32cubeide/plugins/com.st.stm32cube.ide.mcu.externaltools.gnu-tools-for-stm32.10.3-2021.10.win32_1.0.0.202111181127/tools/bin/../lib/gcc/arm-none-eabi/10.3.1/../../../../arm-none-eabi/lib/thumb/v7e-m+fp/hard\libnosys.a
END GROUP
LOAD c:/stm32cubeide_1.6.1/stm32cubeide/plugins/com.st.stm32cube.ide.mcu.externaltools.gnu-tools-for-stm32.10.3-2021.10.win32_1.0.0.202111181127/tools/bin/../lib/gcc/arm-none-eabi/10.3.1/thumb/v7e-m+fp/hard/crtend.o
LOAD c:/stm32cubeide_1.6.1/stm32cubeide/plugins/com.st.stm32cube.ide.mcu.externaltools.gnu-tools-for-stm32.10.3-2021.10.win32_1.0.0.202111181127/tools/bin/../lib/gcc/arm-none-eabi/10.3.1/thumb/v7e-m+fp/hard/crtn.o
                0x0000000020020000                _estack = (ORIGIN (RAM) + LENGTH (RAM))
                0x0000000000000200                _Min_Heap_Size = 0x200
                0x0000000000000400                _Min_Stack_Size = 0x400

.isr_vector     0x0000000008000000      0x198
                0x0000000008000000                . = ALIGN (0x4)
 *(.isr_vector)
 .isr_vector    0x0000000008000000      0x198 ./Core/Startup/startup_stm32f411retx.o
                0x0000000008000000                g_pfnVectors
                0x0000000008000198                . = ALIGN (0x4)

.text           0x00000000080001a0     0xdd30
                0x00000000080001a0                . = ALIGN (0x4)
 *(.text)
 .text          0x00000000080001a0       0x40 c:/stm32cubeide_1.6.1/stm32cubeide/plugins/com.st.stm32cube.ide.mcu.externaltools.gnu-tools-for-stm32.10.3-2021.10.win32_1.0.0.202111181127/tools/bin/../lib/gcc/arm-none-eabi/10.3.1/thumb/v7e-m+fp/hard/crtbegin.o
 .text          0x00000000080001e0       0xa0 c:/stm32cubeide_1.6.1/stm32cubeide/plugins/com.st.stm32cube.ide.mcu.externaltools.gnu-tools-for-stm32.10.3-2021.10.win32_1.0.0.202111181127/tools/bin/../lib/gcc/arm-none-eabi/10.3.1/../../../../arm-none-eabi/lib/thumb/v7e-m+fp/hard\libc_nano.a(lib_a-memchr.o)
                0x00000000080001e0                memchr
 .text          0x0000000008000280      0x378 c:/stm32cubeide_1.6.1/stm32cubeide/plugins/com.st.stm32cube.ide.mcu.externaltools.gnu-tools-for-stm32.10.3-2021.10.win32_1.0.0.202111181127/tools/bin/../lib/gcc/arm-none-eabi/10.3.1/thumb/v7e-m+fp/hard\libgcc.a(_arm_addsubdf3.o)
                0x0000000008000280                __aeabi_drsub
                0x0000000008000288                __aeabi_dsub
                0x0000000008000288                __subdf3
                0x000000000800028c                __aeabi_dadd
                0x000000000800028c                __adddf3
                0x0000000008000504                __floatunsidf
                0x0000000008000504                __aeabi_ui2d
                0x0000000008000524                __floatsidf
                0x0000000008000524                __aeabi_i2d
                0x0000000008000548                __aeabi_f2d
                0x0000000008000548                __extendsfdf2
                0x000000000800058c                __floatundidf
                0x000000000800058c                __aeabi_ul2d
                0x000000000800059c                __floatdidf
                0x000000000800059c                __aeabi_l2d
 .text          0x00000000080005f8      0x424 c:/stm32cubeide_1.6.1/stm32cubeide/plugins/com.st.stm32cube.ide.mcu.externaltools.gnu-tools-for-stm32.10.3-2021.10.win32_1.0.0.202111181127/tools/bin/../lib/gcc/arm-none-eabi/10.3.1/thumb/v7e-m+fp/hard\libgcc.a(_arm_muldivdf3.o)
                0x00000000080005f8                __aeabi_dmul
                0x00000000080005f8                __muldf3
                0x000000000800084c                __divdf3
                0x000000000800084c                __aeabi_ddiv
 .text          0x0000000008000a1c      0x110 c:/stm32cubeide_1.6.1/stm32cubeide/plugins/com.st.stm32cube.ide.mcu.externaltools.gnu-tools-for-stm32.10.3-2021.10.win32_1.0.0.202111181127/tools/bin/../lib/gcc/arm-none-eabi/10.3.1/thumb/v7e-m+fp/hard\libgcc.a(_arm_cmpdf2.o)
                0x0000000008000a1c                __gtdf2
                0x0000000008000a1c                __gedf2
                0x0000000008000a24                __ltdf2
                0x0000000008000a24                __ledf2
                0x0000000008000a2c                __nedf2
                0x0000000008000a2c                __eqdf2
                0x0000000008000a2c                __cmpdf2
                0x0000000008000aa8                __aeabi_cdrcmple
                0x0000000008000ab8                __aeabi_cdcmpeq
                0x0000000008000ab8                __aeabi_cdcmple
                0x0000000008000ac8                __aeabi_dcmpeq
                0x0000000008000adc                __aeabi_dcmplt
                0x0000000008000af0                __aeabi_dcmple
                0x0000000008000b04                __aeabi_dcmpge
                0x0000000008000b18                __aeabi_dcmpgt
 .text          0x0000000008000b2c       0x50 c:/stm32cubeide_1.6.1/stm32cubeide/plugins/com.st.stm32cube.ide.mcu.externaltools.gnu-tools-for-stm32.10.3-2021.10.win32_1.0.0.202111181127/tools/bin/../lib/gcc/arm-none-eabi/10.3.1/thumb/v7e-m+fp/hard\libgcc.a(_arm_fixdfsi.o)
                0x0000000008000b2c                __aeabi_d2iz
                0x0000000008000b2c                __fixdfsi
 .text          0x0000000008000b7c       0x40 c:/stm32cubeide_1.6.1/stm32cubeide/plugins/com.st.stm32cube.ide.mcu.externaltools.gnu-tools-for-stm32.10.3-2021.10.win32_1.0.0.202111181127/tools/bin/../lib/gcc/arm-none-eabi/10.3.1/thumb/v7e-m+fp/hard\libgcc.a(_arm_fixunsdfsi.o)
                0x0000000008000b7c                __aeabi_d2uiz
                0x0000000008000b7c                __fixunsdfsi
 .text          0x0000000008000bbc       0xa0 c:/stm32cubeide_1.6.1/stm32cubeide/plugins/com.st.stm32cube.ide.mcu.externaltools.gnu-tools-for-stm32.10.3-2021.10.win32_1.0.0.202111181127/tools/bin/../lib/gcc/arm-none-eabi/10.3.1/thumb/v7e-m+fp/hard\libgcc.a(_arm_truncdfsf2.o)
                0x0000000008000bbc                __truncdfsf2
                0x0000000008000bbc                __aeabi_d2f
 .text          0x0000000008000c5c      0x21c c:/stm32cubeide_1.6.1/stm32cubeide/plugins/com.st.stm32cube.ide.mcu.externaltools.gnu-tools-for-stm32.10.3-2021.10.win32_1.0.0.202111181127/tools/bin/../lib/gcc/arm-none-eabi/10.3.1/thumb/v7e-m+fp/hard\libgcc.a(_arm_addsubsf3.o)
                0x0000000008000c5c                __aeabi_frsub
                0x0000000008000c64                __subsf3
                0x0000000008000c64                __aeabi_fsub
                0x0000000008000c68                __aeabi_fadd
                0x0000000008000c68                __addsf3
                0x0000000008000dc8                __aeabi_ui2f
                0x0000000008000dc8                __floatunsisf
                0x0000000008000dd0                __aeabi_i2f
                0x0000000008000dd0                __floatsisf
                0x0000000008000dec                __aeabi_ul2f
                0x0000000008000dec                __floatundisf
                0x0000000008000dfc                __aeabi_l2f
                0x0000000008000dfc                __floatdisf
 .text          0x0000000008000e78       0x30 c:/stm32cubeide_1.6.1/stm32cubeide/plugins/com.st.stm32cube.ide.mcu.externaltools.gnu-tools-for-stm32.10.3-2021.10.win32_1.0.0.202111181127/tools/bin/../lib/gcc/arm-none-eabi/10.3.1/thumb/v7e-m+fp/hard\libgcc.a(_aeabi_uldivmod.o)
                0x0000000008000e78                __aeabi_uldivmod
 .text          0x0000000008000ea8      0x2d0 c:/stm32cubeide_1.6.1/stm32cubeide/plugins/com.st.stm32cube.ide.mcu.externaltools.gnu-tools-for-stm32.10.3-2021.10.win32_1.0.0.202111181127/tools/bin/../lib/gcc/arm-none-eabi/10.3.1/thumb/v7e-m+fp/hard\libgcc.a(_udivmoddi4.o)
                0x0000000008000ea8                __udivmoddi4
 .text          0x0000000008001178        0x4 c:/stm32cubeide_1.6.1/stm32cubeide/plugins/com.st.stm32cube.ide.mcu.externaltools.gnu-tools-for-stm32.10.3-2021.10.win32_1.0.0.202111181127/tools/bin/../lib/gcc/arm-none-eabi/10.3.1/thumb/v7e-m+fp/hard\libgcc.a(_dvmd_tls.o)
                0x0000000008001178                __aeabi_idiv0
                0x0000000008001178                __aeabi_ldiv0
 *(.text*)
 .text.AutoFox_INA226_Constructor
                0x000000000800117c       0x38 ./Core/Inc/Autofox_INA226.o
                0x000000000800117c                AutoFox_INA226_Constructor
 .text.AutoFox_INA226_Init
                0x00000000080011b4      0x198 ./Core/Inc/Autofox_INA226.o
                0x00000000080011b4                AutoFox_INA226_Init
 *fill*         0x000000000800134c        0x4 
 .text.AutoFox_INA226_setupCalibration
                0x0000000008001350       0xd8 ./Core/Inc/Autofox_INA226.o
                0x0000000008001350                AutoFox_INA226_setupCalibration
 .text.AutoFox_INA226_CheckI2cAddress
                0x0000000008001428       0x38 ./Core/Inc/Autofox_INA226.o
                0x0000000008001428                AutoFox_INA226_CheckI2cAddress
 .text.AutoFox_INA226_ReadRegister
                0x0000000008001460       0x90 ./Core/Inc/Autofox_INA226.o
                0x0000000008001460                AutoFox_INA226_ReadRegister
 .text.AutoFox_INA226_WriteRegister
                0x00000000080014f0       0x5c ./Core/Inc/Autofox_INA226.o
                0x00000000080014f0                AutoFox_INA226_WriteRegister
 .text.AutoFox_INA226_GetCurrent_uA
                0x000000000800154c       0x30 ./Core/Inc/Autofox_INA226.o
                0x000000000800154c                AutoFox_INA226_GetCurrent_uA
 .text.VL6180X_Init
                0x000000000800157c       0x40 ./Core/Inc/VL6180X.o
                0x000000000800157c                VL6180X_Init
 .text.loadSettings
                0x00000000080015bc      0x156 ./Core/Inc/VL6180X.o
                0x00000000080015bc                loadSettings
 .text.VL6180X_readRange
                0x0000000008001712       0x4e ./Core/Inc/VL6180X.o
                0x0000000008001712                VL6180X_readRange
 .text.read8    0x0000000008001760       0x60 ./Core/Inc/VL6180X.o
                0x0000000008001760                read8
 .text.write8   0x00000000080017c0       0x4c ./Core/Inc/VL6180X.o
                0x00000000080017c0                write8
 .text.lcd_send_cmd
                0x000000000800180c      0x144 ./Core/Inc/lcd.o
                0x000000000800180c                lcd_send_cmd
 .text.lcd_send_init
                0x0000000008001950       0xb4 ./Core/Inc/lcd.o
                0x0000000008001950                lcd_send_init
 .text.lcd_send_data
                0x0000000008001a04      0x148 ./Core/Inc/lcd.o
                0x0000000008001a04                lcd_send_data
 .text.lcd_clear
                0x0000000008001b4c       0x2e ./Core/Inc/lcd.o
                0x0000000008001b4c                lcd_clear
 .text.lcd_put_cur
                0x0000000008001b7a       0x3e ./Core/Inc/lcd.o
                0x0000000008001b7a                lcd_put_cur
 .text.lcd_init
                0x0000000008001bb8       0x74 ./Core/Inc/lcd.o
                0x0000000008001bb8                lcd_init
 .text.lcd_send_string
                0x0000000008001c2c       0x3e ./Core/Inc/lcd.o
                0x0000000008001c2c                lcd_send_string
 .text.lcd_write
                0x0000000008001c6a       0x3e ./Core/Inc/lcd.o
                0x0000000008001c6a                lcd_write
 .text.main     0x0000000008001ca8     0x177c ./Core/Src/main.o
                0x0000000008001ca8                main
 .text.SystemClock_Config
                0x0000000008003424       0xd0 ./Core/Src/main.o
                0x0000000008003424                SystemClock_Config
 .text.MX_ADC1_Init
                0x00000000080034f4       0xa4 ./Core/Src/main.o
 .text.MX_I2C2_Init
                0x0000000008003598       0x5c ./Core/Src/main.o
 .text.MX_TIM1_Init
                0x00000000080035f4       0xb0 ./Core/Src/main.o
 .text.MX_TIM2_Init
                0x00000000080036a4       0xa8 ./Core/Src/main.o
 .text.MX_TIM3_Init
                0x000000000800374c       0xa8 ./Core/Src/main.o
 .text.MX_TIM4_Init
                0x00000000080037f4      0x118 ./Core/Src/main.o
 .text.MX_TIM5_Init
                0x000000000800390c       0x9c ./Core/Src/main.o
 .text.MX_USART1_UART_Init
                0x00000000080039a8       0x54 ./Core/Src/main.o
 .text.MX_USART6_UART_Init
                0x00000000080039fc       0x54 ./Core/Src/main.o
 .text.MX_GPIO_Init
                0x0000000008003a50      0x240 ./Core/Src/main.o
 .text.HAL_UART_RxCpltCallback
                0x0000000008003c90       0xb8 ./Core/Src/main.o
                0x0000000008003c90                HAL_UART_RxCpltCallback
 .text.HAL_GPIO_EXTI_Callback
                0x0000000008003d48       0x6c ./Core/Src/main.o
                0x0000000008003d48                HAL_GPIO_EXTI_Callback
 *fill*         0x0000000008003db4        0x4 
 .text.HAL_TIM_PeriodElapsedCallback
                0x0000000008003db8      0x90c ./Core/Src/main.o
                0x0000000008003db8                HAL_TIM_PeriodElapsedCallback
 .text.micros   0x00000000080046c4       0x34 ./Core/Src/main.o
                0x00000000080046c4                micros
 .text.hx711_delay_us
                0x00000000080046f8       0x30 ./Core/Src/main.o
                0x00000000080046f8                hx711_delay_us
 .text.hx711_lock
                0x0000000008004728       0x24 ./Core/Src/main.o
                0x0000000008004728                hx711_lock
 .text.hx711_init
                0x000000000800474c       0xaa ./Core/Src/main.o
                0x000000000800474c                hx711_init
 *fill*         0x00000000080047f6        0x2 
 .text.hx711_value
                0x00000000080047f8      0x12c ./Core/Src/main.o
                0x00000000080047f8                hx711_value
 .text.hx711_tare
                0x0000000008004924      0x19c ./Core/Src/main.o
                0x0000000008004924                hx711_tare
 .text.hx711_calibration
                0x0000000008004ac0       0x32 ./Core/Src/main.o
                0x0000000008004ac0                hx711_calibration
 *fill*         0x0000000008004af2        0x2 
 .text.hx711_weight
                0x0000000008004af4      0x58c ./Core/Src/main.o
                0x0000000008004af4                hx711_weight
 .text.hx711_coef_set
                0x0000000008005080       0x28 ./Core/Src/main.o
                0x0000000008005080                hx711_coef_set
 .text.tcaselect
                0x00000000080050a8       0x3c ./Core/Src/main.o
                0x00000000080050a8                tcaselect
 .text.setResistance
                0x00000000080050e4       0xa0 ./Core/Src/main.o
                0x00000000080050e4                setResistance
 .text.EncoderVelocity_Update
                0x0000000008005184      0x1e8 ./Core/Src/main.o
                0x0000000008005184                EncoderVelocity_Update
 .text.limitswitchlowpass
                0x000000000800536c      0x164 ./Core/Src/main.o
                0x000000000800536c                limitswitchlowpass
 .text.distancemeasurement
                0x00000000080054d0      0x3dc ./Core/Src/main.o
                0x00000000080054d0                distancemeasurement
 *fill*         0x00000000080058ac        0x4 
 .text.velocitymeasurement
                0x00000000080058b0      0x278 ./Core/Src/main.o
                0x00000000080058b0                velocitymeasurement
 .text.gotoposition
                0x0000000008005b28      0x2b8 ./Core/Src/main.o
                0x0000000008005b28                gotoposition
 .text.setzero  0x0000000008005de0      0x228 ./Core/Src/main.o
                0x0000000008005de0                setzero
 .text.pwmdrive
                0x0000000008006008      0x120 ./Core/Src/main.o
                0x0000000008006008                pwmdrive
 .text.loadcell_flushing
                0x0000000008006128       0xc4 ./Core/Src/main.o
                0x0000000008006128                loadcell_flushing
 .text.laser    0x00000000080061ec       0xc4 ./Core/Src/main.o
                0x00000000080061ec                laser
 .text.currentcontrol
                0x00000000080062b0      0x108 ./Core/Src/main.o
                0x00000000080062b0                currentcontrol
 .text.ADCPollingMethodInit
                0x00000000080063b8       0x38 ./Core/Src/main.o
                0x00000000080063b8                ADCPollingMethodInit
 .text.ADCPollingMethodUpdate
                0x00000000080063f0       0x74 ./Core/Src/main.o
                0x00000000080063f0                ADCPollingMethodUpdate
 .text.buttonfunction
                0x0000000008006464      0x164 ./Core/Src/main.o
                0x0000000008006464                buttonfunction
 .text.Error_Handler
                0x00000000080065c8        0xa ./Core/Src/main.o
                0x00000000080065c8                Error_Handler
 *fill*         0x00000000080065d2        0x2 
 .text.HAL_MspInit
                0x00000000080065d4       0x50 ./Core/Src/stm32f4xx_hal_msp.o
                0x00000000080065d4                HAL_MspInit
 .text.HAL_ADC_MspInit
                0x0000000008006624       0x88 ./Core/Src/stm32f4xx_hal_msp.o
                0x0000000008006624                HAL_ADC_MspInit
 .text.HAL_I2C_MspInit
                0x00000000080066ac       0xd4 ./Core/Src/stm32f4xx_hal_msp.o
                0x00000000080066ac                HAL_I2C_MspInit
 .text.HAL_TIM_Encoder_MspInit
                0x0000000008006780      0x18c ./Core/Src/stm32f4xx_hal_msp.o
                0x0000000008006780                HAL_TIM_Encoder_MspInit
 .text.HAL_TIM_Base_MspInit
                0x000000000800690c       0x8c ./Core/Src/stm32f4xx_hal_msp.o
                0x000000000800690c                HAL_TIM_Base_MspInit
 .text.HAL_TIM_MspPostInit
                0x0000000008006998       0x74 ./Core/Src/stm32f4xx_hal_msp.o
                0x0000000008006998                HAL_TIM_MspPostInit
 .text.HAL_UART_MspInit
                0x0000000008006a0c      0x10c ./Core/Src/stm32f4xx_hal_msp.o
                0x0000000008006a0c                HAL_UART_MspInit
 .text.NMI_Handler
                0x0000000008006b18        0x6 ./Core/Src/stm32f4xx_it.o
                0x0000000008006b18                NMI_Handler
 .text.HardFault_Handler
                0x0000000008006b1e        0x6 ./Core/Src/stm32f4xx_it.o
                0x0000000008006b1e                HardFault_Handler
 .text.MemManage_Handler
                0x0000000008006b24        0x6 ./Core/Src/stm32f4xx_it.o
                0x0000000008006b24                MemManage_Handler
 .text.BusFault_Handler
                0x0000000008006b2a        0x6 ./Core/Src/stm32f4xx_it.o
                0x0000000008006b2a                BusFault_Handler
 .text.UsageFault_Handler
                0x0000000008006b30        0x6 ./Core/Src/stm32f4xx_it.o
                0x0000000008006b30                UsageFault_Handler
 .text.SVC_Handler
                0x0000000008006b36        0xe ./Core/Src/stm32f4xx_it.o
                0x0000000008006b36                SVC_Handler
 .text.DebugMon_Handler
                0x0000000008006b44        0xe ./Core/Src/stm32f4xx_it.o
                0x0000000008006b44                DebugMon_Handler
 .text.PendSV_Handler
                0x0000000008006b52        0xe ./Core/Src/stm32f4xx_it.o
                0x0000000008006b52                PendSV_Handler
 .text.SysTick_Handler
                0x0000000008006b60        0xc ./Core/Src/stm32f4xx_it.o
                0x0000000008006b60                SysTick_Handler
 .text.EXTI9_5_IRQHandler
                0x0000000008006b6c        0xe ./Core/Src/stm32f4xx_it.o
                0x0000000008006b6c                EXTI9_5_IRQHandler
 *fill*         0x0000000008006b7a        0x2 
 .text.TIM1_CC_IRQHandler
                0x0000000008006b7c       0x14 ./Core/Src/stm32f4xx_it.o
                0x0000000008006b7c                TIM1_CC_IRQHandler
 .text.TIM2_IRQHandler
                0x0000000008006b90       0x14 ./Core/Src/stm32f4xx_it.o
                0x0000000008006b90                TIM2_IRQHandler
 .text.TIM3_IRQHandler
                0x0000000008006ba4       0x14 ./Core/Src/stm32f4xx_it.o
                0x0000000008006ba4                TIM3_IRQHandler
 .text.TIM4_IRQHandler
                0x0000000008006bb8       0x14 ./Core/Src/stm32f4xx_it.o
                0x0000000008006bb8                TIM4_IRQHandler
 .text.I2C2_EV_IRQHandler
                0x0000000008006bcc       0x14 ./Core/Src/stm32f4xx_it.o
                0x0000000008006bcc                I2C2_EV_IRQHandler
 .text.I2C2_ER_IRQHandler
                0x0000000008006be0       0x14 ./Core/Src/stm32f4xx_it.o
                0x0000000008006be0                I2C2_ER_IRQHandler
 .text.USART1_IRQHandler
                0x0000000008006bf4       0x14 ./Core/Src/stm32f4xx_it.o
                0x0000000008006bf4                USART1_IRQHandler
 .text.EXTI15_10_IRQHandler
                0x0000000008006c08       0x10 ./Core/Src/stm32f4xx_it.o
                0x0000000008006c08                EXTI15_10_IRQHandler
 .text.TIM5_IRQHandler
                0x0000000008006c18       0x14 ./Core/Src/stm32f4xx_it.o
                0x0000000008006c18                TIM5_IRQHandler
 .text._sbrk    0x0000000008006c2c       0x6c ./Core/Src/sysmem.o
                0x0000000008006c2c                _sbrk
 .text.SystemInit
                0x0000000008006c98       0x24 ./Core/Src/system_stm32f4xx.o
                0x0000000008006c98                SystemInit
 .text.Reset_Handler
                0x0000000008006cbc       0x50 ./Core/Startup/startup_stm32f411retx.o
                0x0000000008006cbc                Reset_Handler
 .text.Default_Handler
                0x0000000008006d0c        0x2 ./Core/Startup/startup_stm32f411retx.o
                0x0000000008006d0c                RTC_Alarm_IRQHandler
                0x0000000008006d0c                EXTI2_IRQHandler
                0x0000000008006d0c                SPI4_IRQHandler
                0x0000000008006d0c                DMA2_Stream5_IRQHandler
                0x0000000008006d0c                DMA1_Stream5_IRQHandler
                0x0000000008006d0c                PVD_IRQHandler
                0x0000000008006d0c                SDIO_IRQHandler
                0x0000000008006d0c                TAMP_STAMP_IRQHandler
                0x0000000008006d0c                EXTI3_IRQHandler
                0x0000000008006d0c                TIM1_UP_TIM10_IRQHandler
                0x0000000008006d0c                I2C3_ER_IRQHandler
                0x0000000008006d0c                EXTI0_IRQHandler
                0x0000000008006d0c                DMA1_Stream2_IRQHandler
                0x0000000008006d0c                FPU_IRQHandler
                0x0000000008006d0c                DMA2_Stream2_IRQHandler
                0x0000000008006d0c                SPI1_IRQHandler
                0x0000000008006d0c                TIM1_BRK_TIM9_IRQHandler
                0x0000000008006d0c                DMA2_Stream3_IRQHandler
                0x0000000008006d0c                USART6_IRQHandler
                0x0000000008006d0c                DMA2_Stream0_IRQHandler
                0x0000000008006d0c                I2C1_EV_IRQHandler
                0x0000000008006d0c                DMA1_Stream6_IRQHandler
                0x0000000008006d0c                DMA1_Stream1_IRQHandler
                0x0000000008006d0c                RCC_IRQHandler
                0x0000000008006d0c                Default_Handler
                0x0000000008006d0c                ADC_IRQHandler
                0x0000000008006d0c                DMA1_Stream7_IRQHandler
                0x0000000008006d0c                SPI5_IRQHandler
                0x0000000008006d0c                DMA2_Stream7_IRQHandler
                0x0000000008006d0c                I2C3_EV_IRQHandler
                0x0000000008006d0c                RTC_WKUP_IRQHandler
                0x0000000008006d0c                SPI2_IRQHandler
                0x0000000008006d0c                DMA1_Stream0_IRQHandler
                0x0000000008006d0c                EXTI4_IRQHandler
                0x0000000008006d0c                WWDG_IRQHandler
                0x0000000008006d0c                OTG_FS_WKUP_IRQHandler
                0x0000000008006d0c                TIM1_TRG_COM_TIM11_IRQHandler
                0x0000000008006d0c                EXTI1_IRQHandler
                0x0000000008006d0c                USART2_IRQHandler
                0x0000000008006d0c                DMA2_Stream1_IRQHandler
                0x0000000008006d0c                FLASH_IRQHandler
                0x0000000008006d0c                DMA2_Stream4_IRQHandler
                0x0000000008006d0c                OTG_FS_IRQHandler
                0x0000000008006d0c                SPI3_IRQHandler
                0x0000000008006d0c                DMA1_Stream4_IRQHandler
                0x0000000008006d0c                I2C1_ER_IRQHandler
                0x0000000008006d0c                DMA2_Stream6_IRQHandler
                0x0000000008006d0c                DMA1_Stream3_IRQHandler
 *fill*         0x0000000008006d0e        0x2 
 .text.HAL_Init
                0x0000000008006d10       0x44 ./Drivers/STM32F4xx_HAL_Driver/Src/stm32f4xx_hal.o
                0x0000000008006d10                HAL_Init
 .text.HAL_InitTick
                0x0000000008006d54       0x60 ./Drivers/STM32F4xx_HAL_Driver/Src/stm32f4xx_hal.o
                0x0000000008006d54                HAL_InitTick
 .text.HAL_IncTick
                0x0000000008006db4       0x28 ./Drivers/STM32F4xx_HAL_Driver/Src/stm32f4xx_hal.o
                0x0000000008006db4                HAL_IncTick
 .text.HAL_GetTick
                0x0000000008006ddc       0x18 ./Drivers/STM32F4xx_HAL_Driver/Src/stm32f4xx_hal.o
                0x0000000008006ddc                HAL_GetTick
 .text.HAL_Delay
                0x0000000008006df4       0x48 ./Drivers/STM32F4xx_HAL_Driver/Src/stm32f4xx_hal.o
                0x0000000008006df4                HAL_Delay
 .text.HAL_ADC_Init
                0x0000000008006e3c       0x86 ./Drivers/STM32F4xx_HAL_Driver/Src/stm32f4xx_hal_adc.o
                0x0000000008006e3c                HAL_ADC_Init
 *fill*         0x0000000008006ec2        0x2 
 .text.HAL_ADC_Start
                0x0000000008006ec4      0x168 ./Drivers/STM32F4xx_HAL_Driver/Src/stm32f4xx_hal_adc.o
                0x0000000008006ec4                HAL_ADC_Start
 .text.HAL_ADC_Stop
                0x000000000800702c       0x66 ./Drivers/STM32F4xx_HAL_Driver/Src/stm32f4xx_hal_adc.o
                0x000000000800702c                HAL_ADC_Stop
 .text.HAL_ADC_PollForConversion
                0x0000000008007092      0x116 ./Drivers/STM32F4xx_HAL_Driver/Src/stm32f4xx_hal_adc.o
                0x0000000008007092                HAL_ADC_PollForConversion
 .text.HAL_ADC_GetValue
                0x00000000080071a8       0x1a ./Drivers/STM32F4xx_HAL_Driver/Src/stm32f4xx_hal_adc.o
                0x00000000080071a8                HAL_ADC_GetValue
 *fill*         0x00000000080071c2        0x2 
 .text.HAL_ADC_ConfigChannel
                0x00000000080071c4      0x264 ./Drivers/STM32F4xx_HAL_Driver/Src/stm32f4xx_hal_adc.o
                0x00000000080071c4                HAL_ADC_ConfigChannel
 .text.ADC_Init
                0x0000000008007428      0x1f8 ./Drivers/STM32F4xx_HAL_Driver/Src/stm32f4xx_hal_adc.o
 .text.__NVIC_SetPriorityGrouping
                0x0000000008007620       0x48 ./Drivers/STM32F4xx_HAL_Driver/Src/stm32f4xx_hal_cortex.o
 .text.__NVIC_GetPriorityGrouping
                0x0000000008007668       0x1c ./Drivers/STM32F4xx_HAL_Driver/Src/stm32f4xx_hal_cortex.o
 .text.__NVIC_EnableIRQ
                0x0000000008007684       0x3c ./Drivers/STM32F4xx_HAL_Driver/Src/stm32f4xx_hal_cortex.o
 .text.__NVIC_SetPriority
                0x00000000080076c0       0x54 ./Drivers/STM32F4xx_HAL_Driver/Src/stm32f4xx_hal_cortex.o
 .text.NVIC_EncodePriority
                0x0000000008007714       0x66 ./Drivers/STM32F4xx_HAL_Driver/Src/stm32f4xx_hal_cortex.o
 *fill*         0x000000000800777a        0x2 
 .text.SysTick_Config
                0x000000000800777c       0x44 ./Drivers/STM32F4xx_HAL_Driver/Src/stm32f4xx_hal_cortex.o
 .text.HAL_NVIC_SetPriorityGrouping
                0x00000000080077c0       0x16 ./Drivers/STM32F4xx_HAL_Driver/Src/stm32f4xx_hal_cortex.o
                0x00000000080077c0                HAL_NVIC_SetPriorityGrouping
 .text.HAL_NVIC_SetPriority
                0x00000000080077d6       0x38 ./Drivers/STM32F4xx_HAL_Driver/Src/stm32f4xx_hal_cortex.o
                0x00000000080077d6                HAL_NVIC_SetPriority
 .text.HAL_NVIC_EnableIRQ
                0x000000000800780e       0x1c ./Drivers/STM32F4xx_HAL_Driver/Src/stm32f4xx_hal_cortex.o
                0x000000000800780e                HAL_NVIC_EnableIRQ
 .text.HAL_SYSTICK_Config
                0x000000000800782a       0x18 ./Drivers/STM32F4xx_HAL_Driver/Src/stm32f4xx_hal_cortex.o
                0x000000000800782a                HAL_SYSTICK_Config
 .text.HAL_DMA_Abort
                0x0000000008007842       0xe0 ./Drivers/STM32F4xx_HAL_Driver/Src/stm32f4xx_hal_dma.o
                0x0000000008007842                HAL_DMA_Abort
 .text.HAL_DMA_Abort_IT
                0x0000000008007922       0x44 ./Drivers/STM32F4xx_HAL_Driver/Src/stm32f4xx_hal_dma.o
                0x0000000008007922                HAL_DMA_Abort_IT
 .text.HAL_DMA_GetState
                0x0000000008007966       0x1c ./Drivers/STM32F4xx_HAL_Driver/Src/stm32f4xx_hal_dma.o
                0x0000000008007966                HAL_DMA_GetState
 *fill*         0x0000000008007982        0x2 
 .text.HAL_GPIO_Init
                0x0000000008007984      0x308 ./Drivers/STM32F4xx_HAL_Driver/Src/stm32f4xx_hal_gpio.o
                0x0000000008007984                HAL_GPIO_Init
 .text.HAL_GPIO_ReadPin
                0x0000000008007c8c       0x30 ./Drivers/STM32F4xx_HAL_Driver/Src/stm32f4xx_hal_gpio.o
                0x0000000008007c8c                HAL_GPIO_ReadPin
 .text.HAL_GPIO_WritePin
                0x0000000008007cbc       0x32 ./Drivers/STM32F4xx_HAL_Driver/Src/stm32f4xx_hal_gpio.o
                0x0000000008007cbc                HAL_GPIO_WritePin
 *fill*         0x0000000008007cee        0x2 
 .text.HAL_GPIO_EXTI_IRQHandler
                0x0000000008007cf0       0x30 ./Drivers/STM32F4xx_HAL_Driver/Src/stm32f4xx_hal_gpio.o
                0x0000000008007cf0                HAL_GPIO_EXTI_IRQHandler
 .text.HAL_I2C_Init
                0x0000000008007d20      0x288 ./Drivers/STM32F4xx_HAL_Driver/Src/stm32f4xx_hal_i2c.o
                0x0000000008007d20                HAL_I2C_Init
 .text.HAL_I2C_Master_Transmit
                0x0000000008007fa8      0x1fc ./Drivers/STM32F4xx_HAL_Driver/Src/stm32f4xx_hal_i2c.o
                0x0000000008007fa8                HAL_I2C_Master_Transmit
 .text.HAL_I2C_Master_Receive
                0x00000000080081a4      0x44c ./Drivers/STM32F4xx_HAL_Driver/Src/stm32f4xx_hal_i2c.o
                0x00000000080081a4                HAL_I2C_Master_Receive
 .text.HAL_I2C_IsDeviceReady
                0x00000000080085f0      0x25c ./Drivers/STM32F4xx_HAL_Driver/Src/stm32f4xx_hal_i2c.o
                0x00000000080085f0                HAL_I2C_IsDeviceReady
 .text.HAL_I2C_EV_IRQHandler
                0x000000000800884c      0x2e2 ./Drivers/STM32F4xx_HAL_Driver/Src/stm32f4xx_hal_i2c.o
                0x000000000800884c                HAL_I2C_EV_IRQHandler
 .text.HAL_I2C_ER_IRQHandler
                0x0000000008008b2e      0x14e ./Drivers/STM32F4xx_HAL_Driver/Src/stm32f4xx_hal_i2c.o
                0x0000000008008b2e                HAL_I2C_ER_IRQHandler
 .text.HAL_I2C_MasterTxCpltCallback
                0x0000000008008c7c       0x14 ./Drivers/STM32F4xx_HAL_Driver/Src/stm32f4xx_hal_i2c.o
                0x0000000008008c7c                HAL_I2C_MasterTxCpltCallback
 .text.HAL_I2C_MasterRxCpltCallback
                0x0000000008008c90       0x14 ./Drivers/STM32F4xx_HAL_Driver/Src/stm32f4xx_hal_i2c.o
                0x0000000008008c90                HAL_I2C_MasterRxCpltCallback
 .text.HAL_I2C_SlaveTxCpltCallback
                0x0000000008008ca4       0x14 ./Drivers/STM32F4xx_HAL_Driver/Src/stm32f4xx_hal_i2c.o
                0x0000000008008ca4                HAL_I2C_SlaveTxCpltCallback
 .text.HAL_I2C_SlaveRxCpltCallback
                0x0000000008008cb8       0x14 ./Drivers/STM32F4xx_HAL_Driver/Src/stm32f4xx_hal_i2c.o
                0x0000000008008cb8                HAL_I2C_SlaveRxCpltCallback
 .text.HAL_I2C_AddrCallback
                0x0000000008008ccc       0x1c ./Drivers/STM32F4xx_HAL_Driver/Src/stm32f4xx_hal_i2c.o
                0x0000000008008ccc                HAL_I2C_AddrCallback
 .text.HAL_I2C_ListenCpltCallback
                0x0000000008008ce8       0x14 ./Drivers/STM32F4xx_HAL_Driver/Src/stm32f4xx_hal_i2c.o
                0x0000000008008ce8                HAL_I2C_ListenCpltCallback
 .text.HAL_I2C_MemTxCpltCallback
                0x0000000008008cfc       0x14 ./Drivers/STM32F4xx_HAL_Driver/Src/stm32f4xx_hal_i2c.o
                0x0000000008008cfc                HAL_I2C_MemTxCpltCallback
 .text.HAL_I2C_MemRxCpltCallback
                0x0000000008008d10       0x14 ./Drivers/STM32F4xx_HAL_Driver/Src/stm32f4xx_hal_i2c.o
                0x0000000008008d10                HAL_I2C_MemRxCpltCallback
 .text.HAL_I2C_ErrorCallback
                0x0000000008008d24       0x14 ./Drivers/STM32F4xx_HAL_Driver/Src/stm32f4xx_hal_i2c.o
                0x0000000008008d24                HAL_I2C_ErrorCallback
 .text.HAL_I2C_AbortCpltCallback
                0x0000000008008d38       0x14 ./Drivers/STM32F4xx_HAL_Driver/Src/stm32f4xx_hal_i2c.o
                0x0000000008008d38                HAL_I2C_AbortCpltCallback
 .text.I2C_MasterTransmit_TXE
                0x0000000008008d4c      0x138 ./Drivers/STM32F4xx_HAL_Driver/Src/stm32f4xx_hal_i2c.o
 .text.I2C_MasterTransmit_BTF
                0x0000000008008e84       0xec ./Drivers/STM32F4xx_HAL_Driver/Src/stm32f4xx_hal_i2c.o
 .text.I2C_MemoryTransmit_TXE_BTF
                0x0000000008008f70      0x128 ./Drivers/STM32F4xx_HAL_Driver/Src/stm32f4xx_hal_i2c.o
 .text.I2C_MasterReceive_RXNE
                0x0000000008009098      0x176 ./Drivers/STM32F4xx_HAL_Driver/Src/stm32f4xx_hal_i2c.o
 .text.I2C_MasterReceive_BTF
                0x000000000800920e      0x1d4 ./Drivers/STM32F4xx_HAL_Driver/Src/stm32f4xx_hal_i2c.o
 .text.I2C_Master_SB
                0x00000000080093e2      0x10c ./Drivers/STM32F4xx_HAL_Driver/Src/stm32f4xx_hal_i2c.o
 .text.I2C_Master_ADD10
                0x00000000080094ee       0x54 ./Drivers/STM32F4xx_HAL_Driver/Src/stm32f4xx_hal_i2c.o
 .text.I2C_Master_ADDR
                0x0000000008009542      0x322 ./Drivers/STM32F4xx_HAL_Driver/Src/stm32f4xx_hal_i2c.o
 .text.I2C_SlaveTransmit_TXE
                0x0000000008009864       0x7a ./Drivers/STM32F4xx_HAL_Driver/Src/stm32f4xx_hal_i2c.o
 .text.I2C_SlaveTransmit_BTF
                0x00000000080098de       0x42 ./Drivers/STM32F4xx_HAL_Driver/Src/stm32f4xx_hal_i2c.o
 .text.I2C_SlaveReceive_RXNE
                0x0000000008009920       0x7c ./Drivers/STM32F4xx_HAL_Driver/Src/stm32f4xx_hal_i2c.o
 .text.I2C_SlaveReceive_BTF
                0x000000000800999c       0x44 ./Drivers/STM32F4xx_HAL_Driver/Src/stm32f4xx_hal_i2c.o
 .text.I2C_Slave_ADDR
                0x00000000080099e0       0x94 ./Drivers/STM32F4xx_HAL_Driver/Src/stm32f4xx_hal_i2c.o
 .text.I2C_Slave_STOPF
                0x0000000008009a74      0x260 ./Drivers/STM32F4xx_HAL_Driver/Src/stm32f4xx_hal_i2c.o
 .text.I2C_Slave_AF
                0x0000000008009cd4       0xe0 ./Drivers/STM32F4xx_HAL_Driver/Src/stm32f4xx_hal_i2c.o
 .text.I2C_ITError
                0x0000000008009db4      0x264 ./Drivers/STM32F4xx_HAL_Driver/Src/stm32f4xx_hal_i2c.o
 .text.I2C_MasterRequestWrite
                0x000000000800a018      0x104 ./Drivers/STM32F4xx_HAL_Driver/Src/stm32f4xx_hal_i2c.o
 .text.I2C_MasterRequestRead
                0x000000000800a11c      0x19c ./Drivers/STM32F4xx_HAL_Driver/Src/stm32f4xx_hal_i2c.o
 .text.I2C_DMAAbort
                0x000000000800a2b8      0x150 ./Drivers/STM32F4xx_HAL_Driver/Src/stm32f4xx_hal_i2c.o
 .text.I2C_WaitOnFlagUntilTimeout
                0x000000000800a408       0xae ./Drivers/STM32F4xx_HAL_Driver/Src/stm32f4xx_hal_i2c.o
 .text.I2C_WaitOnMasterAddressFlagUntilTimeout
                0x000000000800a4b6       0xfe ./Drivers/STM32F4xx_HAL_Driver/Src/stm32f4xx_hal_i2c.o
 .text.I2C_WaitOnTXEFlagUntilTimeout
                0x000000000800a5b4       0x82 ./Drivers/STM32F4xx_HAL_Driver/Src/stm32f4xx_hal_i2c.o
 .text.I2C_WaitOnBTFFlagUntilTimeout
                0x000000000800a636       0x82 ./Drivers/STM32F4xx_HAL_Driver/Src/stm32f4xx_hal_i2c.o
 .text.I2C_WaitOnSTOPRequestThroughIT
                0x000000000800a6b8       0x64 ./Drivers/STM32F4xx_HAL_Driver/Src/stm32f4xx_hal_i2c.o
 .text.I2C_WaitOnRXNEFlagUntilTimeout
                0x000000000800a71c       0xac ./Drivers/STM32F4xx_HAL_Driver/Src/stm32f4xx_hal_i2c.o
 .text.I2C_IsAcknowledgeFailed
                0x000000000800a7c8       0x5e ./Drivers/STM32F4xx_HAL_Driver/Src/stm32f4xx_hal_i2c.o
 .text.I2C_ConvertOtherXferOptions
                0x000000000800a826       0x36 ./Drivers/STM32F4xx_HAL_Driver/Src/stm32f4xx_hal_i2c.o
 .text.HAL_RCC_OscConfig
                0x000000000800a85c      0x4f0 ./Drivers/STM32F4xx_HAL_Driver/Src/stm32f4xx_hal_rcc.o
                0x000000000800a85c                HAL_RCC_OscConfig
 .text.HAL_RCC_ClockConfig
                0x000000000800ad4c      0x1cc ./Drivers/STM32F4xx_HAL_Driver/Src/stm32f4xx_hal_rcc.o
                0x000000000800ad4c                HAL_RCC_ClockConfig
 .text.HAL_RCC_GetSysClockFreq
                0x000000000800af18      0x20c ./Drivers/STM32F4xx_HAL_Driver/Src/stm32f4xx_hal_rcc.o
                0x000000000800af18                HAL_RCC_GetSysClockFreq
 .text.HAL_RCC_GetHCLKFreq
                0x000000000800b124       0x18 ./Drivers/STM32F4xx_HAL_Driver/Src/stm32f4xx_hal_rcc.o
                0x000000000800b124                HAL_RCC_GetHCLKFreq
 .text.HAL_RCC_GetPCLK1Freq
                0x000000000800b13c       0x28 ./Drivers/STM32F4xx_HAL_Driver/Src/stm32f4xx_hal_rcc.o
                0x000000000800b13c                HAL_RCC_GetPCLK1Freq
 .text.HAL_RCC_GetPCLK2Freq
                0x000000000800b164       0x28 ./Drivers/STM32F4xx_HAL_Driver/Src/stm32f4xx_hal_rcc.o
                0x000000000800b164                HAL_RCC_GetPCLK2Freq
 .text.HAL_TIM_Base_Init
                0x000000000800b18c       0x9e ./Drivers/STM32F4xx_HAL_Driver/Src/stm32f4xx_hal_tim.o
                0x000000000800b18c                HAL_TIM_Base_Init
 *fill*         0x000000000800b22a        0x2 
 .text.HAL_TIM_Base_Start_IT
                0x000000000800b22c       0xc4 ./Drivers/STM32F4xx_HAL_Driver/Src/stm32f4xx_hal_tim.o
                0x000000000800b22c                HAL_TIM_Base_Start_IT
 .text.HAL_TIM_PWM_Init
                0x000000000800b2f0       0x9e ./Drivers/STM32F4xx_HAL_Driver/Src/stm32f4xx_hal_tim.o
                0x000000000800b2f0                HAL_TIM_PWM_Init
 .text.HAL_TIM_PWM_MspInit
                0x000000000800b38e       0x14 ./Drivers/STM32F4xx_HAL_Driver/Src/stm32f4xx_hal_tim.o
                0x000000000800b38e                HAL_TIM_PWM_MspInit
 *fill*         0x000000000800b3a2        0x2 
 .text.HAL_TIM_PWM_Start
                0x000000000800b3a4      0x160 ./Drivers/STM32F4xx_HAL_Driver/Src/stm32f4xx_hal_tim.o
                0x000000000800b3a4                HAL_TIM_PWM_Start
 .text.HAL_TIM_Encoder_Init
                0x000000000800b504      0x14c ./Drivers/STM32F4xx_HAL_Driver/Src/stm32f4xx_hal_tim.o
                0x000000000800b504                HAL_TIM_Encoder_Init
 .text.HAL_TIM_Encoder_Start
                0x000000000800b650      0x11c ./Drivers/STM32F4xx_HAL_Driver/Src/stm32f4xx_hal_tim.o
                0x000000000800b650                HAL_TIM_Encoder_Start
 .text.HAL_TIM_IRQHandler
                0x000000000800b76c      0x210 ./Drivers/STM32F4xx_HAL_Driver/Src/stm32f4xx_hal_tim.o
                0x000000000800b76c                HAL_TIM_IRQHandler
 .text.HAL_TIM_PWM_ConfigChannel
                0x000000000800b97c      0x184 ./Drivers/STM32F4xx_HAL_Driver/Src/stm32f4xx_hal_tim.o
                0x000000000800b97c                HAL_TIM_PWM_ConfigChannel
 .text.HAL_TIM_ConfigClockSource
                0x000000000800bb00      0x18e ./Drivers/STM32F4xx_HAL_Driver/Src/stm32f4xx_hal_tim.o
                0x000000000800bb00                HAL_TIM_ConfigClockSource
 .text.HAL_TIM_OC_DelayElapsedCallback
                0x000000000800bc8e       0x14 ./Drivers/STM32F4xx_HAL_Driver/Src/stm32f4xx_hal_tim.o
                0x000000000800bc8e                HAL_TIM_OC_DelayElapsedCallback
 .text.HAL_TIM_IC_CaptureCallback
                0x000000000800bca2       0x14 ./Drivers/STM32F4xx_HAL_Driver/Src/stm32f4xx_hal_tim.o
                0x000000000800bca2                HAL_TIM_IC_CaptureCallback
 .text.HAL_TIM_PWM_PulseFinishedCallback
                0x000000000800bcb6       0x14 ./Drivers/STM32F4xx_HAL_Driver/Src/stm32f4xx_hal_tim.o
                0x000000000800bcb6                HAL_TIM_PWM_PulseFinishedCallback
 .text.HAL_TIM_TriggerCallback
                0x000000000800bcca       0x14 ./Drivers/STM32F4xx_HAL_Driver/Src/stm32f4xx_hal_tim.o
                0x000000000800bcca                HAL_TIM_TriggerCallback
 *fill*         0x000000000800bcde        0x2 
 .text.TIM_Base_SetConfig
                0x000000000800bce0      0x100 ./Drivers/STM32F4xx_HAL_Driver/Src/stm32f4xx_hal_tim.o
                0x000000000800bce0                TIM_Base_SetConfig
 .text.TIM_OC1_SetConfig
                0x000000000800bde0       0xcc ./Drivers/STM32F4xx_HAL_Driver/Src/stm32f4xx_hal_tim.o
 .text.TIM_OC2_SetConfig
                0x000000000800beac       0xd8 ./Drivers/STM32F4xx_HAL_Driver/Src/stm32f4xx_hal_tim.o
                0x000000000800beac                TIM_OC2_SetConfig
 .text.TIM_OC3_SetConfig
                0x000000000800bf84       0xd4 ./Drivers/STM32F4xx_HAL_Driver/Src/stm32f4xx_hal_tim.o
 .text.TIM_OC4_SetConfig
                0x000000000800c058       0xa0 ./Drivers/STM32F4xx_HAL_Driver/Src/stm32f4xx_hal_tim.o
 .text.TIM_TI1_ConfigInputStage
                0x000000000800c0f8       0x5e ./Drivers/STM32F4xx_HAL_Driver/Src/stm32f4xx_hal_tim.o
 .text.TIM_TI2_ConfigInputStage
                0x000000000800c156       0x60 ./Drivers/STM32F4xx_HAL_Driver/Src/stm32f4xx_hal_tim.o
 .text.TIM_ITRx_SetConfig
                0x000000000800c1b6       0x36 ./Drivers/STM32F4xx_HAL_Driver/Src/stm32f4xx_hal_tim.o
 .text.TIM_ETR_SetConfig
                0x000000000800c1ec       0x40 ./Drivers/STM32F4xx_HAL_Driver/Src/stm32f4xx_hal_tim.o
                0x000000000800c1ec                TIM_ETR_SetConfig
 .text.TIM_CCxChannelCmd
                0x000000000800c22c       0x4a ./Drivers/STM32F4xx_HAL_Driver/Src/stm32f4xx_hal_tim.o
                0x000000000800c22c                TIM_CCxChannelCmd
 *fill*         0x000000000800c276        0x2 
 .text.HAL_TIMEx_MasterConfigSynchronization
                0x000000000800c278       0xdc ./Drivers/STM32F4xx_HAL_Driver/Src/stm32f4xx_hal_tim_ex.o
                0x000000000800c278                HAL_TIMEx_MasterConfigSynchronization
 .text.HAL_TIMEx_CommutCallback
                0x000000000800c354       0x14 ./Drivers/STM32F4xx_HAL_Driver/Src/stm32f4xx_hal_tim_ex.o
                0x000000000800c354                HAL_TIMEx_CommutCallback
 .text.HAL_TIMEx_BreakCallback
                0x000000000800c368       0x14 ./Drivers/STM32F4xx_HAL_Driver/Src/stm32f4xx_hal_tim_ex.o
                0x000000000800c368                HAL_TIMEx_BreakCallback
 .text.HAL_UART_Init
                0x000000000800c37c       0x9a ./Drivers/STM32F4xx_HAL_Driver/Src/stm32f4xx_hal_uart.o
                0x000000000800c37c                HAL_UART_Init
 .text.HAL_UART_Transmit
                0x000000000800c416      0x124 ./Drivers/STM32F4xx_HAL_Driver/Src/stm32f4xx_hal_uart.o
                0x000000000800c416                HAL_UART_Transmit
 .text.HAL_UART_Receive_IT
                0x000000000800c53a       0x60 ./Drivers/STM32F4xx_HAL_Driver/Src/stm32f4xx_hal_uart.o
                0x000000000800c53a                HAL_UART_Receive_IT
 *fill*         0x000000000800c59a        0x2 
 .text.HAL_UART_IRQHandler
                0x000000000800c59c      0x51c ./Drivers/STM32F4xx_HAL_Driver/Src/stm32f4xx_hal_uart.o
                0x000000000800c59c                HAL_UART_IRQHandler
 .text.HAL_UART_TxCpltCallback
                0x000000000800cab8       0x14 ./Drivers/STM32F4xx_HAL_Driver/Src/stm32f4xx_hal_uart.o
                0x000000000800cab8                HAL_UART_TxCpltCallback
 .text.HAL_UART_ErrorCallback
                0x000000000800cacc       0x14 ./Drivers/STM32F4xx_HAL_Driver/Src/stm32f4xx_hal_uart.o
                0x000000000800cacc                HAL_UART_ErrorCallback
 .text.HAL_UARTEx_RxEventCallback
                0x000000000800cae0       0x18 ./Drivers/STM32F4xx_HAL_Driver/Src/stm32f4xx_hal_uart.o
                0x000000000800cae0                HAL_UARTEx_RxEventCallback
 .text.UART_WaitOnFlagUntilTimeout
                0x000000000800caf8       0xdc ./Drivers/STM32F4xx_HAL_Driver/Src/stm32f4xx_hal_uart.o
 .text.UART_Start_Receive_IT
                0x000000000800cbd4       0x7c ./Drivers/STM32F4xx_HAL_Driver/Src/stm32f4xx_hal_uart.o
                0x000000000800cbd4                UART_Start_Receive_IT
 .text.UART_EndRxTransfer
                0x000000000800cc50       0xc6 ./Drivers/STM32F4xx_HAL_Driver/Src/stm32f4xx_hal_uart.o
 .text.UART_DMAAbortOnError
                0x000000000800cd16       0x28 ./Drivers/STM32F4xx_HAL_Driver/Src/stm32f4xx_hal_uart.o
 .text.UART_Transmit_IT
                0x000000000800cd3e       0xa0 ./Drivers/STM32F4xx_HAL_Driver/Src/stm32f4xx_hal_uart.o
 .text.UART_EndTransmit_IT
                0x000000000800cdde       0x30 ./Drivers/STM32F4xx_HAL_Driver/Src/stm32f4xx_hal_uart.o
 .text.UART_Receive_IT
                0x000000000800ce0e      0x176 ./Drivers/STM32F4xx_HAL_Driver/Src/stm32f4xx_hal_uart.o
 .text.UART_SetConfig
                0x000000000800cf84      0x4e8 ./Drivers/STM32F4xx_HAL_Driver/Src/stm32f4xx_hal_uart.o
 .text.__errno  0x000000000800d46c        0xc c:/stm32cubeide_1.6.1/stm32cubeide/plugins/com.st.stm32cube.ide.mcu.externaltools.gnu-tools-for-stm32.10.3-2021.10.win32_1.0.0.202111181127/tools/bin/../lib/gcc/arm-none-eabi/10.3.1/../../../../arm-none-eabi/lib/thumb/v7e-m+fp/hard\libc_nano.a(lib_a-errno.o)
                0x000000000800d46c                __errno
 .text.__libc_init_array
                0x000000000800d478       0x48 c:/stm32cubeide_1.6.1/stm32cubeide/plugins/com.st.stm32cube.ide.mcu.externaltools.gnu-tools-for-stm32.10.3-2021.10.win32_1.0.0.202111181127/tools/bin/../lib/gcc/arm-none-eabi/10.3.1/../../../../arm-none-eabi/lib/thumb/v7e-m+fp/hard\libc_nano.a(lib_a-init.o)
                0x000000000800d478                __libc_init_array
 .text.memset   0x000000000800d4c0       0x10 c:/stm32cubeide_1.6.1/stm32cubeide/plugins/com.st.stm32cube.ide.mcu.externaltools.gnu-tools-for-stm32.10.3-2021.10.win32_1.0.0.202111181127/tools/bin/../lib/gcc/arm-none-eabi/10.3.1/../../../../arm-none-eabi/lib/thumb/v7e-m+fp/hard\libc_nano.a(lib_a-memset.o)
                0x000000000800d4c0                memset
 .text.sprintf  0x000000000800d4d0       0x40 c:/stm32cubeide_1.6.1/stm32cubeide/plugins/com.st.stm32cube.ide.mcu.externaltools.gnu-tools-for-stm32.10.3-2021.10.win32_1.0.0.202111181127/tools/bin/../lib/gcc/arm-none-eabi/10.3.1/../../../../arm-none-eabi/lib/thumb/v7e-m+fp/hard\libc_nano.a(lib_a-sprintf.o)
                0x000000000800d4d0                siprintf
                0x000000000800d4d0                sprintf
 .text.__ssputs_r
                0x000000000800d510       0xb6 c:/stm32cubeide_1.6.1/stm32cubeide/plugins/com.st.stm32cube.ide.mcu.externaltools.gnu-tools-for-stm32.10.3-2021.10.win32_1.0.0.202111181127/tools/bin/../lib/gcc/arm-none-eabi/10.3.1/../../../../arm-none-eabi/lib/thumb/v7e-m+fp/hard\libc_nano.a(lib_a-nano-svfprintf.o)
                0x000000000800d510                __ssputs_r
 *fill*         0x000000000800d5c6        0x2 
 .text._svfprintf_r
                0x000000000800d5c8      0x200 c:/stm32cubeide_1.6.1/stm32cubeide/plugins/com.st.stm32cube.ide.mcu.externaltools.gnu-tools-for-stm32.10.3-2021.10.win32_1.0.0.202111181127/tools/bin/../lib/gcc/arm-none-eabi/10.3.1/../../../../arm-none-eabi/lib/thumb/v7e-m+fp/hard\libc_nano.a(lib_a-nano-svfprintf.o)
                0x000000000800d5c8                _svfiprintf_r
                0x000000000800d5c8                _svfprintf_r
 .text._printf_common
                0x000000000800d7c8       0xda c:/stm32cubeide_1.6.1/stm32cubeide/plugins/com.st.stm32cube.ide.mcu.externaltools.gnu-tools-for-stm32.10.3-2021.10.win32_1.0.0.202111181127/tools/bin/../lib/gcc/arm-none-eabi/10.3.1/../../../../arm-none-eabi/lib/thumb/v7e-m+fp/hard\libc_nano.a(lib_a-nano-vfprintf_i.o)
                0x000000000800d7c8                _printf_common
 *fill*         0x000000000800d8a2        0x2 
 .text._printf_i
                0x000000000800d8a4      0x24c c:/stm32cubeide_1.6.1/stm32cubeide/plugins/com.st.stm32cube.ide.mcu.externaltools.gnu-tools-for-stm32.10.3-2021.10.win32_1.0.0.202111181127/tools/bin/../lib/gcc/arm-none-eabi/10.3.1/../../../../arm-none-eabi/lib/thumb/v7e-m+fp/hard\libc_nano.a(lib_a-nano-vfprintf_i.o)
                0x000000000800d8a4                _printf_i
 .text.memcpy   0x000000000800daf0       0x1c c:/stm32cubeide_1.6.1/stm32cubeide/plugins/com.st.stm32cube.ide.mcu.externaltools.gnu-tools-for-stm32.10.3-2021.10.win32_1.0.0.202111181127/tools/bin/../lib/gcc/arm-none-eabi/10.3.1/../../../../arm-none-eabi/lib/thumb/v7e-m+fp/hard\libc_nano.a(lib_a-memcpy-stub.o)
                0x000000000800daf0                memcpy
 .text.memmove  0x000000000800db0c       0x34 c:/stm32cubeide_1.6.1/stm32cubeide/plugins/com.st.stm32cube.ide.mcu.externaltools.gnu-tools-for-stm32.10.3-2021.10.win32_1.0.0.202111181127/tools/bin/../lib/gcc/arm-none-eabi/10.3.1/../../../../arm-none-eabi/lib/thumb/v7e-m+fp/hard\libc_nano.a(lib_a-memmove.o)
                0x000000000800db0c                memmove
 .text._free_r  0x000000000800db40       0x98 c:/stm32cubeide_1.6.1/stm32cubeide/plugins/com.st.stm32cube.ide.mcu.externaltools.gnu-tools-for-stm32.10.3-2021.10.win32_1.0.0.202111181127/tools/bin/../lib/gcc/arm-none-eabi/10.3.1/../../../../arm-none-eabi/lib/thumb/v7e-m+fp/hard\libc_nano.a(lib_a-nano-freer.o)
                0x000000000800db40                _free_r
 .text.sbrk_aligned
                0x000000000800dbd8       0x40 c:/stm32cubeide_1.6.1/stm32cubeide/plugins/com.st.stm32cube.ide.mcu.externaltools.gnu-tools-for-stm32.10.3-2021.10.win32_1.0.0.202111181127/tools/bin/../lib/gcc/arm-none-eabi/10.3.1/../../../../arm-none-eabi/lib/thumb/v7e-m+fp/hard\libc_nano.a(lib_a-nano-mallocr.o)
 .text._malloc_r
                0x000000000800dc18       0xe8 c:/stm32cubeide_1.6.1/stm32cubeide/plugins/com.st.stm32cube.ide.mcu.externaltools.gnu-tools-for-stm32.10.3-2021.10.win32_1.0.0.202111181127/tools/bin/../lib/gcc/arm-none-eabi/10.3.1/../../../../arm-none-eabi/lib/thumb/v7e-m+fp/hard\libc_nano.a(lib_a-nano-mallocr.o)
                0x000000000800dc18                _malloc_r
 .text._realloc_r
                0x000000000800dd00       0x5e c:/stm32cubeide_1.6.1/stm32cubeide/plugins/com.st.stm32cube.ide.mcu.externaltools.gnu-tools-for-stm32.10.3-2021.10.win32_1.0.0.202111181127/tools/bin/../lib/gcc/arm-none-eabi/10.3.1/../../../../arm-none-eabi/lib/thumb/v7e-m+fp/hard\libc_nano.a(lib_a-nano-reallocr.o)
                0x000000000800dd00                _realloc_r
 *fill*         0x000000000800dd5e        0x2 
 .text._sbrk_r  0x000000000800dd60       0x20 c:/stm32cubeide_1.6.1/stm32cubeide/plugins/com.st.stm32cube.ide.mcu.externaltools.gnu-tools-for-stm32.10.3-2021.10.win32_1.0.0.202111181127/tools/bin/../lib/gcc/arm-none-eabi/10.3.1/../../../../arm-none-eabi/lib/thumb/v7e-m+fp/hard\libc_nano.a(lib_a-sbrkr.o)
                0x000000000800dd60                _sbrk_r
 .text.__malloc_lock
                0x000000000800dd80        0xc c:/stm32cubeide_1.6.1/stm32cubeide/plugins/com.st.stm32cube.ide.mcu.externaltools.gnu-tools-for-stm32.10.3-2021.10.win32_1.0.0.202111181127/tools/bin/../lib/gcc/arm-none-eabi/10.3.1/../../../../arm-none-eabi/lib/thumb/v7e-m+fp/hard\libc_nano.a(lib_a-mlock.o)
                0x000000000800dd80                __malloc_lock
 .text.__malloc_unlock
                0x000000000800dd8c        0xc c:/stm32cubeide_1.6.1/stm32cubeide/plugins/com.st.stm32cube.ide.mcu.externaltools.gnu-tools-for-stm32.10.3-2021.10.win32_1.0.0.202111181127/tools/bin/../lib/gcc/arm-none-eabi/10.3.1/../../../../arm-none-eabi/lib/thumb/v7e-m+fp/hard\libc_nano.a(lib_a-mlock.o)
                0x000000000800dd8c                __malloc_unlock
 .text._malloc_usable_size_r
                0x000000000800dd98       0x10 c:/stm32cubeide_1.6.1/stm32cubeide/plugins/com.st.stm32cube.ide.mcu.externaltools.gnu-tools-for-stm32.10.3-2021.10.win32_1.0.0.202111181127/tools/bin/../lib/gcc/arm-none-eabi/10.3.1/../../../../arm-none-eabi/lib/thumb/v7e-m+fp/hard\libc_nano.a(lib_a-nano-msizer.o)
                0x000000000800dd98                _malloc_usable_size_r
 .text.__retarget_lock_acquire_recursive
                0x000000000800dda8        0x2 c:/stm32cubeide_1.6.1/stm32cubeide/plugins/com.st.stm32cube.ide.mcu.externaltools.gnu-tools-for-stm32.10.3-2021.10.win32_1.0.0.202111181127/tools/bin/../lib/gcc/arm-none-eabi/10.3.1/../../../../arm-none-eabi/lib/thumb/v7e-m+fp/hard\libc_nano.a(lib_a-lock.o)
                0x000000000800dda8                __retarget_lock_acquire_recursive
 .text.__retarget_lock_release_recursive
                0x000000000800ddaa        0x2 c:/stm32cubeide_1.6.1/stm32cubeide/plugins/com.st.stm32cube.ide.mcu.externaltools.gnu-tools-for-stm32.10.3-2021.10.win32_1.0.0.202111181127/tools/bin/../lib/gcc/arm-none-eabi/10.3.1/../../../../arm-none-eabi/lib/thumb/v7e-m+fp/hard\libc_nano.a(lib_a-lock.o)
                0x000000000800ddaa                __retarget_lock_release_recursive
 *fill*         0x000000000800ddac        0x4 
 .text.ceil     0x000000000800ddb0      0x108 c:/stm32cubeide_1.6.1/stm32cubeide/plugins/com.st.stm32cube.ide.mcu.externaltools.gnu-tools-for-stm32.10.3-2021.10.win32_1.0.0.202111181127/tools/bin/../lib/gcc/arm-none-eabi/10.3.1/../../../../arm-none-eabi/lib/thumb/v7e-m+fp/hard\libm.a(lib_a-s_ceil.o)
                0x000000000800ddb0                ceil
 *(.glue_7)
 .glue_7        0x000000000800deb8        0x0 linker stubs
 *(.glue_7t)
 .glue_7t       0x000000000800deb8        0x0 linker stubs
 *(.eh_frame)
 .eh_frame      0x000000000800deb8        0x0 c:/stm32cubeide_1.6.1/stm32cubeide/plugins/com.st.stm32cube.ide.mcu.externaltools.gnu-tools-for-stm32.10.3-2021.10.win32_1.0.0.202111181127/tools/bin/../lib/gcc/arm-none-eabi/10.3.1/thumb/v7e-m+fp/hard/crtbegin.o
 *(.init)
 .init          0x000000000800deb8        0x4 c:/stm32cubeide_1.6.1/stm32cubeide/plugins/com.st.stm32cube.ide.mcu.externaltools.gnu-tools-for-stm32.10.3-2021.10.win32_1.0.0.202111181127/tools/bin/../lib/gcc/arm-none-eabi/10.3.1/thumb/v7e-m+fp/hard/crti.o
                0x000000000800deb8                _init
 .init          0x000000000800debc        0x8 c:/stm32cubeide_1.6.1/stm32cubeide/plugins/com.st.stm32cube.ide.mcu.externaltools.gnu-tools-for-stm32.10.3-2021.10.win32_1.0.0.202111181127/tools/bin/../lib/gcc/arm-none-eabi/10.3.1/thumb/v7e-m+fp/hard/crtn.o
 *(.fini)
 .fini          0x000000000800dec4        0x4 c:/stm32cubeide_1.6.1/stm32cubeide/plugins/com.st.stm32cube.ide.mcu.externaltools.gnu-tools-for-stm32.10.3-2021.10.win32_1.0.0.202111181127/tools/bin/../lib/gcc/arm-none-eabi/10.3.1/thumb/v7e-m+fp/hard/crti.o
                0x000000000800dec4                _fini
 .fini          0x000000000800dec8        0x8 c:/stm32cubeide_1.6.1/stm32cubeide/plugins/com.st.stm32cube.ide.mcu.externaltools.gnu-tools-for-stm32.10.3-2021.10.win32_1.0.0.202111181127/tools/bin/../lib/gcc/arm-none-eabi/10.3.1/thumb/v7e-m+fp/hard/crtn.o
                0x000000000800ded0                . = ALIGN (0x4)
                0x000000000800ded0                _etext = .

.vfp11_veneer   0x000000000800ded0        0x0
 .vfp11_veneer  0x000000000800ded0        0x0 linker stubs

.v4_bx          0x000000000800ded0        0x0
 .v4_bx         0x000000000800ded0        0x0 linker stubs

.iplt           0x000000000800ded0        0x0
 .iplt          0x000000000800ded0        0x0 c:/stm32cubeide_1.6.1/stm32cubeide/plugins/com.st.stm32cube.ide.mcu.externaltools.gnu-tools-for-stm32.10.3-2021.10.win32_1.0.0.202111181127/tools/bin/../lib/gcc/arm-none-eabi/10.3.1/thumb/v7e-m+fp/hard/crtbegin.o

.rodata         0x000000000800ded0      0x1cc
                0x000000000800ded0                . = ALIGN (0x4)
 *(.rodata)
 .rodata        0x000000000800ded0      0x17e ./Core/Src/main.o
 *(.rodata*)
 *fill*         0x000000000800e04e        0x2 
 .rodata.AHBPrescTable
                0x000000000800e050       0x10 ./Core/Src/system_stm32f4xx.o
                0x000000000800e050                AHBPrescTable
 .rodata.APBPrescTable
                0x000000000800e060        0x8 ./Core/Src/system_stm32f4xx.o
                0x000000000800e060                APBPrescTable
 .rodata._svfprintf_r.str1.1
                0x000000000800e068       0x11 c:/stm32cubeide_1.6.1/stm32cubeide/plugins/com.st.stm32cube.ide.mcu.externaltools.gnu-tools-for-stm32.10.3-2021.10.win32_1.0.0.202111181127/tools/bin/../lib/gcc/arm-none-eabi/10.3.1/../../../../arm-none-eabi/lib/thumb/v7e-m+fp/hard\libc_nano.a(lib_a-nano-svfprintf.o)
 .rodata._printf_i.str1.1
                0x000000000800e079       0x22 c:/stm32cubeide_1.6.1/stm32cubeide/plugins/com.st.stm32cube.ide.mcu.externaltools.gnu-tools-for-stm32.10.3-2021.10.win32_1.0.0.202111181127/tools/bin/../lib/gcc/arm-none-eabi/10.3.1/../../../../arm-none-eabi/lib/thumb/v7e-m+fp/hard\libc_nano.a(lib_a-nano-vfprintf_i.o)
                0x000000000800e09c                . = ALIGN (0x4)
 *fill*         0x000000000800e09b        0x1 

.ARM.extab      0x000000000800e09c        0x0
                0x000000000800e09c                . = ALIGN (0x4)
 *(.ARM.extab* .gnu.linkonce.armextab.*)
                0x000000000800e09c                . = ALIGN (0x4)

.ARM            0x000000000800e09c        0x8
                0x000000000800e09c                . = ALIGN (0x4)
                0x000000000800e09c                __exidx_start = .
 *(.ARM.exidx*)
 .ARM.exidx     0x000000000800e09c        0x8 c:/stm32cubeide_1.6.1/stm32cubeide/plugins/com.st.stm32cube.ide.mcu.externaltools.gnu-tools-for-stm32.10.3-2021.10.win32_1.0.0.202111181127/tools/bin/../lib/gcc/arm-none-eabi/10.3.1/thumb/v7e-m+fp/hard\libgcc.a(_udivmoddi4.o)
                0x000000000800e0a4                __exidx_end = .
                0x000000000800e0a4                . = ALIGN (0x4)

.rel.dyn        0x000000000800e0a4        0x0
 .rel.iplt      0x000000000800e0a4        0x0 c:/stm32cubeide_1.6.1/stm32cubeide/plugins/com.st.stm32cube.ide.mcu.externaltools.gnu-tools-for-stm32.10.3-2021.10.win32_1.0.0.202111181127/tools/bin/../lib/gcc/arm-none-eabi/10.3.1/thumb/v7e-m+fp/hard/crtbegin.o

.preinit_array  0x000000000800e0a4        0x0
                0x000000000800e0a4                . = ALIGN (0x4)
                0x000000000800e0a4                PROVIDE (__preinit_array_start = .)
 *(.preinit_array*)
                0x000000000800e0a4                PROVIDE (__preinit_array_end = .)
                0x000000000800e0a4                . = ALIGN (0x4)

.init_array     0x000000000800e0a4        0x4
                0x000000000800e0a4                . = ALIGN (0x4)
                0x000000000800e0a4                PROVIDE (__init_array_start = .)
 *(SORT_BY_NAME(.init_array.*))
 *(.init_array*)
 .init_array    0x000000000800e0a4        0x4 c:/stm32cubeide_1.6.1/stm32cubeide/plugins/com.st.stm32cube.ide.mcu.externaltools.gnu-tools-for-stm32.10.3-2021.10.win32_1.0.0.202111181127/tools/bin/../lib/gcc/arm-none-eabi/10.3.1/thumb/v7e-m+fp/hard/crtbegin.o
                0x000000000800e0a8                PROVIDE (__init_array_end = .)
                0x000000000800e0a8                . = ALIGN (0x4)

.fini_array     0x000000000800e0a8        0x4
                0x000000000800e0a8                . = ALIGN (0x4)
                [!provide]                        PROVIDE (__fini_array_start = .)
 *(SORT_BY_NAME(.fini_array.*))
 *(.fini_array*)
 .fini_array    0x000000000800e0a8        0x4 c:/stm32cubeide_1.6.1/stm32cubeide/plugins/com.st.stm32cube.ide.mcu.externaltools.gnu-tools-for-stm32.10.3-2021.10.win32_1.0.0.202111181127/tools/bin/../lib/gcc/arm-none-eabi/10.3.1/thumb/v7e-m+fp/hard/crtbegin.o
                [!provide]                        PROVIDE (__fini_array_end = .)
                0x000000000800e0ac                . = ALIGN (0x4)
                0x000000000800e0ac                _sidata = LOADADDR (.data)

.data           0x0000000020000000       0xc4 load address 0x000000000800e0ac
                0x0000000020000000                . = ALIGN (0x4)
                0x0000000020000000                _sdata = .
 *(.data)
 *(.data*)
 .data._micros  0x0000000020000000        0x8 ./Core/Src/main.o
                0x0000000020000000                _micros
 .data.hx711_channel
                0x0000000020000008        0x4 ./Core/Src/main.o
                0x0000000020000008                hx711_channel
 *fill*         0x000000002000000c        0x4 
 .data.hx_711readtimestamp
                0x0000000020000010       0x10 ./Core/Src/main.o
                0x0000000020000010                hx_711readtimestamp
 .data.hx_711readtimestamp2
                0x0000000020000020       0x10 ./Core/Src/main.o
                0x0000000020000020                hx_711readtimestamp2
 .data.start    0x0000000020000030        0x4 ./Core/Src/main.o
                0x0000000020000030                start
 .data.start2   0x0000000020000034        0x4 ./Core/Src/main.o
                0x0000000020000034                start2
 .data.Kp1      0x0000000020000038        0x4 ./Core/Src/main.o
                0x0000000020000038                Kp1
 .data.Kp2      0x000000002000003c        0x4 ./Core/Src/main.o
                0x000000002000003c                Kp2
 .data.Kp3      0x0000000020000040        0x4 ./Core/Src/main.o
                0x0000000020000040                Kp3
 .data.distancestamp2
                0x0000000020000044        0x4 ./Core/Src/main.o
                0x0000000020000044                distancestamp2
 .data.distancestamp3
                0x0000000020000048        0x4 ./Core/Src/main.o
                0x0000000020000048                distancestamp3
 .data.state    0x000000002000004c        0x4 ./Core/Src/main.o
                0x000000002000004c                state
 .data.chargingcurrent
                0x0000000020000050        0x4 ./Core/Src/main.o
                0x0000000020000050                chargingcurrent
 .data.SystemCoreClock
                0x0000000020000054        0x4 ./Core/Src/system_stm32f4xx.o
                0x0000000020000054                SystemCoreClock
 .data.uwTickPrio
                0x0000000020000058        0x4 ./Drivers/STM32F4xx_HAL_Driver/Src/stm32f4xx_hal.o
                0x0000000020000058                uwTickPrio
 .data.uwTickFreq
                0x000000002000005c        0x1 ./Drivers/STM32F4xx_HAL_Driver/Src/stm32f4xx_hal.o
                0x000000002000005c                uwTickFreq
 *fill*         0x000000002000005d        0x3 
 .data._impure_ptr
                0x0000000020000060        0x4 c:/stm32cubeide_1.6.1/stm32cubeide/plugins/com.st.stm32cube.ide.mcu.externaltools.gnu-tools-for-stm32.10.3-2021.10.win32_1.0.0.202111181127/tools/bin/../lib/gcc/arm-none-eabi/10.3.1/../../../../arm-none-eabi/lib/thumb/v7e-m+fp/hard\libc_nano.a(lib_a-impure.o)
                0x0000000020000060                _impure_ptr
 .data.impure_data
                0x0000000020000064       0x60 c:/stm32cubeide_1.6.1/stm32cubeide/plugins/com.st.stm32cube.ide.mcu.externaltools.gnu-tools-for-stm32.10.3-2021.10.win32_1.0.0.202111181127/tools/bin/../lib/gcc/arm-none-eabi/10.3.1/../../../../arm-none-eabi/lib/thumb/v7e-m+fp/hard\libc_nano.a(lib_a-impure.o)
 *(.RamFunc)
 *(.RamFunc*)
                0x00000000200000c4                . = ALIGN (0x4)
                0x00000000200000c4                _edata = .

.igot.plt       0x00000000200000c4        0x0 load address 0x000000000800e170
 .igot.plt      0x00000000200000c4        0x0 c:/stm32cubeide_1.6.1/stm32cubeide/plugins/com.st.stm32cube.ide.mcu.externaltools.gnu-tools-for-stm32.10.3-2021.10.win32_1.0.0.202111181127/tools/bin/../lib/gcc/arm-none-eabi/10.3.1/thumb/v7e-m+fp/hard/crtbegin.o
                0x00000000200000c4                . = ALIGN (0x4)

.bss            0x00000000200000c8      0x694 load address 0x000000000800e170
                0x00000000200000c8                _sbss = .
                0x00000000200000c8                __bss_start__ = _sbss
 *(.bss)
 .bss           0x00000000200000c8       0x1c c:/stm32cubeide_1.6.1/stm32cubeide/plugins/com.st.stm32cube.ide.mcu.externaltools.gnu-tools-for-stm32.10.3-2021.10.win32_1.0.0.202111181127/tools/bin/../lib/gcc/arm-none-eabi/10.3.1/thumb/v7e-m+fp/hard/crtbegin.o
 *(.bss*)
 .bss._i2caddr  0x00000000200000e4        0x1 ./Core/Inc/VL6180X.o
 *fill*         0x00000000200000e5        0x3 
 .bss.VL6180X_i2c
                0x00000000200000e8        0x4 ./Core/Inc/VL6180X.o
 .bss.hadc1     0x00000000200000ec       0x48 ./Core/Src/main.o
                0x00000000200000ec                hadc1
 .bss.hi2c2     0x0000000020000134       0x54 ./Core/Src/main.o
                0x0000000020000134                hi2c2
 .bss.htim1     0x0000000020000188       0x48 ./Core/Src/main.o
                0x0000000020000188                htim1
 .bss.htim2     0x00000000200001d0       0x48 ./Core/Src/main.o
                0x00000000200001d0                htim2
 .bss.htim3     0x0000000020000218       0x48 ./Core/Src/main.o
                0x0000000020000218                htim3
 .bss.htim4     0x0000000020000260       0x48 ./Core/Src/main.o
                0x0000000020000260                htim4
 .bss.htim5     0x00000000200002a8       0x48 ./Core/Src/main.o
                0x00000000200002a8                htim5
 .bss.huart1    0x00000000200002f0       0x44 ./Core/Src/main.o
                0x00000000200002f0                huart1
 .bss.huart6    0x0000000020000334       0x44 ./Core/Src/main.o
                0x0000000020000334                huart6
 .bss.RX_BUFFER
                0x0000000020000378        0x1 ./Core/Src/main.o
                0x0000000020000378                RX_BUFFER
 *fill*         0x0000000020000379        0x3 
 .bss.string    0x000000002000037c       0x10 ./Core/Src/main.o
                0x000000002000037c                string
 .bss.RX_BUFFER2
                0x000000002000038c        0x8 ./Core/Src/main.o
                0x000000002000038c                RX_BUFFER2
 .bss.TX_BUFFER
                0x0000000020000394        0x1 ./Core/Src/main.o
                0x0000000020000394                TX_BUFFER
 *fill*         0x0000000020000395        0x3 
 .bss.inputchar
                0x0000000020000398        0x4 ./Core/Src/main.o
                0x0000000020000398                inputchar
 *fill*         0x000000002000039c        0x4 
 .bss.lasertime
                0x00000000200003a0        0x8 ./Core/Src/main.o
                0x00000000200003a0                lasertime
 .bss.in1       0x00000000200003a8        0x4 ./Core/Src/main.o
                0x00000000200003a8                in1
 .bss.in2       0x00000000200003ac        0x4 ./Core/Src/main.o
                0x00000000200003ac                in2
 .bss.pwm1      0x00000000200003b0        0x4 ./Core/Src/main.o
                0x00000000200003b0                pwm1
 .bss.in3       0x00000000200003b4        0x4 ./Core/Src/main.o
                0x00000000200003b4                in3
 .bss.in4       0x00000000200003b8        0x4 ./Core/Src/main.o
                0x00000000200003b8                in4
 .bss.pwm2      0x00000000200003bc        0x4 ./Core/Src/main.o
                0x00000000200003bc                pwm2
 .bss.in5       0x00000000200003c0        0x4 ./Core/Src/main.o
                0x00000000200003c0                in5
 .bss.in6       0x00000000200003c4        0x4 ./Core/Src/main.o
                0x00000000200003c4                in6
 .bss.pwm3      0x00000000200003c8        0x4 ./Core/Src/main.o
                0x00000000200003c8                pwm3
 .bss.loadcell  0x00000000200003cc       0x28 ./Core/Src/main.o
                0x00000000200003cc                loadcell
 .bss.loadcell2
                0x00000000200003f4       0x28 ./Core/Src/main.o
                0x00000000200003f4                loadcell2
 .bss.fllaser   0x000000002000041c        0x2 ./Core/Src/main.o
                0x000000002000041c                fllaser
 *fill*         0x000000002000041e        0x2 
 .bss.hx_711timestamp
                0x0000000020000420        0x8 ./Core/Src/main.o
                0x0000000020000420                hx_711timestamp
 .bss.timecheck
                0x0000000020000428        0x8 ./Core/Src/main.o
                0x0000000020000428                timecheck
 .bss.loadcellc1
                0x0000000020000430        0x1 ./Core/Src/main.o
                0x0000000020000430                loadcellc1
 .bss.loadcellc2
                0x0000000020000431        0x1 ./Core/Src/main.o
                0x0000000020000431                loadcellc2
 .bss.loadcellc3
                0x0000000020000432        0x1 ./Core/Src/main.o
                0x0000000020000432                loadcellc3
 .bss.loadcellc4
                0x0000000020000433        0x1 ./Core/Src/main.o
                0x0000000020000433                loadcellc4
 .bss.ledred    0x0000000020000434        0x1 ./Core/Src/main.o
                0x0000000020000434                ledred
 .bss.ledgreen  0x0000000020000435        0x1 ./Core/Src/main.o
                0x0000000020000435                ledgreen
 *fill*         0x0000000020000436        0x2 
 .bss.tareweight1
                0x0000000020000438       0x14 ./Core/Src/main.o
                0x0000000020000438                tareweight1
 .bss.tareweight2
                0x000000002000044c       0x14 ./Core/Src/main.o
                0x000000002000044c                tareweight2
 .bss.tareweight3
                0x0000000020000460       0x14 ./Core/Src/main.o
                0x0000000020000460                tareweight3
 .bss.tareweight4
                0x0000000020000474       0x14 ./Core/Src/main.o
                0x0000000020000474                tareweight4
 .bss.ave1      0x0000000020000488        0x4 ./Core/Src/main.o
                0x0000000020000488                ave1
 .bss.ave2      0x000000002000048c        0x4 ./Core/Src/main.o
                0x000000002000048c                ave2
 .bss.ave3      0x0000000020000490        0x4 ./Core/Src/main.o
                0x0000000020000490                ave3
 .bss.ave4      0x0000000020000494        0x4 ./Core/Src/main.o
                0x0000000020000494                ave4
 .bss.check     0x0000000020000498        0x4 ./Core/Src/main.o
                0x0000000020000498                check
 .bss.tare      0x000000002000049c        0x4 ./Core/Src/main.o
                0x000000002000049c                tare
 .bss.Kd1       0x00000000200004a0        0x4 ./Core/Src/main.o
                0x00000000200004a0                Kd1
 .bss.Ki1       0x00000000200004a4        0x4 ./Core/Src/main.o
                0x00000000200004a4                Ki1
 .bss.sumpid1   0x00000000200004a8        0x4 ./Core/Src/main.o
                0x00000000200004a8                sumpid1
 .bss.errorpid1
                0x00000000200004ac        0x8 ./Core/Src/main.o
                0x00000000200004ac                errorpid1
 .bss.require1  0x00000000200004b4        0x4 ./Core/Src/main.o
                0x00000000200004b4                require1
 .bss.Kd2       0x00000000200004b8        0x4 ./Core/Src/main.o
                0x00000000200004b8                Kd2
 .bss.Ki2       0x00000000200004bc        0x4 ./Core/Src/main.o
                0x00000000200004bc                Ki2
 .bss.sumpid2   0x00000000200004c0        0x4 ./Core/Src/main.o
                0x00000000200004c0                sumpid2
 .bss.errorpid2
                0x00000000200004c4        0x8 ./Core/Src/main.o
                0x00000000200004c4                errorpid2
 .bss.require2  0x00000000200004cc        0x4 ./Core/Src/main.o
                0x00000000200004cc                require2
 .bss.Kd3       0x00000000200004d0        0x4 ./Core/Src/main.o
                0x00000000200004d0                Kd3
 .bss.Ki3       0x00000000200004d4        0x4 ./Core/Src/main.o
                0x00000000200004d4                Ki3
 .bss.sumpid3   0x00000000200004d8        0x4 ./Core/Src/main.o
                0x00000000200004d8                sumpid3
 .bss.errorpid3
                0x00000000200004dc        0x8 ./Core/Src/main.o
                0x00000000200004dc                errorpid3
 .bss.require3  0x00000000200004e4        0x4 ./Core/Src/main.o
                0x00000000200004e4                require3
 .bss.limitswitch1
                0x00000000200004e8        0x4 ./Core/Src/main.o
                0x00000000200004e8                limitswitch1
 .bss.limitswitch2
                0x00000000200004ec        0x4 ./Core/Src/main.o
                0x00000000200004ec                limitswitch2
 .bss.limitswitch3
                0x00000000200004f0        0x4 ./Core/Src/main.o
                0x00000000200004f0                limitswitch3
 .bss.limitswitchc1
                0x00000000200004f4        0x4 ./Core/Src/main.o
                0x00000000200004f4                limitswitchc1
 .bss.limitswitchc2
                0x00000000200004f8        0x4 ./Core/Src/main.o
                0x00000000200004f8                limitswitchc2
 .bss.limitswitchc3
                0x00000000200004fc        0x4 ./Core/Src/main.o
                0x00000000200004fc                limitswitchc3
 .bss.distancemetre1
                0x0000000020000500        0x4 ./Core/Src/main.o
                0x0000000020000500                distancemetre1
 .bss.distancemetre2
                0x0000000020000504        0x4 ./Core/Src/main.o
                0x0000000020000504                distancemetre2
 .bss.distancemetre3
                0x0000000020000508        0x4 ./Core/Src/main.o
                0x0000000020000508                distancemetre3
 .bss.velocitymetre1
                0x000000002000050c        0x4 ./Core/Src/main.o
                0x000000002000050c                velocitymetre1
 .bss.velocitymetre2
                0x0000000020000510        0x4 ./Core/Src/main.o
                0x0000000020000510                velocitymetre2
 .bss.velocitymetre3
                0x0000000020000514        0x4 ./Core/Src/main.o
                0x0000000020000514                velocitymetre3
 .bss.distancepulse1
                0x0000000020000518        0x4 ./Core/Src/main.o
                0x0000000020000518                distancepulse1
 .bss.distancepulse2
                0x000000002000051c        0x4 ./Core/Src/main.o
                0x000000002000051c                distancepulse2
 .bss.distancepulse3
                0x0000000020000520        0x4 ./Core/Src/main.o
                0x0000000020000520                distancepulse3
 .bss.velocitypulse1
                0x0000000020000524        0x4 ./Core/Src/main.o
                0x0000000020000524                velocitypulse1
 .bss.velocitypulse2
                0x0000000020000528        0x4 ./Core/Src/main.o
                0x0000000020000528                velocitypulse2
 .bss.velocitypulse3
                0x000000002000052c        0x4 ./Core/Src/main.o
                0x000000002000052c                velocitypulse3
 .bss.distancestamp1
                0x0000000020000530        0x4 ./Core/Src/main.o
                0x0000000020000530                distancestamp1
 .bss.olddistance1
                0x0000000020000534        0x4 ./Core/Src/main.o
                0x0000000020000534                olddistance1
 .bss.distance1tozero
                0x0000000020000538        0x4 ./Core/Src/main.o
                0x0000000020000538                distance1tozero
 .bss.distance3tozero
                0x000000002000053c        0x4 ./Core/Src/main.o
                0x000000002000053c                distance3tozero
 .bss.error1    0x0000000020000540        0x4 ./Core/Src/main.o
                0x0000000020000540                error1
 .bss.error2    0x0000000020000544        0x4 ./Core/Src/main.o
                0x0000000020000544                error2
 .bss.error3    0x0000000020000548        0x4 ./Core/Src/main.o
                0x0000000020000548                error3
 .bss.EncoderPositionDiff1
                0x000000002000054c        0x4 ./Core/Src/main.o
                0x000000002000054c                EncoderPositionDiff1
 .bss.EncoderTimeDiff1
                0x0000000020000550        0x8 ./Core/Src/main.o
                0x0000000020000550                EncoderTimeDiff1
 .bss.EncoderPositionDiff2
                0x0000000020000558        0x4 ./Core/Src/main.o
                0x0000000020000558                EncoderPositionDiff2
 *fill*         0x000000002000055c        0x4 
 .bss.EncoderTimeDiff2
                0x0000000020000560        0x8 ./Core/Src/main.o
                0x0000000020000560                EncoderTimeDiff2
 .bss.EncoderPositionDiff3
                0x0000000020000568        0x4 ./Core/Src/main.o
                0x0000000020000568                EncoderPositionDiff3
 *fill*         0x000000002000056c        0x4 
 .bss.EncoderTimeDiff3
                0x0000000020000570        0x8 ./Core/Src/main.o
                0x0000000020000570                EncoderTimeDiff3
 .bss.voltage_uV
                0x0000000020000578        0x8 ./Core/Src/main.o
                0x0000000020000578                voltage_uV
 .bss.current_uA
                0x0000000020000580        0x8 ./Core/Src/main.o
                0x0000000020000580                current_uA
 .bss.ina226    0x0000000020000588       0x10 ./Core/Src/main.o
                0x0000000020000588                ina226
 .bss.range1    0x0000000020000598        0x4 ./Core/Src/main.o
                0x0000000020000598                range1
 .bss.range2    0x000000002000059c        0x4 ./Core/Src/main.o
                0x000000002000059c                range2
 .bss.zerostate
                0x00000000200005a0        0x4 ./Core/Src/main.o
                0x00000000200005a0                zerostate
 .bss.oldzerostate
                0x00000000200005a4        0x4 ./Core/Src/main.o
                0x00000000200005a4                oldzerostate
 .bss.activate1
                0x00000000200005a8        0x4 ./Core/Src/main.o
                0x00000000200005a8                activate1
 .bss.activate2
                0x00000000200005ac        0x4 ./Core/Src/main.o
                0x00000000200005ac                activate2
 .bss.activate3
                0x00000000200005b0        0x4 ./Core/Src/main.o
                0x00000000200005b0                activate3
 .bss.ptg1      0x00000000200005b4        0x4 ./Core/Src/main.o
                0x00000000200005b4                ptg1
 .bss.ptg2      0x00000000200005b8        0x4 ./Core/Src/main.o
                0x00000000200005b8                ptg2
 .bss.ptg3      0x00000000200005bc        0x4 ./Core/Src/main.o
                0x00000000200005bc                ptg3
 .bss.Timestamp_Encoder
                0x00000000200005c0        0x8 ./Core/Src/main.o
                0x00000000200005c0                Timestamp_Encoder
 .bss.emergency
                0x00000000200005c8        0x4 ./Core/Src/main.o
                0x00000000200005c8                emergency
 *fill*         0x00000000200005cc        0x4 
 .bss.chance    0x00000000200005d0        0x8 ./Core/Src/main.o
                0x00000000200005d0                chance
 .bss.xr        0x00000000200005d8       0x18 ./Core/Src/main.o
                0x00000000200005d8                xr
 .bss.yr        0x00000000200005f0       0x18 ./Core/Src/main.o
                0x00000000200005f0                yr
 .bss.zr        0x0000000020000608       0x18 ./Core/Src/main.o
                0x0000000020000608                zr
 .bss.pr        0x0000000020000620       0x18 ./Core/Src/main.o
                0x0000000020000620                pr
 .bss.xc        0x0000000020000638       0x10 ./Core/Src/main.o
                0x0000000020000638                xc
 .bss.yc        0x0000000020000648       0x10 ./Core/Src/main.o
                0x0000000020000648                yc
 .bss.zc        0x0000000020000658       0x10 ./Core/Src/main.o
                0x0000000020000658                zc
 .bss.pc        0x0000000020000668       0x10 ./Core/Src/main.o
                0x0000000020000668                pc
 .bss.rc        0x0000000020000678       0x10 ./Core/Src/main.o
                0x0000000020000678                rc
 .bss.initial_time
                0x0000000020000688        0x8 ./Core/Src/main.o
                0x0000000020000688                initial_time
 .bss.weight_time
                0x0000000020000690        0x8 ./Core/Src/main.o
                0x0000000020000690                weight_time
 .bss.bluetooth_time
                0x0000000020000698        0x8 ./Core/Src/main.o
                0x0000000020000698                bluetooth_time
 .bss.bluetooth_timestamp
                0x00000000200006a0        0x8 ./Core/Src/main.o
                0x00000000200006a0                bluetooth_timestamp
 .bss.current_timestamp
                0x00000000200006a8        0x8 ./Core/Src/main.o
                0x00000000200006a8                current_timestamp
 .bss.lcd_timestamp
                0x00000000200006b0        0x8 ./Core/Src/main.o
                0x00000000200006b0                lcd_timestamp
 .bss.button_timestamp
                0x00000000200006b8        0x8 ./Core/Src/main.o
                0x00000000200006b8                button_timestamp
 .bss.joybutton
                0x00000000200006c0       0x10 ./Core/Src/main.o
                0x00000000200006c0                joybutton
 .bss.joyx      0x00000000200006d0        0xc ./Core/Src/main.o
                0x00000000200006d0                joyx
 .bss.joyy      0x00000000200006dc        0xc ./Core/Src/main.o
                0x00000000200006dc                joyy
 .bss.ADCChannel
                0x00000000200006e8       0x28 ./Core/Src/main.o
                0x00000000200006e8                ADCChannel
 .bss.chargemenu
                0x0000000020000710        0x4 ./Core/Src/main.o
                0x0000000020000710                chargemenu
 .bss.once      0x0000000020000714        0x4 ./Core/Src/main.o
                0x0000000020000714                once
 .bss.EncoderLastTimestamp1.5
                0x0000000020000718        0x8 ./Core/Src/main.o
 .bss.EncoderLastPosition1.4
                0x0000000020000720        0x4 ./Core/Src/main.o
 *fill*         0x0000000020000724        0x4 
 .bss.EncoderLastTimestamp2.3
                0x0000000020000728        0x8 ./Core/Src/main.o
 .bss.EncoderLastPosition2.2
                0x0000000020000730        0x4 ./Core/Src/main.o
 *fill*         0x0000000020000734        0x4 
 .bss.EncoderLastTimestamp3.1
                0x0000000020000738        0x8 ./Core/Src/main.o
 .bss.EncoderLastPosition3.0
                0x0000000020000740        0x4 ./Core/Src/main.o
 .bss.__sbrk_heap_end
                0x0000000020000744        0x4 ./Core/Src/sysmem.o
 .bss.uwTick    0x0000000020000748        0x4 ./Drivers/STM32F4xx_HAL_Driver/Src/stm32f4xx_hal.o
                0x0000000020000748                uwTick
 .bss.__malloc_free_list
                0x000000002000074c        0x4 c:/stm32cubeide_1.6.1/stm32cubeide/plugins/com.st.stm32cube.ide.mcu.externaltools.gnu-tools-for-stm32.10.3-2021.10.win32_1.0.0.202111181127/tools/bin/../lib/gcc/arm-none-eabi/10.3.1/../../../../arm-none-eabi/lib/thumb/v7e-m+fp/hard\libc_nano.a(lib_a-nano-mallocr.o)
                0x000000002000074c                __malloc_free_list
 .bss.__malloc_sbrk_start
                0x0000000020000750        0x4 c:/stm32cubeide_1.6.1/stm32cubeide/plugins/com.st.stm32cube.ide.mcu.externaltools.gnu-tools-for-stm32.10.3-2021.10.win32_1.0.0.202111181127/tools/bin/../lib/gcc/arm-none-eabi/10.3.1/../../../../arm-none-eabi/lib/thumb/v7e-m+fp/hard\libc_nano.a(lib_a-nano-mallocr.o)
                0x0000000020000750                __malloc_sbrk_start
 .bss.errno     0x0000000020000754        0x4 c:/stm32cubeide_1.6.1/stm32cubeide/plugins/com.st.stm32cube.ide.mcu.externaltools.gnu-tools-for-stm32.10.3-2021.10.win32_1.0.0.202111181127/tools/bin/../lib/gcc/arm-none-eabi/10.3.1/../../../../arm-none-eabi/lib/thumb/v7e-m+fp/hard\libc_nano.a(lib_a-reent.o)
                0x0000000020000754                errno
 .bss.__lock___malloc_recursive_mutex
                0x0000000020000758        0x1 c:/stm32cubeide_1.6.1/stm32cubeide/plugins/com.st.stm32cube.ide.mcu.externaltools.gnu-tools-for-stm32.10.3-2021.10.win32_1.0.0.202111181127/tools/bin/../lib/gcc/arm-none-eabi/10.3.1/../../../../arm-none-eabi/lib/thumb/v7e-m+fp/hard\libc_nano.a(lib_a-lock.o)
                0x0000000020000758                __lock___malloc_recursive_mutex
 *(COMMON)
                0x000000002000075c                . = ALIGN (0x4)
 *fill*         0x0000000020000759        0x3 
                0x000000002000075c                _ebss = .
                0x000000002000075c                __bss_end__ = _ebss

._user_heap_stack
                0x000000002000075c      0x604 load address 0x000000000800e170
                0x0000000020000760                . = ALIGN (0x8)
 *fill*         0x000000002000075c        0x4 
                [!provide]                        PROVIDE (end = .)
                0x0000000020000760                PROVIDE (_end = .)
                0x0000000020000960                . = (. + _Min_Heap_Size)
 *fill*         0x0000000020000760      0x200 
                0x0000000020000d60                . = (. + _Min_Stack_Size)
 *fill*         0x0000000020000960      0x400 
                0x0000000020000d60                . = ALIGN (0x8)

/DISCARD/
 libc.a(*)
 libm.a(*)
 libgcc.a(*)

.ARM.attributes
                0x0000000000000000       0x30
 *(.ARM.attributes)
 .ARM.attributes
                0x0000000000000000       0x1e c:/stm32cubeide_1.6.1/stm32cubeide/plugins/com.st.stm32cube.ide.mcu.externaltools.gnu-tools-for-stm32.10.3-2021.10.win32_1.0.0.202111181127/tools/bin/../lib/gcc/arm-none-eabi/10.3.1/thumb/v7e-m+fp/hard/crti.o
 .ARM.attributes
                0x000000000000001e       0x34 c:/stm32cubeide_1.6.1/stm32cubeide/plugins/com.st.stm32cube.ide.mcu.externaltools.gnu-tools-for-stm32.10.3-2021.10.win32_1.0.0.202111181127/tools/bin/../lib/gcc/arm-none-eabi/10.3.1/thumb/v7e-m+fp/hard/crtbegin.o
 .ARM.attributes
                0x0000000000000052       0x34 ./Core/Inc/Autofox_INA226.o
 .ARM.attributes
                0x0000000000000086       0x34 ./Core/Inc/VL6180X.o
 .ARM.attributes
                0x00000000000000ba       0x34 ./Core/Inc/lcd.o
 .ARM.attributes
                0x00000000000000ee       0x34 ./Core/Src/main.o
 .ARM.attributes
                0x0000000000000122       0x34 ./Core/Src/stm32f4xx_hal_msp.o
 .ARM.attributes
                0x0000000000000156       0x34 ./Core/Src/stm32f4xx_it.o
 .ARM.attributes
                0x000000000000018a       0x34 ./Core/Src/sysmem.o
 .ARM.attributes
                0x00000000000001be       0x34 ./Core/Src/system_stm32f4xx.o
 .ARM.attributes
                0x00000000000001f2       0x21 ./Core/Startup/startup_stm32f411retx.o
 .ARM.attributes
                0x0000000000000213       0x34 ./Drivers/STM32F4xx_HAL_Driver/Src/stm32f4xx_hal.o
 .ARM.attributes
                0x0000000000000247       0x34 ./Drivers/STM32F4xx_HAL_Driver/Src/stm32f4xx_hal_adc.o
 .ARM.attributes